Component: Arm Compiler for Embedded 6.18 Tool: armlink [5e4cc100]

==============================================================================

Section Cross References

    startup_stm32h743xx.o(RESET) refers to startup_stm32h743xx.o(STACK) for __initial_sp
    startup_stm32h743xx.o(RESET) refers to startup_stm32h743xx.o(.text) for Reset_Handler
    startup_stm32h743xx.o(RESET) refers to lto-llvm-8f4bd7.o(.text.NMI_Handler) for NMI_Handler
    startup_stm32h743xx.o(RESET) refers to lto-llvm-8f4bd7.o(.text.HardFault_Handler) for HardFault_Handler
    startup_stm32h743xx.o(RESET) refers to lto-llvm-8f4bd7.o(.text.MemManage_Handler) for MemManage_Handler
    startup_stm32h743xx.o(RESET) refers to lto-llvm-8f4bd7.o(.text.BusFault_Handler) for BusFault_Handler
    startup_stm32h743xx.o(RESET) refers to lto-llvm-8f4bd7.o(.text.UsageFault_Handler) for UsageFault_Handler
    startup_stm32h743xx.o(RESET) refers to lto-llvm-8f4bd7.o(.text.SVC_Handler) for SVC_Handler
    startup_stm32h743xx.o(RESET) refers to lto-llvm-8f4bd7.o(.text.DebugMon_Handler) for DebugMon_Handler
    startup_stm32h743xx.o(RESET) refers to lto-llvm-8f4bd7.o(.text.PendSV_Handler) for PendSV_Handler
    startup_stm32h743xx.o(RESET) refers to lto-llvm-8f4bd7.o(.text.SysTick_Handler) for SysTick_Handler
    startup_stm32h743xx.o(RESET) refers to lto-llvm-8f4bd7.o(.text.TIM2_IRQHandler) for TIM2_IRQHandler
    startup_stm32h743xx.o(.text) refers to lto-llvm-8f4bd7.o(.text.SystemInit) for SystemInit
    startup_stm32h743xx.o(.text) refers to entry.o(.ARM.Collect$$$$00000000) for __main
    exp.o(i.__hardfp_exp) refers (Special) to iusefp.o(.text) for __I$use$fp
    exp.o(i.__hardfp_exp) refers to dunder.o(i.__mathlib_dbl_infnan) for __mathlib_dbl_infnan
    exp.o(i.__hardfp_exp) refers to errno.o(i.__set_errno) for __set_errno
    exp.o(i.__hardfp_exp) refers to dunder.o(i.__mathlib_dbl_overflow) for __mathlib_dbl_overflow
    exp.o(i.__hardfp_exp) refers to dunder.o(i.__mathlib_dbl_underflow) for __mathlib_dbl_underflow
    exp.o(i.__hardfp_exp) refers to poly.o(i.__kernel_poly) for __kernel_poly
    exp.o(i.__hardfp_exp) refers to fpclassify.o(i.__ARM_fpclassify) for __ARM_fpclassify
    exp.o(i.__hardfp_exp) refers to exp.o(.constdata) for .constdata
    exp.o(i.__softfp_exp) refers (Special) to iusefp.o(.text) for __I$use$fp
    exp.o(i.__softfp_exp) refers to exp.o(i.__hardfp_exp) for __hardfp_exp
    exp.o(i.exp) refers (Special) to iusefp.o(.text) for __I$use$fp
    exp.o(i.exp) refers to exp.o(i.__hardfp_exp) for __hardfp_exp
    exp.o(.constdata) refers (Special) to iusefp.o(.text) for __I$use$fp
    expf.o(i.__hardfp_expf) refers (Special) to iusefp.o(.text) for __I$use$fp
    expf.o(i.__hardfp_expf) refers to errno.o(i.__set_errno) for __set_errno
    expf.o(i.__hardfp_expf) refers to funder.o(i.__mathlib_flt_underflow) for __mathlib_flt_underflow
    expf.o(i.__hardfp_expf) refers to funder.o(i.__mathlib_flt_infnan) for __mathlib_flt_infnan
    expf.o(i.__hardfp_expf) refers to funder.o(i.__mathlib_flt_overflow) for __mathlib_flt_overflow
    expf.o(i.__hardfp_expf) refers to fpclassifyf.o(i.__ARM_fpclassifyf) for __ARM_fpclassifyf
    expf.o(i.__hardfp_expf) refers to expf.o(.constdata) for .constdata
    expf.o(i.__softfp_expf) refers (Special) to iusefp.o(.text) for __I$use$fp
    expf.o(i.__softfp_expf) refers to expf.o(i.__hardfp_expf) for __hardfp_expf
    expf.o(i.expf) refers (Special) to iusefp.o(.text) for __I$use$fp
    expf.o(i.expf) refers to expf.o(i.__hardfp_expf) for __hardfp_expf
    expf.o(.constdata) refers (Special) to iusefp.o(.text) for __I$use$fp
    log.o(i.__hardfp_log) refers (Special) to iusefp.o(.text) for __I$use$fp
    log.o(i.__hardfp_log) refers to dunder.o(i.__mathlib_dbl_infnan) for __mathlib_dbl_infnan
    log.o(i.__hardfp_log) refers to errno.o(i.__set_errno) for __set_errno
    log.o(i.__hardfp_log) refers to dunder.o(i.__mathlib_dbl_invalid) for __mathlib_dbl_invalid
    log.o(i.__hardfp_log) refers to dunder.o(i.__mathlib_dbl_divzero) for __mathlib_dbl_divzero
    log.o(i.__hardfp_log) refers to poly.o(i.__kernel_poly) for __kernel_poly
    log.o(i.__hardfp_log) refers to qnan.o(.constdata) for __mathlib_zero
    log.o(i.__hardfp_log) refers to log.o(.constdata) for .constdata
    log.o(i.__softfp_log) refers (Special) to iusefp.o(.text) for __I$use$fp
    log.o(i.__softfp_log) refers to log.o(i.__hardfp_log) for __hardfp_log
    log.o(i.log) refers (Special) to iusefp.o(.text) for __I$use$fp
    log.o(i.log) refers to log.o(i.__hardfp_log) for __hardfp_log
    log.o(.constdata) refers (Special) to iusefp.o(.text) for __I$use$fp
    logf.o(i.__hardfp_logf) refers (Special) to iusefp.o(.text) for __I$use$fp
    logf.o(i.__hardfp_logf) refers to funder.o(i.__mathlib_flt_infnan) for __mathlib_flt_infnan
    logf.o(i.__hardfp_logf) refers to errno.o(i.__set_errno) for __set_errno
    logf.o(i.__hardfp_logf) refers to funder.o(i.__mathlib_flt_invalid) for __mathlib_flt_invalid
[...]
    Removing lto-llvm-8f4bd7.o(.ARM.exidx.text.MPU6050_Calibrate), (8 bytes).
    Removing lto-llvm-8f4bd7.o(.ARM.exidx.text.MPU6050_AutoInit), (8 bytes).
    Removing lto-llvm-8f4bd7.o(.ARM.exidx.text.main), (8 bytes).
    Removing lto-llvm-8f4bd7.o(.ARM.exidx.text.Error_Handler), (8 bytes).
    Removing lto-llvm-8f4bd7.o(.ARM.exidx.text.NMI_Handler), (8 bytes).
    Removing lto-llvm-8f4bd7.o(.ARM.exidx.text.HardFault_Handler), (8 bytes).
    Removing lto-llvm-8f4bd7.o(.ARM.exidx.text.MemManage_Handler), (8 bytes).
    Removing lto-llvm-8f4bd7.o(.ARM.exidx.text.BusFault_Handler), (8 bytes).
    Removing lto-llvm-8f4bd7.o(.ARM.exidx.text.UsageFault_Handler), (8 bytes).
    Removing lto-llvm-8f4bd7.o(.ARM.exidx.text.SVC_Handler), (8 bytes).
    Removing lto-llvm-8f4bd7.o(.ARM.exidx.text.DebugMon_Handler), (8 bytes).
    Removing lto-llvm-8f4bd7.o(.ARM.exidx.text.PendSV_Handler), (8 bytes).
    Removing lto-llvm-8f4bd7.o(.ARM.exidx.text.SysTick_Handler), (8 bytes).
    Removing lto-llvm-8f4bd7.o(.ARM.exidx.text.TIM2_IRQHandler), (8 bytes).
    Removing lto-llvm-8f4bd7.o(.ARM.exidx.text.HAL_NVIC_SetPriority), (8 bytes).
    Removing lto-llvm-8f4bd7.o(.ARM.exidx.text.HAL_RCC_GetSysClockFreq), (8 bytes).
    Removing lto-llvm-8f4bd7.o(.ARM.exidx.text.HAL_RCC_GetHCLKFreq), (8 bytes).
    Removing lto-llvm-8f4bd7.o(.ARM.exidx.text.HAL_RCC_GetPCLK1Freq), (8 bytes).
    Removing lto-llvm-8f4bd7.o(.ARM.exidx.text.HAL_RCC_GetPCLK2Freq), (8 bytes).
    Removing lto-llvm-8f4bd7.o(.ARM.exidx.text.HAL_RCCEx_PeriphCLKConfig), (8 bytes).
    Removing lto-llvm-8f4bd7.o(.ARM.exidx.text.RCCEx_PLL2_Config), (8 bytes).
    Removing lto-llvm-8f4bd7.o(.ARM.exidx.text.RCCEx_PLL3_Config), (8 bytes).
    Removing lto-llvm-8f4bd7.o(.ARM.exidx.text.HAL_RCCEx_GetPLL2ClockFreq), (8 bytes).
    Removing lto-llvm-8f4bd7.o(.ARM.exidx.text.HAL_RCCEx_GetPLL3ClockFreq), (8 bytes).
    Removing lto-llvm-8f4bd7.o(.ARM.exidx.text.HAL_GPIO_Init), (8 bytes).
    Removing lto-llvm-8f4bd7.o(.ARM.exidx.text.HAL_InitTick), (8 bytes).
    Removing lto-llvm-8f4bd7.o(.ARM.exidx.text.HAL_Delay), (8 bytes).
    Removing lto-llvm-8f4bd7.o(.ARM.exidx.text.I2C_WaitOnFlagUntilTimeout), (8 bytes).
    Removing lto-llvm-8f4bd7.o(.ARM.exidx.text.I2C_TransferConfig), (8 bytes).
    Removing lto-llvm-8f4bd7.o(.ARM.exidx.text.I2C_WaitOnTXISFlagUntilTimeout), (8 bytes).
    Removing lto-llvm-8f4bd7.o(.ARM.exidx.text.I2C_WaitOnSTOPFlagUntilTimeout), (8 bytes).
    Removing lto-llvm-8f4bd7.o(.ARM.exidx.text.I2C_IsErrorOccurred), (8 bytes).
    Removing lto-llvm-8f4bd7.o(.ARM.exidx.text.HAL_I2C_Mem_Read), (8 bytes).
    Removing lto-llvm-8f4bd7.o(.ARM.exidx.text.UART_WaitOnFlagUntilTimeout), (8 bytes).
    Removing lto-llvm-8f4bd7.o(.ARM.exidx.text.HAL_UART_Transmit), (8 bytes).
    Removing lto-llvm-8f4bd7.o(.ARM.exidx.text.UARTEx_SetNbDataToProcess), (8 bytes).
    Removing lto-llvm-8f4bd7.o(.ARM.exidx.text.SystemInit), (8 bytes).
    Removing lto-llvm-8f4bd7.o(.text.fputc), (6 bytes).
    Removing lto-llvm-8f4bd7.o(.ARM.exidx.text.fputc), (8 bytes).
    Removing lto-llvm-8f4bd7.o(.ARM.exidx.text.OUTLINED_FUNCTION_0), (8 bytes).
    Removing lto-llvm-8f4bd7.o(.ARM.exidx.text.OUTLINED_FUNCTION_1), (8 bytes).
    Removing lto-llvm-8f4bd7.o(.ARM.exidx.text.OUTLINED_FUNCTION_2), (8 bytes).
    Removing lto-llvm-8f4bd7.o(.ARM.exidx.text.OUTLINED_FUNCTION_3), (8 bytes).
    Removing lto-llvm-8f4bd7.o(.ARM.exidx.text.OUTLINED_FUNCTION_4), (8 bytes).
    Removing lto-llvm-8f4bd7.o(.ARM.exidx.text.OUTLINED_FUNCTION_5), (8 bytes).
    Removing lto-llvm-8f4bd7.o(.ARM.exidx.text.OUTLINED_FUNCTION_6), (8 bytes).
    Removing lto-llvm-8f4bd7.o(.ARM.exidx.text.OUTLINED_FUNCTION_7), (8 bytes).
    Removing lto-llvm-8f4bd7.o(.ARM.exidx.text.OUTLINED_FUNCTION_8), (8 bytes).
    Removing lto-llvm-8f4bd7.o(.ARM.exidx.text.OUTLINED_FUNCTION_9), (8 bytes).
    Removing lto-llvm-8f4bd7.o(.ARM.exidx.text.OUTLINED_FUNCTION_10), (8 bytes).
    Removing lto-llvm-8f4bd7.o(.ARM.exidx.text.OUTLINED_FUNCTION_11), (8 bytes).
    Removing lto-llvm-8f4bd7.o(.ARM.exidx.text.OUTLINED_FUNCTION_12), (8 bytes).
    Removing lto-llvm-8f4bd7.o(.ARM.exidx.text.OUTLINED_FUNCTION_13), (8 bytes).
    Removing lto-llvm-8f4bd7.o(.ARM.exidx.text.OUTLINED_FUNCTION_14), (8 bytes).
    Removing lto-llvm-8f4bd7.o(.ARM.exidx.text.OUTLINED_FUNCTION_15), (8 bytes).
    Removing lto-llvm-8f4bd7.o(.ARM.exidx.text.OUTLINED_FUNCTION_16), (8 bytes).
    Removing lto-llvm-8f4bd7.o(.ARM.exidx.text.OUTLINED_FUNCTION_17), (8 bytes).
    Removing lto-llvm-8f4bd7.o(.ARM.exidx.text.OUTLINED_FUNCTION_18), (8 bytes).
    Removing lto-llvm-8f4bd7.o(.ARM.exidx.text.OUTLINED_FUNCTION_19), (8 bytes).
    Removing lto-llvm-8f4bd7.o(.ARM.exidx.text.OUTLINED_FUNCTION_20), (8 bytes).
    Removing lto-llvm-8f4bd7.o(.ARM.exidx.text.OUTLINED_FUNCTION_21), (8 bytes).
    Removing lto-llvm-8f4bd7.o(.ARM.exidx.text.OUTLINED_FUNCTION_22), (8 bytes).
    Removing lto-llvm-8f4bd7.o(.ARM.exidx.text.OUTLINED_FUNCTION_23), (8 bytes).
    Removing lto-llvm-8f4bd7.o(.ARM.exidx.text.OUTLINED_FUNCTION_24), (8 bytes).
    Removing lto-llvm-8f4bd7.o(.ARM.exidx.text.OUTLINED_FUNCTION_25), (8 bytes).
    Removing lto-llvm-8f4bd7.o(.ARM.exidx.text.OUTLINED_FUNCTION_26), (8 bytes).
    Removing lto-llvm-8f4bd7.o(.ARM.exidx.text.OUTLINED_FUNCTION_27), (8 bytes).
    Removing lto-llvm-8f4bd7.o(.ARM.exidx.text.OUTLINED_FUNCTION_28), (8 bytes).
    Removing lto-llvm-8f4bd7.o(.ARM.exidx.text.OUTLINED_FUNCTION_29), (8 bytes).
    Removing lto-llvm-8f4bd7.o(.ARM.exidx.text.OUTLINED_FUNCTION_30), (8 bytes).
    Removing lto-llvm-8f4bd7.o(.ARM.exidx.text.OUTLINED_FUNCTION_31), (8 bytes).
    Removing lto-llvm-8f4bd7.o(.ARM.exidx.text.OUTLINED_FUNCTION_32), (8 bytes).
    Removing lto-llvm-8f4bd7.o(.ARM.exidx.text.OUTLINED_FUNCTION_33), (8 bytes).
    Removing lto-llvm-8f4bd7.o(.ARM.use_no_argv), (4 bytes).

80 unused section(s) (total 1126 bytes) removed from the image.

==============================================================================

Image Symbol Table

    Local Symbols

    Symbol Name                              Value     Ov Type        Size  Object(Section)

    ../clib/division.s                       0x00000000   Number         0  aeabi_sdiv.o ABSOLUTE
    ../clib/microlib/division.c              0x00000000   Number         0  uidiv.o ABSOLUTE
    ../clib/microlib/division.c              0x00000000   Number         0  uldiv.o ABSOLUTE
    ../clib/microlib/errno.c                 0x00000000   Number         0  errno.o ABSOLUTE
    ../clib/microlib/init/entry.s            0x00000000   Number         0  entry.o ABSOLUTE
    ../clib/microlib/init/entry.s            0x00000000   Number         0  entry2.o ABSOLUTE
    ../clib/microlib/init/entry.s            0x00000000   Number         0  entry5.o ABSOLUTE
    ../clib/microlib/init/entry.s            0x00000000   Number         0  entry7a.o ABSOLUTE
    ../clib/microlib/init/entry.s            0x00000000   Number         0  entry7b.o ABSOLUTE
    ../clib/microlib/init/entry.s            0x00000000   Number         0  entry8a.o ABSOLUTE
    ../clib/microlib/init/entry.s            0x00000000   Number         0  entry8b.o ABSOLUTE
    ../clib/microlib/init/entry.s            0x00000000   Number         0  entry9a.o ABSOLUTE
    ../clib/microlib/init/entry.s            0x00000000   Number         0  entry9b.o ABSOLUTE
    ../clib/microlib/init/entry.s            0x00000000   Number         0  entry10a.o ABSOLUTE
    ../clib/microlib/init/entry.s            0x00000000   Number         0  entry10b.o ABSOLUTE
    ../clib/microlib/init/entry.s            0x00000000   Number         0  entry11a.o ABSOLUTE
    ../clib/microlib/init/entry.s            0x00000000   Number         0  entry11b.o ABSOLUTE
    ../clib/microlib/longlong.c              0x00000000   Number         0  llshl.o ABSOLUTE
    ../clib/microlib/longlong.c              0x00000000   Number         0  llushr.o ABSOLUTE
    ../clib/microlib/longlong.c              0x00000000   Number         0  llsshr.o ABSOLUTE
    ../clib/microlib/printf/printf.c         0x00000000   Number         0  printfb.o ABSOLUTE
    ../clib/microlib/printf/printf.c         0x00000000   Number         0  printf0.o ABSOLUTE
    ../clib/microlib/printf/printf.c         0x00000000   Number         0  printf1.o ABSOLUTE
    ../clib/microlib/printf/printf.c         0x00000000   Number         0  printf2.o ABSOLUTE
    ../clib/microlib/printf/printf.c         0x00000000   Number         0  printf3.o ABSOLUTE
    ../clib/microlib/printf/printf.c         0x00000000   Number         0  printf4.o ABSOLUTE
    ../clib/microlib/printf/printf.c         0x00000000   Number         0  printf5.o ABSOLUTE
    ../clib/microlib/printf/printf.c         0x00000000   Number         0  printf6.o ABSOLUTE
    ../clib/microlib/printf/printf.c         0x00000000   Number         0  printf7.o ABSOLUTE
    ../clib/microlib/printf/printf.c         0x00000000   Number         0  printf8.o ABSOLUTE
    ../clib/microlib/printf/printf.c         0x00000000   Number         0  printfa.o ABSOLUTE
    ../clib/microlib/printf/stubs.s          0x00000000   Number         0  printfstubs.o ABSOLUTE
    ../clib/microlib/string/memset.c         0x00000000   Number         0  memseta.o ABSOLUTE
    ../clib/microlib/string/strlen.c         0x00000000   Number         0  strlen.o ABSOLUTE
    ../clib/microlib/stubs.s                 0x00000000   Number         0  useno.o ABSOLUTE
    ../clib/microlib/stubs.s                 0x00000000   Number         0  iusefp.o ABSOLUTE
    ../fplib/microlib/fpadd.c                0x00000000   Number         0  dadd.o ABSOLUTE
    ../fplib/microlib/fpdiv.c                0x00000000   Number         0  ddiv.o ABSOLUTE
    ../fplib/microlib/fpepilogue.c           0x00000000   Number         0  depilogue.o ABSOLUTE
    ../fplib/microlib/fpfix.c                0x00000000   Number         0  dfixul.o ABSOLUTE
    ../fplib/microlib/fpmul.c                0x00000000   Number         0  dmul.o ABSOLUTE
    ../fplib/microlib/fpstat.c               0x00000000   Number         0  fpstat.o ABSOLUTE
    ../mathlib/dunder.c                      0x00000000   Number         0  dunder.o ABSOLUTE
    ../mathlib/exp.c                         0x00000000   Number         0  exp.o ABSOLUTE
    ../mathlib/expf.c                        0x00000000   Number         0  expf.o ABSOLUTE
    ../mathlib/fpclassify.c                  0x00000000   Number         0  fpclassify.o ABSOLUTE
    ../mathlib/fpclassifyf.c                 0x00000000   Number         0  fpclassifyf.o ABSOLUTE
    ../mathlib/funder.c                      0x00000000   Number         0  funder.o ABSOLUTE
    ../mathlib/log.c                         0x00000000   Number         0  log.o ABSOLUTE
    ../mathlib/logf.c                        0x00000000   Number         0  logf.o ABSOLUTE
    ../mathlib/poly.c                        0x00000000   Number         0  poly.o ABSOLUTE
    ../mathlib/powf.c                        0x00000000   Number         0  powf.o ABSOLUTE
    ../mathlib/qnan.c                        0x00000000   Number         0  qnan.o ABSOLUTE
    ../mathlib/sqrt.c                        0x00000000   Number         0  sqrt.o ABSOLUTE
    ../mathlib/sqrtf.c                       0x00000000   Number         0  sqrtf.o ABSOLUTE
    ../mathlib/tanhf.c                       0x00000000   Number         0  tanhf.o ABSOLUTE
    cdrcmple.s                               0x00000000   Number         0  cdrcmple.o ABSOLUTE
    dc.s                                     0x00000000   Number         0  dc.o ABSOLUTE
    handlers.s                               0x00000000   Number         0  handlers.o ABSOLUTE
    init.s                                   0x00000000   Number         0  init.o ABSOLUTE
    ld-temp.o                                0x00000000   Number         0  lto-llvm-8f4bd7.o ABSOLUTE
    startup_stm32h743xx.s                    0x00000000   Number         0  startup_stm32h743xx.o ABSOLUTE
    RESET                                    0x08000000   Section      664  startup_stm32h743xx.o(RESET)
    .ARM.Collect$$$$00000000                 0x08000298   Section        0  entry.o(.ARM.Collect$$$$00000000)
    .ARM.Collect$$$$00000001                 0x08000298   Section        4  entry2.o(.ARM.Collect$$$$00000001)
    .ARM.Collect$$$$00000004                 0x0800029c   Section        4  entry5.o(.ARM.Collect$$$$00000004)
    .ARM.Collect$$$$00000008                 0x080002a0   Section        0  entry7b.o(.ARM.Collect$$$$00000008)
    .ARM.Collect$$$$0000000A                 0x080002a0   Section        0  entry8b.o(.ARM.Collect$$$$0000000A)
    .ARM.Collect$$$$0000000B                 0x080002a0   Section        8  entry9a.o(.ARM.Collect$$$$0000000B)
    __lit__00000000                          0x080002a8   Data           4  entry2.o(.ARM.Collect$$$$00002712)
    .ARM.Collect$$$$0000000D                 0x080002a8   Section        0  entry10a.o(.ARM.Collect$$$$0000000D)
    .ARM.Collect$$$$0000000F                 0x080002a8   Section        0  entry11a.o(.ARM.Collect$$$$0000000F)
    .ARM.Collect$$$$00002712                 0x080002a8   Section        4  entry2.o(.ARM.Collect$$$$00002712)
    $v0                                      0x080002ac   Number         0  startup_stm32h743xx.o(.text)
    .text                                    0x080002ac   Section       36  startup_stm32h743xx.o(.text)
    .text                                    0x080002d0   Section        0  strlen.o(.text)
    .text                                    0x080002de   Section        0  uidiv.o(.text)
    .text                                    0x0800030a   Section        0  uldiv.o(.text)
    .text                                    0x0800036c   Section        0  iusefp.o(.text)
    .text                                    0x0800036c   Section        0  dadd.o(.text)
    .text                                    0x080004ba   Section        0  dmul.o(.text)
    .text                                    0x0800059e   Section        0  ddiv.o(.text)
    .text                                    0x0800067c   Section        0  dfixul.o(.text)
    .text                                    0x080006ac   Section       48  cdrcmple.o(.text)
    .text                                    0x080006dc   Section       36  init.o(.text)
    .text                                    0x08000700   Section        0  llshl.o(.text)
    .text                                    0x0800071e   Section        0  llushr.o(.text)
    .text                                    0x0800073e   Section        0  llsshr.o(.text)
    .text                                    0x08000762   Section        0  depilogue.o(.text)
    .text                                    0x0800081c   Section        0  memseta.o(.text)
    [Anonymous Symbol]                       0x08000840   Section        0  lto-llvm-8f4bd7.o(.text.BusFault_Handler)
    [Anonymous Symbol]                       0x08000842   Section        0  lto-llvm-8f4bd7.o(.text.DebugMon_Handler)
    Error_Handler                            0x08000845   Thumb Code     8  lto-llvm-8f4bd7.o(.text.Error_Handler)
    [Anonymous Symbol]                       0x08000844   Section        0  lto-llvm-8f4bd7.o(.text.Error_Handler)
    HAL_Delay                                0x0800084d   Thumb Code    16  lto-llvm-8f4bd7.o(.text.HAL_Delay)
    [Anonymous Symbol]                       0x0800084c   Section        0  lto-llvm-8f4bd7.o(.text.HAL_Delay)
    HAL_GPIO_Init                            0x0800085d   Thumb Code   380  lto-llvm-8f4bd7.o(.text.HAL_GPIO_Init)
    [Anonymous Symbol]                       0x0800085c   Section        0  lto-llvm-8f4bd7.o(.text.HAL_GPIO_Init)
    __arm_cp.27_0                            0x080009d8   Number         4  lto-llvm-8f4bd7.o(.text.HAL_GPIO_Init)
    __arm_cp.27_1                            0x080009dc   Number         4  lto-llvm-8f4bd7.o(.text.HAL_GPIO_Init)
    __arm_cp.27_2                            0x080009e0   Number         4  lto-llvm-8f4bd7.o(.text.HAL_GPIO_Init)
    __arm_cp.27_3                            0x080009e4   Number         4  lto-llvm-8f4bd7.o(.text.HAL_GPIO_Init)
    __arm_cp.27_4                            0x080009e8   Number         4  lto-llvm-8f4bd7.o(.text.HAL_GPIO_Init)
    HAL_I2C_Mem_Read                         0x080009ed   Thumb Code   348  lto-llvm-8f4bd7.o(.text.HAL_I2C_Mem_Read)
    [Anonymous Symbol]                       0x080009ec   Section        0  lto-llvm-8f4bd7.o(.text.HAL_I2C_Mem_Read)
    __arm_cp.35_0                            0x08000b48   Number         4  lto-llvm-8f4bd7.o(.text.HAL_I2C_Mem_Read)
    __arm_cp.35_2                            0x08000b4c   Number         4  lto-llvm-8f4bd7.o(.text.HAL_I2C_Mem_Read)
    __arm_cp.35_3                            0x08000b50   Number         4  lto-llvm-8f4bd7.o(.text.HAL_I2C_Mem_Read)
    __arm_cp.35_4                            0x08000b54   Number         4  lto-llvm-8f4bd7.o(.text.HAL_I2C_Mem_Read)
    __arm_cp.35_5                            0x08000b58   Number         4  lto-llvm-8f4bd7.o(.text.HAL_I2C_Mem_Read)
    HAL_InitTick                             0x08000b5d   Thumb Code    72  lto-llvm-8f4bd7.o(.text.HAL_InitTick)
    [Anonymous Symbol]                       0x08000b5c   Section        0  lto-llvm-8f4bd7.o(.text.HAL_InitTick)
    __arm_cp.28_0                            0x08000ba4   Number         4  lto-llvm-8f4bd7.o(.text.HAL_InitTick)
    __arm_cp.28_1                            0x08000ba8   Number         4  lto-llvm-8f4bd7.o(.text.HAL_InitTick)
    __arm_cp.28_2                            0x08000bac   Number         4  lto-llvm-8f4bd7.o(.text.HAL_InitTick)
    __arm_cp.28_3                            0x08000bb0   Number         4  lto-llvm-8f4bd7.o(.text.HAL_InitTick)
    HAL_NVIC_SetPriority                     0x08000bb5   Thumb Code    68  lto-llvm-8f4bd7.o(.text.HAL_NVIC_SetPriority)
    [Anonymous Symbol]                       0x08000bb4   Section        0  lto-llvm-8f4bd7.o(.text.HAL_NVIC_SetPriority)
    __arm_cp.17_0                            0x08000bf8   Number         4  lto-llvm-8f4bd7.o(.text.HAL_NVIC_SetPriority)
    __arm_cp.17_1                            0x08000bfc   Number         4  lto-llvm-8f4bd7.o(.text.HAL_NVIC_SetPriority)
    HAL_RCCEx_GetPLL2ClockFreq               0x08000c01   Thumb Code   140  lto-llvm-8f4bd7.o(.text.HAL_RCCEx_GetPLL2ClockFreq)
    [Anonymous Symbol]                       0x08000c00   Section        0  lto-llvm-8f4bd7.o(.text.HAL_RCCEx_GetPLL2ClockFreq)
    __arm_cp.25_0                            0x08000c74   Number         4  lto-llvm-8f4bd7.o(.text.HAL_RCCEx_GetPLL2ClockFreq)
    __arm_cp.25_4                            0x08000c84   Number         4  lto-llvm-8f4bd7.o(.text.HAL_RCCEx_GetPLL2ClockFreq)
    HAL_RCCEx_GetPLL3ClockFreq               0x08000c8d   Thumb Code   140  lto-llvm-8f4bd7.o(.text.HAL_RCCEx_GetPLL3ClockFreq)
    [Anonymous Symbol]                       0x08000c8c   Section        0  lto-llvm-8f4bd7.o(.text.HAL_RCCEx_GetPLL3ClockFreq)
    __arm_cp.26_0                            0x08000d00   Number         4  lto-llvm-8f4bd7.o(.text.HAL_RCCEx_GetPLL3ClockFreq)
    __arm_cp.26_4                            0x08000d10   Number         4  lto-llvm-8f4bd7.o(.text.HAL_RCCEx_GetPLL3ClockFreq)
    HAL_RCCEx_PeriphCLKConfig                0x08000d19   Thumb Code  1996  lto-llvm-8f4bd7.o(.text.HAL_RCCEx_PeriphCLKConfig)
    [Anonymous Symbol]                       0x08000d18   Section        0  lto-llvm-8f4bd7.o(.text.HAL_RCCEx_PeriphCLKConfig)
    __arm_cp.22_19                           0x08000fc0   Number         4  lto-llvm-8f4bd7.o(.text.HAL_RCCEx_PeriphCLKConfig)
    __arm_cp.22_20                           0x08001394   Number         4  lto-llvm-8f4bd7.o(.text.HAL_RCCEx_PeriphCLKConfig)
    HAL_RCC_GetHCLKFreq                      0x080014e5   Thumb Code    44  lto-llvm-8f4bd7.o(.text.HAL_RCC_GetHCLKFreq)
    [Anonymous Symbol]                       0x080014e4   Section        0  lto-llvm-8f4bd7.o(.text.HAL_RCC_GetHCLKFreq)
    __arm_cp.19_0                            0x08001510   Number         4  lto-llvm-8f4bd7.o(.text.HAL_RCC_GetHCLKFreq)
    __arm_cp.19_2                            0x08001514   Number         4  lto-llvm-8f4bd7.o(.text.HAL_RCC_GetHCLKFreq)
    HAL_RCC_GetPCLK1Freq                     0x08001519   Thumb Code    20  lto-llvm-8f4bd7.o(.text.HAL_RCC_GetPCLK1Freq)
    [Anonymous Symbol]                       0x08001518   Section        0  lto-llvm-8f4bd7.o(.text.HAL_RCC_GetPCLK1Freq)
    HAL_RCC_GetPCLK2Freq                     0x0800152d   Thumb Code    20  lto-llvm-8f4bd7.o(.text.HAL_RCC_GetPCLK2Freq)
    [Anonymous Symbol]                       0x0800152c   Section        0  lto-llvm-8f4bd7.o(.text.HAL_RCC_GetPCLK2Freq)
    __arm_cp.21_0                            0x08001540   Number         4  lto-llvm-8f4bd7.o(.text.HAL_RCC_GetPCLK2Freq)
    __arm_cp.21_1                            0x08001544   Number         4  lto-llvm-8f4bd7.o(.text.HAL_RCC_GetPCLK2Freq)
    HAL_RCC_GetSysClockFreq                  0x08001549   Thumb Code   244  lto-llvm-8f4bd7.o(.text.HAL_RCC_GetSysClockFreq)
    [Anonymous Symbol]                       0x08001548   Section        0  lto-llvm-8f4bd7.o(.text.HAL_RCC_GetSysClockFreq)
    __arm_cp.18_0                            0x0800161c   Number         4  lto-llvm-8f4bd7.o(.text.HAL_RCC_GetSysClockFreq)
    __arm_cp.18_1                            0x08001620   Number         4  lto-llvm-8f4bd7.o(.text.HAL_RCC_GetSysClockFreq)
    __arm_cp.18_2                            0x08001624   Number         4  lto-llvm-8f4bd7.o(.text.HAL_RCC_GetSysClockFreq)
    __arm_cp.18_6                            0x08001634   Number         4  lto-llvm-8f4bd7.o(.text.HAL_RCC_GetSysClockFreq)
    HAL_UART_Transmit                        0x0800163d   Thumb Code   180  lto-llvm-8f4bd7.o(.text.HAL_UART_Transmit)
    [Anonymous Symbol]                       0x0800163c   Section        0  lto-llvm-8f4bd7.o(.text.HAL_UART_Transmit)
    [Anonymous Symbol]                       0x080016f0   Section        0  lto-llvm-8f4bd7.o(.text.HardFault_Handler)
    I2C_IsErrorOccurred                      0x080016f5   Thumb Code   236  lto-llvm-8f4bd7.o(.text.I2C_IsErrorOccurred)
    [Anonymous Symbol]                       0x080016f4   Section        0  lto-llvm-8f4bd7.o(.text.I2C_IsErrorOccurred)
    __arm_cp.34_2                            0x080017e0   Number         4  lto-llvm-8f4bd7.o(.text.I2C_IsErrorOccurred)
    I2C_TransferConfig                       0x080017e5   Thumb Code    32  lto-llvm-8f4bd7.o(.text.I2C_TransferConfig)
    [Anonymous Symbol]                       0x080017e4   Section        0  lto-llvm-8f4bd7.o(.text.I2C_TransferConfig)
    __arm_cp.31_0                            0x08001804   Number         4  lto-llvm-8f4bd7.o(.text.I2C_TransferConfig)
    __arm_cp.31_2                            0x08001808   Number         4  lto-llvm-8f4bd7.o(.text.I2C_TransferConfig)
    I2C_WaitOnFlagUntilTimeout               0x0800180d   Thumb Code    92  lto-llvm-8f4bd7.o(.text.I2C_WaitOnFlagUntilTimeout)
    [Anonymous Symbol]                       0x0800180c   Section        0  lto-llvm-8f4bd7.o(.text.I2C_WaitOnFlagUntilTimeout)
    I2C_WaitOnSTOPFlagUntilTimeout           0x08001869   Thumb Code    56  lto-llvm-8f4bd7.o(.text.I2C_WaitOnSTOPFlagUntilTimeout)
    [Anonymous Symbol]                       0x08001868   Section        0  lto-llvm-8f4bd7.o(.text.I2C_WaitOnSTOPFlagUntilTimeout)
    I2C_WaitOnTXISFlagUntilTimeout           0x080018a1   Thumb Code    56  lto-llvm-8f4bd7.o(.text.I2C_WaitOnTXISFlagUntilTimeout)
    [Anonymous Symbol]                       0x080018a0   Section        0  lto-llvm-8f4bd7.o(.text.I2C_WaitOnTXISFlagUntilTimeout)
    __arm_cp.32_0                            0x080018d8   Number         4  lto-llvm-8f4bd7.o(.text.I2C_WaitOnTXISFlagUntilTimeout)
    __arm_cp.32_1                            0x080018dc   Number         4  lto-llvm-8f4bd7.o(.text.I2C_WaitOnTXISFlagUntilTimeout)
    MPU6050_AutoInit                         0x080018e1   Thumb Code   228  lto-llvm-8f4bd7.o(.text.MPU6050_AutoInit)
    [Anonymous Symbol]                       0x080018e0   Section        0  lto-llvm-8f4bd7.o(.text.MPU6050_AutoInit)
    __arm_cp.4_0                             0x080019c4   Number         4  lto-llvm-8f4bd7.o(.text.MPU6050_AutoInit)
    __arm_cp.4_1                             0x080019c8   Number         4  lto-llvm-8f4bd7.o(.text.MPU6050_AutoInit)
    __arm_cp.4_4                             0x080019fc   Number         4  lto-llvm-8f4bd7.o(.text.MPU6050_AutoInit)
    __arm_cp.4_5                             0x08001a00   Number         4  lto-llvm-8f4bd7.o(.text.MPU6050_AutoInit)
    __arm_cp.4_9                             0x08001a64   Number         4  lto-llvm-8f4bd7.o(.text.MPU6050_AutoInit)
    MPU6050_Calibrate                        0x08001a69   Thumb Code   444  lto-llvm-8f4bd7.o(.text.MPU6050_Calibrate)
    [Anonymous Symbol]                       0x08001a68   Section        0  lto-llvm-8f4bd7.o(.text.MPU6050_Calibrate)
    __arm_cp.3_2                             0x08001c68   Number         4  lto-llvm-8f4bd7.o(.text.MPU6050_Calibrate)
    __arm_cp.3_4                             0x08001c84   Number         4  lto-llvm-8f4bd7.o(.text.MPU6050_Calibrate)
    __arm_cp.3_5                             0x08001c88   Number         4  lto-llvm-8f4bd7.o(.text.MPU6050_Calibrate)
    __arm_cp.3_7                             0x08001cbc   Number         4  lto-llvm-8f4bd7.o(.text.MPU6050_Calibrate)
    __arm_cp.3_8                             0x08001cc0   Number         4  lto-llvm-8f4bd7.o(.text.MPU6050_Calibrate)
    __arm_cp.3_9                             0x08001cc4   Number         4  lto-llvm-8f4bd7.o(.text.MPU6050_Calibrate)
    __arm_cp.3_10                            0x08001cc8   Number         4  lto-llvm-8f4bd7.o(.text.MPU6050_Calibrate)
    __arm_cp.3_11                            0x08001ccc   Number         4  lto-llvm-8f4bd7.o(.text.MPU6050_Calibrate)
    MPU6050_GetData                          0x08001cd1   Thumb Code    92  lto-llvm-8f4bd7.o(.text.MPU6050_GetData)
    [Anonymous Symbol]                       0x08001cd0   Section        0  lto-llvm-8f4bd7.o(.text.MPU6050_GetData)
    MPU6050_Init                             0x08001d2d   Thumb Code    44  lto-llvm-8f4bd7.o(.text.MPU6050_Init)
    [Anonymous Symbol]                       0x08001d2c   Section        0  lto-llvm-8f4bd7.o(.text.MPU6050_Init)
    __arm_cp.1_0                             0x08001d58   Number         4  lto-llvm-8f4bd7.o(.text.MPU6050_Init)
    __arm_cp.1_1                             0x08001d5c   Number         4  lto-llvm-8f4bd7.o(.text.MPU6050_Init)
    MPU6050_WriteReg                         0x08001d61   Thumb Code   308  lto-llvm-8f4bd7.o(.text.MPU6050_WriteReg)
    [Anonymous Symbol]                       0x08001d60   Section        0  lto-llvm-8f4bd7.o(.text.MPU6050_WriteReg)
    __arm_cp.0_0                             0x08001e94   Number         4  lto-llvm-8f4bd7.o(.text.MPU6050_WriteReg)
    __arm_cp.0_1                             0x08001e98   Number         4  lto-llvm-8f4bd7.o(.text.MPU6050_WriteReg)
    __arm_cp.0_2                             0x08001e9c   Number         4  lto-llvm-8f4bd7.o(.text.MPU6050_WriteReg)
    __arm_cp.0_3                             0x08001ea0   Number         4  lto-llvm-8f4bd7.o(.text.MPU6050_WriteReg)
    __arm_cp.0_4                             0x08001ea4   Number         4  lto-llvm-8f4bd7.o(.text.MPU6050_WriteReg)
    __arm_cp.0_5                             0x08001ea8   Number         4  lto-llvm-8f4bd7.o(.text.MPU6050_WriteReg)
    [Anonymous Symbol]                       0x08001eac   Section        0  lto-llvm-8f4bd7.o(.text.MemManage_Handler)
    [Anonymous Symbol]                       0x08001eae   Section        0  lto-llvm-8f4bd7.o(.text.NMI_Handler)
    OUTLINED_FUNCTION_0                      0x08001eb1   Thumb Code    10  lto-llvm-8f4bd7.o(.text.OUTLINED_FUNCTION_0)
    [Anonymous Symbol]                       0x08001eb0   Section        0  lto-llvm-8f4bd7.o(.text.OUTLINED_FUNCTION_0)
    OUTLINED_FUNCTION_1                      0x08001ebb   Thumb Code    10  lto-llvm-8f4bd7.o(.text.OUTLINED_FUNCTION_1)
    [Anonymous Symbol]                       0x08001eba   Section        0  lto-llvm-8f4bd7.o(.text.OUTLINED_FUNCTION_1)
    OUTLINED_FUNCTION_10                     0x08001ec5   Thumb Code    26  lto-llvm-8f4bd7.o(.text.OUTLINED_FUNCTION_10)
    [Anonymous Symbol]                       0x08001ec4   Section        0  lto-llvm-8f4bd7.o(.text.OUTLINED_FUNCTION_10)
    OUTLINED_FUNCTION_11                     0x08001edf   Thumb Code    26  lto-llvm-8f4bd7.o(.text.OUTLINED_FUNCTION_11)
    [Anonymous Symbol]                       0x08001ede   Section        0  lto-llvm-8f4bd7.o(.text.OUTLINED_FUNCTION_11)
    OUTLINED_FUNCTION_12                     0x08001ef9   Thumb Code     6  lto-llvm-8f4bd7.o(.text.OUTLINED_FUNCTION_12)
    [Anonymous Symbol]                       0x08001ef8   Section        0  lto-llvm-8f4bd7.o(.text.OUTLINED_FUNCTION_12)
    OUTLINED_FUNCTION_13                     0x08001eff   Thumb Code    10  lto-llvm-8f4bd7.o(.text.OUTLINED_FUNCTION_13)
    [Anonymous Symbol]                       0x08001efe   Section        0  lto-llvm-8f4bd7.o(.text.OUTLINED_FUNCTION_13)
    OUTLINED_FUNCTION_14                     0x08001f09   Thumb Code    22  lto-llvm-8f4bd7.o(.text.OUTLINED_FUNCTION_14)
    [Anonymous Symbol]                       0x08001f08   Section        0  lto-llvm-8f4bd7.o(.text.OUTLINED_FUNCTION_14)
    OUTLINED_FUNCTION_15                     0x08001f1f   Thumb Code    10  lto-llvm-8f4bd7.o(.text.OUTLINED_FUNCTION_15)
    [Anonymous Symbol]                       0x08001f1e   Section        0  lto-llvm-8f4bd7.o(.text.OUTLINED_FUNCTION_15)
    OUTLINED_FUNCTION_16                     0x08001f29   Thumb Code    20  lto-llvm-8f4bd7.o(.text.OUTLINED_FUNCTION_16)
    [Anonymous Symbol]                       0x08001f28   Section        0  lto-llvm-8f4bd7.o(.text.OUTLINED_FUNCTION_16)
    OUTLINED_FUNCTION_17                     0x08001f3d   Thumb Code    10  lto-llvm-8f4bd7.o(.text.OUTLINED_FUNCTION_17)
    [Anonymous Symbol]                       0x08001f3c   Section        0  lto-llvm-8f4bd7.o(.text.OUTLINED_FUNCTION_17)
    OUTLINED_FUNCTION_18                     0x08001f47   Thumb Code    16  lto-llvm-8f4bd7.o(.text.OUTLINED_FUNCTION_18)
    [Anonymous Symbol]                       0x08001f46   Section        0  lto-llvm-8f4bd7.o(.text.OUTLINED_FUNCTION_18)
    OUTLINED_FUNCTION_19                     0x08001f57   Thumb Code    20  lto-llvm-8f4bd7.o(.text.OUTLINED_FUNCTION_19)
    [Anonymous Symbol]                       0x08001f56   Section        0  lto-llvm-8f4bd7.o(.text.OUTLINED_FUNCTION_19)
    OUTLINED_FUNCTION_2                      0x08001f6b   Thumb Code    16  lto-llvm-8f4bd7.o(.text.OUTLINED_FUNCTION_2)
    [Anonymous Symbol]                       0x08001f6a   Section        0  lto-llvm-8f4bd7.o(.text.OUTLINED_FUNCTION_2)
    OUTLINED_FUNCTION_20                     0x08001f7b   Thumb Code    20  lto-llvm-8f4bd7.o(.text.OUTLINED_FUNCTION_20)
    [Anonymous Symbol]                       0x08001f7a   Section        0  lto-llvm-8f4bd7.o(.text.OUTLINED_FUNCTION_20)
    OUTLINED_FUNCTION_21                     0x08001f8f   Thumb Code    10  lto-llvm-8f4bd7.o(.text.OUTLINED_FUNCTION_21)
    [Anonymous Symbol]                       0x08001f8e   Section        0  lto-llvm-8f4bd7.o(.text.OUTLINED_FUNCTION_21)
    OUTLINED_FUNCTION_22                     0x08001f99   Thumb Code    10  lto-llvm-8f4bd7.o(.text.OUTLINED_FUNCTION_22)
    [Anonymous Symbol]                       0x08001f98   Section        0  lto-llvm-8f4bd7.o(.text.OUTLINED_FUNCTION_22)
    OUTLINED_FUNCTION_23                     0x08001fa3   Thumb Code    18  lto-llvm-8f4bd7.o(.text.OUTLINED_FUNCTION_23)
    [Anonymous Symbol]                       0x08001fa2   Section        0  lto-llvm-8f4bd7.o(.text.OUTLINED_FUNCTION_23)
    OUTLINED_FUNCTION_24                     0x08001fb5   Thumb Code     8  lto-llvm-8f4bd7.o(.text.OUTLINED_FUNCTION_24)
    [Anonymous Symbol]                       0x08001fb4   Section        0  lto-llvm-8f4bd7.o(.text.OUTLINED_FUNCTION_24)
    OUTLINED_FUNCTION_25                     0x08001fbd   Thumb Code    16  lto-llvm-8f4bd7.o(.text.OUTLINED_FUNCTION_25)
    [Anonymous Symbol]                       0x08001fbc   Section        0  lto-llvm-8f4bd7.o(.text.OUTLINED_FUNCTION_25)
    OUTLINED_FUNCTION_26                     0x08001fcd   Thumb Code    12  lto-llvm-8f4bd7.o(.text.OUTLINED_FUNCTION_26)
    [Anonymous Symbol]                       0x08001fcc   Section        0  lto-llvm-8f4bd7.o(.text.OUTLINED_FUNCTION_26)
    OUTLINED_FUNCTION_27                     0x08001fd9   Thumb Code     8  lto-llvm-8f4bd7.o(.text.OUTLINED_FUNCTION_27)
    [Anonymous Symbol]                       0x08001fd8   Section        0  lto-llvm-8f4bd7.o(.text.OUTLINED_FUNCTION_27)
    OUTLINED_FUNCTION_28                     0x08001fe1   Thumb Code     8  lto-llvm-8f4bd7.o(.text.OUTLINED_FUNCTION_28)
    [Anonymous Symbol]                       0x08001fe0   Section        0  lto-llvm-8f4bd7.o(.text.OUTLINED_FUNCTION_28)
    OUTLINED_FUNCTION_29                     0x08001fe9   Thumb Code    10  lto-llvm-8f4bd7.o(.text.OUTLINED_FUNCTION_29)
    [Anonymous Symbol]                       0x08001fe8   Section        0  lto-llvm-8f4bd7.o(.text.OUTLINED_FUNCTION_29)
    OUTLINED_FUNCTION_3                      0x08001ff3   Thumb Code    46  lto-llvm-8f4bd7.o(.text.OUTLINED_FUNCTION_3)
    [Anonymous Symbol]                       0x08001ff2   Section        0  lto-llvm-8f4bd7.o(.text.OUTLINED_FUNCTION_3)
    OUTLINED_FUNCTION_30                     0x08002021   Thumb Code     6  lto-llvm-8f4bd7.o(.text.OUTLINED_FUNCTION_30)
    [Anonymous Symbol]                       0x08002020   Section        0  lto-llvm-8f4bd7.o(.text.OUTLINED_FUNCTION_30)
    OUTLINED_FUNCTION_31                     0x08002027   Thumb Code    10  lto-llvm-8f4bd7.o(.text.OUTLINED_FUNCTION_31)
    [Anonymous Symbol]                       0x08002026   Section        0  lto-llvm-8f4bd7.o(.text.OUTLINED_FUNCTION_31)
    OUTLINED_FUNCTION_32                     0x08002031   Thumb Code    10  lto-llvm-8f4bd7.o(.text.OUTLINED_FUNCTION_32)
    [Anonymous Symbol]                       0x08002030   Section        0  lto-llvm-8f4bd7.o(.text.OUTLINED_FUNCTION_32)
    OUTLINED_FUNCTION_33                     0x0800203b   Thumb Code    10  lto-llvm-8f4bd7.o(.text.OUTLINED_FUNCTION_33)
    [Anonymous Symbol]                       0x0800203a   Section        0  lto-llvm-8f4bd7.o(.text.OUTLINED_FUNCTION_33)
    OUTLINED_FUNCTION_4                      0x08002045   Thumb Code    10  lto-llvm-8f4bd7.o(.text.OUTLINED_FUNCTION_4)
    [Anonymous Symbol]                       0x08002044   Section        0  lto-llvm-8f4bd7.o(.text.OUTLINED_FUNCTION_4)
    OUTLINED_FUNCTION_5                      0x0800204f   Thumb Code    10  lto-llvm-8f4bd7.o(.text.OUTLINED_FUNCTION_5)
    [Anonymous Symbol]                       0x0800204e   Section        0  lto-llvm-8f4bd7.o(.text.OUTLINED_FUNCTION_5)
    OUTLINED_FUNCTION_6                      0x08002059   Thumb Code    10  lto-llvm-8f4bd7.o(.text.OUTLINED_FUNCTION_6)
    [Anonymous Symbol]                       0x08002058   Section        0  lto-llvm-8f4bd7.o(.text.OUTLINED_FUNCTION_6)
    OUTLINED_FUNCTION_7                      0x08002063   Thumb Code    10  lto-llvm-8f4bd7.o(.text.OUTLINED_FUNCTION_7)
    [Anonymous Symbol]                       0x08002062   Section        0  lto-llvm-8f4bd7.o(.text.OUTLINED_FUNCTION_7)
    OUTLINED_FUNCTION_8                      0x0800206d   Thumb Code    30  lto-llvm-8f4bd7.o(.text.OUTLINED_FUNCTION_8)
    [Anonymous Symbol]                       0x0800206c   Section        0  lto-llvm-8f4bd7.o(.text.OUTLINED_FUNCTION_8)
    OUTLINED_FUNCTION_9                      0x0800208b   Thumb Code    30  lto-llvm-8f4bd7.o(.text.OUTLINED_FUNCTION_9)
    [Anonymous Symbol]                       0x0800208a   Section        0  lto-llvm-8f4bd7.o(.text.OUTLINED_FUNCTION_9)
    [Anonymous Symbol]                       0x080020a8   Section        0  lto-llvm-8f4bd7.o(.text.PendSV_Handler)
    RCCEx_PLL2_Config                        0x080020ad   Thumb Code   212  lto-llvm-8f4bd7.o(.text.RCCEx_PLL2_Config)
    [Anonymous Symbol]                       0x080020ac   Section        0  lto-llvm-8f4bd7.o(.text.RCCEx_PLL2_Config)
    RCCEx_PLL3_Config                        0x08002181   Thumb Code   212  lto-llvm-8f4bd7.o(.text.RCCEx_PLL3_Config)
    [Anonymous Symbol]                       0x08002180   Section        0  lto-llvm-8f4bd7.o(.text.RCCEx_PLL3_Config)
    [Anonymous Symbol]                       0x08002254   Section        0  lto-llvm-8f4bd7.o(.text.SVC_Handler)
    [Anonymous Symbol]                       0x08002258   Section        0  lto-llvm-8f4bd7.o(.text.SysTick_Handler)
    [Anonymous Symbol]                       0x08002264   Section        0  lto-llvm-8f4bd7.o(.text.SystemInit)
    __arm_cp.39_0                            0x080022ec   Number         4  lto-llvm-8f4bd7.o(.text.SystemInit)
    __arm_cp.39_1                            0x080022f0   Number         4  lto-llvm-8f4bd7.o(.text.SystemInit)
    __arm_cp.39_2                            0x080022f4   Number         4  lto-llvm-8f4bd7.o(.text.SystemInit)
    __arm_cp.39_3                            0x080022f8   Number         4  lto-llvm-8f4bd7.o(.text.SystemInit)
    __arm_cp.39_4                            0x080022fc   Number         4  lto-llvm-8f4bd7.o(.text.SystemInit)
    __arm_cp.39_5                            0x08002300   Number         4  lto-llvm-8f4bd7.o(.text.SystemInit)
    __arm_cp.39_6                            0x08002304   Number         4  lto-llvm-8f4bd7.o(.text.SystemInit)
    __arm_cp.39_7                            0x08002308   Number         4  lto-llvm-8f4bd7.o(.text.SystemInit)
    __arm_cp.39_8                            0x0800230c   Number         4  lto-llvm-8f4bd7.o(.text.SystemInit)
    __arm_cp.39_9                            0x08002310   Number         4  lto-llvm-8f4bd7.o(.text.SystemInit)
    [Anonymous Symbol]                       0x08002314   Section        0  lto-llvm-8f4bd7.o(.text.TIM2_IRQHandler)
    __arm_cp.16_0                            0x080023c0   Number         4  lto-llvm-8f4bd7.o(.text.TIM2_IRQHandler)
    UARTEx_SetNbDataToProcess                0x080023c5   Thumb Code    60  lto-llvm-8f4bd7.o(.text.UARTEx_SetNbDataToProcess)
    [Anonymous Symbol]                       0x080023c4   Section        0  lto-llvm-8f4bd7.o(.text.UARTEx_SetNbDataToProcess)
    __arm_cp.38_0                            0x08002400   Number         4  lto-llvm-8f4bd7.o(.text.UARTEx_SetNbDataToProcess)
    __arm_cp.38_1                            0x08002404   Number         4  lto-llvm-8f4bd7.o(.text.UARTEx_SetNbDataToProcess)
    __arm_cp.38_2                            0x08002408   Number         4  lto-llvm-8f4bd7.o(.text.UARTEx_SetNbDataToProcess)
    UART_WaitOnFlagUntilTimeout              0x0800240d   Thumb Code   176  lto-llvm-8f4bd7.o(.text.UART_WaitOnFlagUntilTimeout)
    [Anonymous Symbol]                       0x0800240c   Section        0  lto-llvm-8f4bd7.o(.text.UART_WaitOnFlagUntilTimeout)
    __arm_cp.36_0                            0x080024bc   Number         4  lto-llvm-8f4bd7.o(.text.UART_WaitOnFlagUntilTimeout)
    __arm_cp.36_1                            0x080024c0   Number         4  lto-llvm-8f4bd7.o(.text.UART_WaitOnFlagUntilTimeout)
    [Anonymous Symbol]                       0x080024c4   Section        0  lto-llvm-8f4bd7.o(.text.UsageFault_Handler)
    [Anonymous Symbol]                       0x080024c8   Section        0  lto-llvm-8f4bd7.o(.text.main)
    __arm_cp.5_60                            0x0800278c   Number         4  lto-llvm-8f4bd7.o(.text.main)
    __arm_cp.5_61                            0x08002790   Number         4  lto-llvm-8f4bd7.o(.text.main)
    __arm_cp.5_63                            0x08002798   Number         4  lto-llvm-8f4bd7.o(.text.main)
    __arm_cp.5_64                            0x0800279c   Number         4  lto-llvm-8f4bd7.o(.text.main)
    __arm_cp.5_65                            0x080027a0   Number         4  lto-llvm-8f4bd7.o(.text.main)
    __arm_cp.5_66                            0x080027a4   Number         4  lto-llvm-8f4bd7.o(.text.main)
    __arm_cp.5_70                            0x08002bc4   Number         4  lto-llvm-8f4bd7.o(.text.main)
    __arm_cp.5_71                            0x08002bc8   Number         4  lto-llvm-8f4bd7.o(.text.main)
    __arm_cp.5_72                            0x08002bcc   Number         4  lto-llvm-8f4bd7.o(.text.main)
    __arm_cp.5_73                            0x08002bd0   Number         4  lto-llvm-8f4bd7.o(.text.main)
    __arm_cp.5_74                            0x08002bd4   Number         4  lto-llvm-8f4bd7.o(.text.main)
    __arm_cp.5_75                            0x08002bd8   Number         4  lto-llvm-8f4bd7.o(.text.main)
    __arm_cp.5_76                            0x08002bdc   Number         4  lto-llvm-8f4bd7.o(.text.main)
    __arm_cp.5_77                            0x08002be0   Number         4  lto-llvm-8f4bd7.o(.text.main)
    __arm_cp.5_78                            0x08002be4   Number         4  lto-llvm-8f4bd7.o(.text.main)
    __arm_cp.5_79                            0x08002be8   Number         4  lto-llvm-8f4bd7.o(.text.main)
    __arm_cp.5_81                            0x08002f0c   Number         4  lto-llvm-8f4bd7.o(.text.main)
    __arm_cp.5_83                            0x08002f14   Number         4  lto-llvm-8f4bd7.o(.text.main)
    __arm_cp.5_84                            0x08002f18   Number         4  lto-llvm-8f4bd7.o(.text.main)
    __arm_cp.5_85                            0x08002f1c   Number         4  lto-llvm-8f4bd7.o(.text.main)
    __arm_cp.5_87                            0x08002f24   Number         4  lto-llvm-8f4bd7.o(.text.main)
    __arm_cp.5_88                            0x080030b0   Number         4  lto-llvm-8f4bd7.o(.text.main)
    __arm_cp.5_89                            0x080030b4   Number         4  lto-llvm-8f4bd7.o(.text.main)
    __arm_cp.5_90                            0x080030b8   Number         4  lto-llvm-8f4bd7.o(.text.main)
    __arm_cp.5_91                            0x080030bc   Number         4  lto-llvm-8f4bd7.o(.text.main)
    __arm_cp.5_93                            0x080030c4   Number         4  lto-llvm-8f4bd7.o(.text.main)
    __arm_cp.5_6                             0x080033d0   Number         4  lto-llvm-8f4bd7.o(.text.main)
    __arm_cp.5_10                            0x080033d4   Number         4  lto-llvm-8f4bd7.o(.text.main)
    __arm_cp.5_11                            0x080033d8   Number         4  lto-llvm-8f4bd7.o(.text.main)
    __arm_cp.5_24                            0x080033e4   Number         4  lto-llvm-8f4bd7.o(.text.main)
    __arm_cp.5_25                            0x080033e8   Number         4  lto-llvm-8f4bd7.o(.text.main)
    __arm_cp.5_28                            0x080033ec   Number         4  lto-llvm-8f4bd7.o(.text.main)
    __arm_cp.5_30                            0x080033f0   Number         4  lto-llvm-8f4bd7.o(.text.main)
    __arm_cp.5_34                            0x080033f4   Number         4  lto-llvm-8f4bd7.o(.text.main)
    __arm_cp.5_35                            0x080033f8   Number         4  lto-llvm-8f4bd7.o(.text.main)
    __arm_cp.5_36                            0x080033fc   Number         4  lto-llvm-8f4bd7.o(.text.main)
    __arm_cp.5_37                            0x08003400   Number         4  lto-llvm-8f4bd7.o(.text.main)
    __arm_cp.5_38                            0x08003404   Number         4  lto-llvm-8f4bd7.o(.text.main)
    __arm_cp.5_39                            0x08003408   Number         4  lto-llvm-8f4bd7.o(.text.main)
    __arm_cp.5_40                            0x0800340c   Number         4  lto-llvm-8f4bd7.o(.text.main)
    __arm_cp.5_41                            0x08003410   Number         4  lto-llvm-8f4bd7.o(.text.main)
    __arm_cp.5_42                            0x08003414   Number         4  lto-llvm-8f4bd7.o(.text.main)
    __arm_cp.5_43                            0x08003418   Number         4  lto-llvm-8f4bd7.o(.text.main)
    __arm_cp.5_47                            0x08003448   Number         4  lto-llvm-8f4bd7.o(.text.main)
    __arm_cp.5_48                            0x0800344c   Number         4  lto-llvm-8f4bd7.o(.text.main)
    __arm_cp.5_49                            0x08003450   Number         4  lto-llvm-8f4bd7.o(.text.main)
    __arm_cp.5_50                            0x08003454   Number         4  lto-llvm-8f4bd7.o(.text.main)
    __arm_cp.5_51                            0x08003458   Number         4  lto-llvm-8f4bd7.o(.text.main)
    __arm_cp.5_57                            0x080034b0   Number         4  lto-llvm-8f4bd7.o(.text.main)
    i.__0sprintf                             0x080034b4   Section        0  printfa.o(i.__0sprintf)
    i.__hardfp_sqrt                          0x080034dc   Section        0  sqrt.o(i.__hardfp_sqrt)
    i.__scatterload_copy                     0x08003542   Section       14  handlers.o(i.__scatterload_copy)
    i.__scatterload_null                     0x08003550   Section        2  handlers.o(i.__scatterload_null)
    i.__scatterload_zeroinit                 0x08003552   Section       14  handlers.o(i.__scatterload_zeroinit)
    i.__set_errno                            0x08003560   Section        0  errno.o(i.__set_errno)
    _fp_digits                               0x0800356d   Thumb Code   366  printfa.o(i._fp_digits)
    i._fp_digits                             0x0800356c   Section        0  printfa.o(i._fp_digits)
    _printf_core                             0x080036f1   Thumb Code  1744  printfa.o(i._printf_core)
    i._printf_core                           0x080036f0   Section        0  printfa.o(i._printf_core)
    _printf_post_padding                     0x08003dcd   Thumb Code    36  printfa.o(i._printf_post_padding)
    i._printf_post_padding                   0x08003dcc   Section        0  printfa.o(i._printf_post_padding)
    _printf_pre_padding                      0x08003df1   Thumb Code    46  printfa.o(i._printf_pre_padding)
    i._printf_pre_padding                    0x08003df0   Section        0  printfa.o(i._printf_pre_padding)
    _sputc                                   0x08003e1f   Thumb Code    10  printfa.o(i._sputc)
    i._sputc                                 0x08003e1e   Section        0  printfa.o(i._sputc)
    UARTPrescTable                           0x08003e28   Data          24  lto-llvm-8f4bd7.o(.rodata)
    [Anonymous Symbol]                       0x08003e28   Section        0  lto-llvm-8f4bd7.o(.rodata)
    D1CorePrescTable                         0x08003e4c   Data          16  lto-llvm-8f4bd7.o(.rodata.cst16)
    [Anonymous Symbol]                       0x08003e4c   Section        0  lto-llvm-8f4bd7.o(.rodata.cst16)
    UARTEx_SetNbDataToProcess.numerator      0x08003e5c   Data           8  lto-llvm-8f4bd7.o(.rodata.cst8)
    [Anonymous Symbol]                       0x08003e5c   Section        0  lto-llvm-8f4bd7.o(.rodata.cst8)
    UARTEx_SetNbDataToProcess.denominator    0x08003e64   Data           8  lto-llvm-8f4bd7.o(.rodata.cst8)
    [Anonymous Symbol]                       0x08003e6c   Section        0  lto-llvm-8f4bd7.o(.rodata.str1.1)
    _errno                                   0x24000000   Data           4  errno.o(.data)
    .data                                    0x24000000   Section        4  errno.o(.data)
    SystemCoreClock                          0x24000004   Data           4  lto-llvm-8f4bd7.o(.data)
    [Anonymous Symbol]                       0x24000004   Section        0  lto-llvm-8f4bd7.o(.data)
    mpu6050_initialized                      0x24000008   Data           1  lto-llvm-8f4bd7.o(.bss)
    [Anonymous Symbol]                       0x24000008   Section        0  lto-llvm-8f4bd7.o(.bss)
    uart_buf                                 0x24000009   Data         150  lto-llvm-8f4bd7.o(.bss)
    hi2c2                                    0x240000a0   Data          84  lto-llvm-8f4bd7.o(.bss)
    huart1                                   0x240000f4   Data         148  lto-llvm-8f4bd7.o(.bss)
    uwTickPrio                               0x240001dc   Data           1  lto-llvm-8f4bd7.o(.bss)
    uwTick                                   0x240001e0   Data           4  lto-llvm-8f4bd7.o(.bss)
    cal_data                                 0x240001e4   Data          14  lto-llvm-8f4bd7.o(.bss)
    htim2                                    0x240001f4   Data          76  lto-llvm-8f4bd7.o(.bss)
    STACK                                    0x24000240   Section     1024  startup_stm32h743xx.o(STACK)

    Global Symbols

    Symbol Name                              Value     Ov Type        Size  Object(Section)

    BuildAttributes$$THM_ISAv4$E$P$D$K$B$S$7EM$VFPv5_D16$PE$PLD8$A:L22UL41UL21$X:L11$S22US41US21$IEEE1$IW$~IW$USESV6$~STKCKD$USESV7$~SHL$OTIME$ROPI$IEEEX$EBA8$MICROLIB$REQ8$PRES8$EABIv2 0x00000000   Number         0  anon$$obj.o ABSOLUTE
    __use_no_errno                           0x00000000   Number         0  useno.o ABSOLUTE
    __use_no_exception_handling              0x00000000   Number         0  useno.o ABSOLUTE
    __use_no_fp                              0x00000000   Number         0  useno.o ABSOLUTE
    __use_no_heap                            0x00000000   Number         0  useno.o ABSOLUTE
    __use_no_heap_region                     0x00000000   Number         0  useno.o ABSOLUTE
    __use_no_semihosting                     0x00000000   Number         0  useno.o ABSOLUTE
    __use_no_semihosting_swi                 0x00000000   Number         0  useno.o ABSOLUTE
    __use_no_signal_handling                 0x00000000   Number         0  useno.o ABSOLUTE
    _printf_a                                0x00000000   Number         0  printfstubs.o ABSOLUTE
    _printf_c                                0x00000000   Number         0  printfstubs.o ABSOLUTE
    _printf_charcount                        0x00000000   Number         0  printfstubs.o ABSOLUTE
    _printf_d                                0x00000000   Number         0  printfstubs.o ABSOLUTE
    _printf_e                                0x00000000   Number         0  printfstubs.o ABSOLUTE
    _printf_f                                0x00000000   Number         0  printfstubs.o ABSOLUTE
    _printf_flags                            0x00000000   Number         0  printfstubs.o ABSOLUTE
    _printf_fp_dec                           0x00000000   Number         0  printfstubs.o ABSOLUTE
    _printf_fp_hex                           0x00000000   Number         0  printfstubs.o ABSOLUTE
    _printf_g                                0x00000000   Number         0  printfstubs.o ABSOLUTE
    _printf_i                                0x00000000   Number         0  printfstubs.o ABSOLUTE
    _printf_int_dec                          0x00000000   Number         0  printfstubs.o ABSOLUTE
    _printf_l                                0x00000000   Number         0  printfstubs.o ABSOLUTE
    _printf_lc                               0x00000000   Number         0  printfstubs.o ABSOLUTE
    _printf_ll                               0x00000000   Number         0  printfstubs.o ABSOLUTE
    _printf_lld                              0x00000000   Number         0  printfstubs.o ABSOLUTE
    _printf_lli                              0x00000000   Number         0  printfstubs.o ABSOLUTE
    _printf_llo                              0x00000000   Number         0  printfstubs.o ABSOLUTE
    _printf_llu                              0x00000000   Number         0  printfstubs.o ABSOLUTE
    _printf_llx                              0x00000000   Number         0  printfstubs.o ABSOLUTE
    _printf_longlong_dec                     0x00000000   Number         0  printfstubs.o ABSOLUTE
    _printf_longlong_hex                     0x00000000   Number         0  printfstubs.o ABSOLUTE
    _printf_longlong_oct                     0x00000000   Number         0  printfstubs.o ABSOLUTE
    _printf_ls                               0x00000000   Number         0  printfstubs.o ABSOLUTE
    _printf_mbtowc                           0x00000000   Number         0  printfstubs.o ABSOLUTE
    _printf_n                                0x00000000   Number         0  printfstubs.o ABSOLUTE
    _printf_o                                0x00000000   Number         0  printfstubs.o ABSOLUTE
    _printf_p                                0x00000000   Number         0  printfstubs.o ABSOLUTE
    _printf_percent                          0x00000000   Number         0  printfstubs.o ABSOLUTE
    _printf_pre_padding                      0x00000000   Number         0  printfstubs.o ABSOLUTE
    _printf_return_value                     0x00000000   Number         0  printfstubs.o ABSOLUTE
    _printf_s                                0x00000000   Number         0  printfstubs.o ABSOLUTE
    _printf_sizespec                         0x00000000   Number         0  printfstubs.o ABSOLUTE
    _printf_str                              0x00000000   Number         0  printfstubs.o ABSOLUTE
    _printf_truncate_signed                  0x00000000   Number         0  printfstubs.o ABSOLUTE
    _printf_truncate_unsigned                0x00000000   Number         0  printfstubs.o ABSOLUTE
    _printf_u                                0x00000000   Number         0  printfstubs.o ABSOLUTE
    _printf_wc                               0x00000000   Number         0  printfstubs.o ABSOLUTE
    _printf_wctomb                           0x00000000   Number         0  printfstubs.o ABSOLUTE
    _printf_widthprec                        0x00000000   Number         0  printfstubs.o ABSOLUTE
    _printf_x                                0x00000000   Number         0  printfstubs.o ABSOLUTE
    __cpp_initialize__aeabi_                  - Undefined Weak Reference
    __cxa_finalize                            - Undefined Weak Reference
    __decompress                              - Undefined Weak Reference
    _clock_init                               - Undefined Weak Reference
    _microlib_exit                            - Undefined Weak Reference
    __Vectors_Size                           0x00000298   Number         0  startup_stm32h743xx.o ABSOLUTE
    __Vectors                                0x08000000   Data           4  startup_stm32h743xx.o(RESET)
    __Vectors_End                            0x08000298   Data           0  startup_stm32h743xx.o(RESET)
    __main                                   0x08000299   Thumb Code     0  entry.o(.ARM.Collect$$$$00000000)
    _main_stk                                0x08000299   Thumb Code     0  entry2.o(.ARM.Collect$$$$00000001)
    _main_scatterload                        0x0800029d   Thumb Code     0  entry5.o(.ARM.Collect$$$$00000004)
    __main_after_scatterload                 0x080002a1   Thumb Code     0  entry5.o(.ARM.Collect$$$$00000004)
    _main_clock                              0x080002a1   Thumb Code     0  entry7b.o(.ARM.Collect$$$$00000008)
    _main_cpp_init                           0x080002a1   Thumb Code     0  entry8b.o(.ARM.Collect$$$$0000000A)
    _main_init                               0x080002a1   Thumb Code     0  entry9a.o(.ARM.Collect$$$$0000000B)
    __rt_final_cpp                           0x080002a9   Thumb Code     0  entry10a.o(.ARM.Collect$$$$0000000D)
    __rt_final_exit                          0x080002a9   Thumb Code     0  entry11a.o(.ARM.Collect$$$$0000000F)
    Reset_Handler                            0x080002ad   Thumb Code     8  startup_stm32h743xx.o(.text)
    ADC3_IRQHandler                          0x080002c7   Thumb Code     0  startup_stm32h743xx.o(.text)
    ADC_IRQHandler                           0x080002c7   Thumb Code     0  startup_stm32h743xx.o(.text)
    BDMA_Channel0_IRQHandler                 0x080002c7   Thumb Code     0  startup_stm32h743xx.o(.text)
    BDMA_Channel1_IRQHandler                 0x080002c7   Thumb Code     0  startup_stm32h743xx.o(.text)
    BDMA_Channel2_IRQHandler                 0x080002c7   Thumb Code     0  startup_stm32h743xx.o(.text)
    BDMA_Channel3_IRQHandler                 0x080002c7   Thumb Code     0  startup_stm32h743xx.o(.text)
    BDMA_Channel4_IRQHandler                 0x080002c7   Thumb Code     0  startup_stm32h743xx.o(.text)
    BDMA_Channel5_IRQHandler                 0x080002c7   Thumb Code     0  startup_stm32h743xx.o(.text)
    BDMA_Channel6_IRQHandler                 0x080002c7   Thumb Code     0  startup_stm32h743xx.o(.text)
    BDMA_Channel7_IRQHandler                 0x080002c7   Thumb Code     0  startup_stm32h743xx.o(.text)
    CEC_IRQHandler                           0x080002c7   Thumb Code     0  startup_stm32h743xx.o(.text)
    COMP1_IRQHandler                         0x080002c7   Thumb Code     0  startup_stm32h743xx.o(.text)
    CRS_IRQHandler                           0x080002c7   Thumb Code     0  startup_stm32h743xx.o(.text)
    DCMI_IRQHandler                          0x080002c7   Thumb Code     0  startup_stm32h743xx.o(.text)
    DFSDM1_FLT0_IRQHandler                   0x080002c7   Thumb Code     0  startup_stm32h743xx.o(.text)
    DFSDM1_FLT1_IRQHandler                   0x080002c7   Thumb Code     0  startup_stm32h743xx.o(.text)
    DFSDM1_FLT2_IRQHandler                   0x080002c7   Thumb Code     0  startup_stm32h743xx.o(.text)
    DFSDM1_FLT3_IRQHandler                   0x080002c7   Thumb Code     0  startup_stm32h743xx.o(.text)
    DMA1_Stream0_IRQHandler                  0x080002c7   Thumb Code     0  startup_stm32h743xx.o(.text)
    DMA1_Stream1_IRQHandler                  0x080002c7   Thumb Code     0  startup_stm32h743xx.o(.text)
    DMA1_Stream2_IRQHandler                  0x080002c7   Thumb Code     0  startup_stm32h743xx.o(.text)
    DMA1_Stream3_IRQHandler                  0x080002c7   Thumb Code     0  startup_stm32h743xx.o(.text)
    DMA1_Stream4_IRQHandler                  0x080002c7   Thumb Code     0  startup_stm32h743xx.o(.text)
    DMA1_Stream5_IRQHandler                  0x080002c7   Thumb Code     0  startup_stm32h743xx.o(.text)
    DMA1_Stream6_IRQHandler                  0x080002c7   Thumb Code     0  startup_stm32h743xx.o(.text)
    DMA1_Stream7_IRQHandler                  0x080002c7   Thumb Code     0  startup_stm32h743xx.o(.text)
    DMA2D_IRQHandler                         0x080002c7   Thumb Code     0  startup_stm32h743xx.o(.text)
    DMA2_Stream0_IRQHandler                  0x080002c7   Thumb Code     0  startup_stm32h743xx.o(.text)
    DMA2_Stream1_IRQHandler                  0x080002c7   Thumb Code     0  startup_stm32h743xx.o(.text)
    DMA2_Stream2_IRQHandler                  0x080002c7   Thumb Code     0  startup_stm32h743xx.o(.text)
    DMA2_Stream3_IRQHandler                  0x080002c7   Thumb Code     0  startup_stm32h743xx.o(.text)
    DMA2_Stream4_IRQHandler                  0x080002c7   Thumb Code     0  startup_stm32h743xx.o(.text)
    DMA2_Stream5_IRQHandler                  0x080002c7   Thumb Code     0  startup_stm32h743xx.o(.text)
    DMA2_Stream6_IRQHandler                  0x080002c7   Thumb Code     0  startup_stm32h743xx.o(.text)
    DMA2_Stream7_IRQHandler                  0x080002c7   Thumb Code     0  startup_stm32h743xx.o(.text)
    DMAMUX1_OVR_IRQHandler                   0x080002c7   Thumb Code     0  startup_stm32h743xx.o(.text)
    DMAMUX2_OVR_IRQHandler                   0x080002c7   Thumb Code     0  startup_stm32h743xx.o(.text)
    ECC_IRQHandler                           0x080002c7   Thumb Code     0  startup_stm32h743xx.o(.text)
    ETH_IRQHandler                           0x080002c7   Thumb Code     0  startup_stm32h743xx.o(.text)
    ETH_WKUP_IRQHandler                      0x080002c7   Thumb Code     0  startup_stm32h743xx.o(.text)
    EXTI0_IRQHandler                         0x080002c7   Thumb Code     0  startup_stm32h743xx.o(.text)
    EXTI15_10_IRQHandler                     0x080002c7   Thumb Code     0  startup_stm32h743xx.o(.text)
    EXTI1_IRQHandler                         0x080002c7   Thumb Code     0  startup_stm32h743xx.o(.text)
    EXTI2_IRQHandler                         0x080002c7   Thumb Code     0  startup_stm32h743xx.o(.text)
    EXTI3_IRQHandler                         0x080002c7   Thumb Code     0  startup_stm32h743xx.o(.text)
    EXTI4_IRQHandler                         0x080002c7   Thumb Code     0  startup_stm32h743xx.o(.text)
    EXTI9_5_IRQHandler                       0x080002c7   Thumb Code     0  startup_stm32h743xx.o(.text)
    FDCAN1_IT0_IRQHandler                    0x080002c7   Thumb Code     0  startup_stm32h743xx.o(.text)
    FDCAN1_IT1_IRQHandler                    0x080002c7   Thumb Code     0  startup_stm32h743xx.o(.text)
    FDCAN2_IT0_IRQHandler                    0x080002c7   Thumb Code     0  startup_stm32h743xx.o(.text)
    FDCAN2_IT1_IRQHandler                    0x080002c7   Thumb Code     0  startup_stm32h743xx.o(.text)
    FDCAN_CAL_IRQHandler                     0x080002c7   Thumb Code     0  startup_stm32h743xx.o(.text)
    FLASH_IRQHandler                         0x080002c7   Thumb Code     0  startup_stm32h743xx.o(.text)
    FMC_IRQHandler                           0x080002c7   Thumb Code     0  startup_stm32h743xx.o(.text)
    FPU_IRQHandler                           0x080002c7   Thumb Code     0  startup_stm32h743xx.o(.text)
    HRTIM1_FLT_IRQHandler                    0x080002c7   Thumb Code     0  startup_stm32h743xx.o(.text)
    HRTIM1_Master_IRQHandler                 0x080002c7   Thumb Code     0  startup_stm32h743xx.o(.text)
    HRTIM1_TIMA_IRQHandler                   0x080002c7   Thumb Code     0  startup_stm32h743xx.o(.text)
    HRTIM1_TIMB_IRQHandler                   0x080002c7   Thumb Code     0  startup_stm32h743xx.o(.text)
    HRTIM1_TIMC_IRQHandler                   0x080002c7   Thumb Code     0  startup_stm32h743xx.o(.text)
    HRTIM1_TIMD_IRQHandler                   0x080002c7   Thumb Code     0  startup_stm32h743xx.o(.text)
    HRTIM1_TIME_IRQHandler                   0x080002c7   Thumb Code     0  startup_stm32h743xx.o(.text)
    HSEM1_IRQHandler                         0x080002c7   Thumb Code     0  startup_stm32h743xx.o(.text)
    I2C1_ER_IRQHandler                       0x080002c7   Thumb Code     0  startup_stm32h743xx.o(.text)
    I2C1_EV_IRQHandler                       0x080002c7   Thumb Code     0  startup_stm32h743xx.o(.text)
    I2C2_ER_IRQHandler                       0x080002c7   Thumb Code     0  startup_stm32h743xx.o(.text)
    I2C2_EV_IRQHandler                       0x080002c7   Thumb Code     0  startup_stm32h743xx.o(.text)
    I2C3_ER_IRQHandler                       0x080002c7   Thumb Code     0  startup_stm32h743xx.o(.text)
    I2C3_EV_IRQHandler                       0x080002c7   Thumb Code     0  startup_stm32h743xx.o(.text)
    I2C4_ER_IRQHandler                       0x080002c7   Thumb Code     0  startup_stm32h743xx.o(.text)
    I2C4_EV_IRQHandler                       0x080002c7   Thumb Code     0  startup_stm32h743xx.o(.text)
    JPEG_IRQHandler                          0x080002c7   Thumb Code     0  startup_stm32h743xx.o(.text)
    LPTIM1_IRQHandler                        0x080002c7   Thumb Code     0  startup_stm32h743xx.o(.text)
    LPTIM2_IRQHandler                        0x080002c7   Thumb Code     0  startup_stm32h743xx.o(.text)
    LPTIM3_IRQHandler                        0x080002c7   Thumb Code     0  startup_stm32h743xx.o(.text)
    LPTIM4_IRQHandler                        0x080002c7   Thumb Code     0  startup_stm32h743xx.o(.text)
    LPTIM5_IRQHandler                        0x080002c7   Thumb Code     0  startup_stm32h743xx.o(.text)
    LPUART1_IRQHandler                       0x080002c7   Thumb Code     0  startup_stm32h743xx.o(.text)
    LTDC_ER_IRQHandler                       0x080002c7   Thumb Code     0  startup_stm32h743xx.o(.text)
    LTDC_IRQHandler                          0x080002c7   Thumb Code     0  startup_stm32h743xx.o(.text)
    MDIOS_IRQHandler                         0x080002c7   Thumb Code     0  startup_stm32h743xx.o(.text)
    MDIOS_WKUP_IRQHandler                    0x080002c7   Thumb Code     0  startup_stm32h743xx.o(.text)
    MDMA_IRQHandler                          0x080002c7   Thumb Code     0  startup_stm32h743xx.o(.text)
    OTG_FS_EP1_IN_IRQHandler                 0x080002c7   Thumb Code     0  startup_stm32h743xx.o(.text)
    OTG_FS_EP1_OUT_IRQHandler                0x080002c7   Thumb Code     0  startup_stm32h743xx.o(.text)
    OTG_FS_IRQHandler                        0x080002c7   Thumb Code     0  startup_stm32h743xx.o(.text)
    OTG_FS_WKUP_IRQHandler                   0x080002c7   Thumb Code     0  startup_stm32h743xx.o(.text)
    OTG_HS_EP1_IN_IRQHandler                 0x080002c7   Thumb Code     0  startup_stm32h743xx.o(.text)
    OTG_HS_EP1_OUT_IRQHandler                0x080002c7   Thumb Code     0  startup_stm32h743xx.o(.text)
    OTG_HS_IRQHandler                        0x080002c7   Thumb Code     0  startup_stm32h743xx.o(.text)
    OTG_HS_WKUP_IRQHandler                   0x080002c7   Thumb Code     0  startup_stm32h743xx.o(.text)
    PVD_AVD_IRQHandler                       0x080002c7   Thumb Code     0  startup_stm32h743xx.o(.text)
    QUADSPI_IRQHandler                       0x080002c7   Thumb Code     0  startup_stm32h743xx.o(.text)
    RCC_IRQHandler                           0x080002c7   Thumb Code     0  startup_stm32h743xx.o(.text)
    RNG_IRQHandler                           0x080002c7   Thumb Code     0  startup_stm32h743xx.o(.text)
    RTC_Alarm_IRQHandler                     0x080002c7   Thumb Code     0  startup_stm32h743xx.o(.text)
    RTC_WKUP_IRQHandler                      0x080002c7   Thumb Code     0  startup_stm32h743xx.o(.text)
    SAI1_IRQHandler                          0x080002c7   Thumb Code     0  startup_stm32h743xx.o(.text)
    SAI2_IRQHandler                          0x080002c7   Thumb Code     0  startup_stm32h743xx.o(.text)
    SAI3_IRQHandler                          0x080002c7   Thumb Code     0  startup_stm32h743xx.o(.text)
    SAI4_IRQHandler                          0x080002c7   Thumb Code     0  startup_stm32h743xx.o(.text)
    SDMMC1_IRQHandler                        0x080002c7   Thumb Code     0  startup_stm32h743xx.o(.text)
    SDMMC2_IRQHandler                        0x080002c7   Thumb Code     0  startup_stm32h743xx.o(.text)
    SPDIF_RX_IRQHandler                      0x080002c7   Thumb Code     0  startup_stm32h743xx.o(.text)
    SPI1_IRQHandler                          0x080002c7   Thumb Code     0  startup_stm32h743xx.o(.text)
    SPI2_IRQHandler                          0x080002c7   Thumb Code     0  startup_stm32h743xx.o(.text)
    SPI3_IRQHandler                          0x080002c7   Thumb Code     0  startup_stm32h743xx.o(.text)
    SPI4_IRQHandler                          0x080002c7   Thumb Code     0  startup_stm32h743xx.o(.text)
    SPI5_IRQHandler                          0x080002c7   Thumb Code     0  startup_stm32h743xx.o(.text)
    SPI6_IRQHandler                          0x080002c7   Thumb Code     0  startup_stm32h743xx.o(.text)
    SWPMI1_IRQHandler                        0x080002c7   Thumb Code     0  startup_stm32h743xx.o(.text)
    TAMP_STAMP_IRQHandler                    0x080002c7   Thumb Code     0  startup_stm32h743xx.o(.text)
    TIM15_IRQHandler                         0x080002c7   Thumb Code     0  startup_stm32h743xx.o(.text)
    TIM16_IRQHandler                         0x080002c7   Thumb Code     0  startup_stm32h743xx.o(.text)
    TIM17_IRQHandler                         0x080002c7   Thumb Code     0  startup_stm32h743xx.o(.text)
    TIM1_BRK_IRQHandler                      0x080002c7   Thumb Code     0  startup_stm32h743xx.o(.text)
    TIM1_CC_IRQHandler                       0x080002c7   Thumb Code     0  startup_stm32h743xx.o(.text)
    TIM1_TRG_COM_IRQHandler                  0x080002c7   Thumb Code     0  startup_stm32h743xx.o(.text)
    TIM1_UP_IRQHandler                       0x080002c7   Thumb Code     0  startup_stm32h743xx.o(.text)
    TIM3_IRQHandler                          0x080002c7   Thumb Code     0  startup_stm32h743xx.o(.text)
    TIM4_IRQHandler                          0x080002c7   Thumb Code     0  startup_stm32h743xx.o(.text)
    TIM5_IRQHandler                          0x080002c7   Thumb Code     0  startup_stm32h743xx.o(.text)
    TIM6_DAC_IRQHandler                      0x080002c7   Thumb Code     0  startup_stm32h743xx.o(.text)
    TIM7_IRQHandler                          0x080002c7   Thumb Code     0  startup_stm32h743xx.o(.text)
    TIM8_BRK_TIM12_IRQHandler                0x080002c7   Thumb Code     0  startup_stm32h743xx.o(.text)
    TIM8_CC_IRQHandler                       0x080002c7   Thumb Code     0  startup_stm32h743xx.o(.text)
    TIM8_TRG_COM_TIM14_IRQHandler            0x080002c7   Thumb Code     0  startup_stm32h743xx.o(.text)
    TIM8_UP_TIM13_IRQHandler                 0x080002c7   Thumb Code     0  startup_stm32h743xx.o(.text)
    UART4_IRQHandler                         0x080002c7   Thumb Code     0  startup_stm32h743xx.o(.text)
    UART5_IRQHandler                         0x080002c7   Thumb Code     0  startup_stm32h743xx.o(.text)
    UART7_IRQHandler                         0x080002c7   Thumb Code     0  startup_stm32h743xx.o(.text)
    UART8_IRQHandler                         0x080002c7   Thumb Code     0  startup_stm32h743xx.o(.text)
    USART1_IRQHandler                        0x080002c7   Thumb Code     0  startup_stm32h743xx.o(.text)
    USART2_IRQHandler                        0x080002c7   Thumb Code     0  startup_stm32h743xx.o(.text)
    USART3_IRQHandler                        0x080002c7   Thumb Code     0  startup_stm32h743xx.o(.text)
    USART6_IRQHandler                        0x080002c7   Thumb Code     0  startup_stm32h743xx.o(.text)
    WAKEUP_PIN_IRQHandler                    0x080002c7   Thumb Code     0  startup_stm32h743xx.o(.text)
    WWDG_IRQHandler                          0x080002c7   Thumb Code     0  startup_stm32h743xx.o(.text)
    strlen                                   0x080002d1   Thumb Code    14  strlen.o(.text)
    __aeabi_uidiv                            0x080002df   Thumb Code     0  uidiv.o(.text)
    __aeabi_uidivmod                         0x080002df   Thumb Code    44  uidiv.o(.text)
    __aeabi_uldivmod                         0x0800030b   Thumb Code    98  uldiv.o(.text)
    __I$use$fp                               0x0800036d   Thumb Code     0  iusefp.o(.text)
    __aeabi_dadd                             0x0800036d   Thumb Code   322  dadd.o(.text)
    __aeabi_dsub                             0x080004af   Thumb Code     6  dadd.o(.text)
    __aeabi_drsub                            0x080004b5   Thumb Code     6  dadd.o(.text)
    __aeabi_dmul                             0x080004bb   Thumb Code   228  dmul.o(.text)
    __aeabi_ddiv                             0x0800059f   Thumb Code   222  ddiv.o(.text)
    __aeabi_d2ulz                            0x0800067d   Thumb Code    48  dfixul.o(.text)
    __aeabi_cdrcmple                         0x080006ad   Thumb Code    48  cdrcmple.o(.text)
    __scatterload                            0x080006dd   Thumb Code    28  init.o(.text)
    __scatterload_rt2                        0x080006dd   Thumb Code     0  init.o(.text)
    __aeabi_llsl                             0x08000701   Thumb Code    30  llshl.o(.text)
    _ll_shift_l                              0x08000701   Thumb Code     0  llshl.o(.text)
    __aeabi_llsr                             0x0800071f   Thumb Code    32  llushr.o(.text)
    _ll_ushift_r                             0x0800071f   Thumb Code     0  llushr.o(.text)
    __aeabi_lasr                             0x0800073f   Thumb Code    36  llsshr.o(.text)
    _ll_sshift_r                             0x0800073f   Thumb Code     0  llsshr.o(.text)
    _double_round                            0x08000763   Thumb Code    30  depilogue.o(.text)
    _double_epilogue                         0x08000781   Thumb Code   156  depilogue.o(.text)
    __aeabi_memset                           0x0800081d   Thumb Code    14  memseta.o(.text)
    __aeabi_memset4                          0x0800081d   Thumb Code     0  memseta.o(.text)
    __aeabi_memset8                          0x0800081d   Thumb Code     0  memseta.o(.text)
    __aeabi_memclr                           0x0800082b   Thumb Code     4  memseta.o(.text)
    __aeabi_memclr4                          0x0800082b   Thumb Code     0  memseta.o(.text)
    __aeabi_memclr8                          0x0800082b   Thumb Code     0  memseta.o(.text)
    _memset$wrapper                          0x0800082f   Thumb Code    18  memseta.o(.text)
    BusFault_Handler                         0x08000841   Thumb Code     2  lto-llvm-8f4bd7.o(.text.BusFault_Handler)
    DebugMon_Handler                         0x08000843   Thumb Code     2  lto-llvm-8f4bd7.o(.text.DebugMon_Handler)
    HardFault_Handler                        0x080016f1   Thumb Code     2  lto-llvm-8f4bd7.o(.text.HardFault_Handler)
    MemManage_Handler                        0x08001ead   Thumb Code     2  lto-llvm-8f4bd7.o(.text.MemManage_Handler)
    NMI_Handler                              0x08001eaf   Thumb Code     2  lto-llvm-8f4bd7.o(.text.NMI_Handler)
    PendSV_Handler                           0x080020a9   Thumb Code     2  lto-llvm-8f4bd7.o(.text.PendSV_Handler)
    SVC_Handler                              0x08002255   Thumb Code     2  lto-llvm-8f4bd7.o(.text.SVC_Handler)
    SysTick_Handler                          0x08002259   Thumb Code    12  lto-llvm-8f4bd7.o(.text.SysTick_Handler)
    SystemInit                               0x08002265   Thumb Code   136  lto-llvm-8f4bd7.o(.text.SystemInit)
    TIM2_IRQHandler                          0x08002315   Thumb Code   172  lto-llvm-8f4bd7.o(.text.TIM2_IRQHandler)
    UsageFault_Handler                       0x080024c5   Thumb Code     2  lto-llvm-8f4bd7.o(.text.UsageFault_Handler)
    main                                     0x080024c9   Thumb Code  3848  lto-llvm-8f4bd7.o(.text.main)
    __0sprintf                               0x080034b5   Thumb Code    34  printfa.o(i.__0sprintf)
    __1sprintf                               0x080034b5   Thumb Code     0  printfa.o(i.__0sprintf)
    __2sprintf                               0x080034b5   Thumb Code     0  printfa.o(i.__0sprintf)
    __c89sprintf                             0x080034b5   Thumb Code     0  printfa.o(i.__0sprintf)
    sprintf                                  0x080034b5   Thumb Code     0  printfa.o(i.__0sprintf)
    __hardfp_sqrt                            0x080034dd   Thumb Code   102  sqrt.o(i.__hardfp_sqrt)
    __scatterload_copy                       0x08003543   Thumb Code    14  handlers.o(i.__scatterload_copy)
    __scatterload_null                       0x08003551   Thumb Code     2  handlers.o(i.__scatterload_null)
    __scatterload_zeroinit                   0x08003553   Thumb Code    14  handlers.o(i.__scatterload_zeroinit)
    __set_errno                              0x08003561   Thumb Code     6  errno.o(i.__set_errno)
    Region$$Table$$Base                      0x08003fb8   Number         0  anon$$obj.o(Region$$Table)
    Region$$Table$$Limit                     0x08003fd8   Number         0  anon$$obj.o(Region$$Table)
    __stdout                                 0x24000188   Data          84  lto-llvm-8f4bd7.o(.bss)
    __initial_sp                             0x24000640   Data           0  startup_stm32h743xx.o(STACK)



==============================================================================

Memory Map of the image

  Image Entry point : 0x08000299

  Load Region LR_IROM1 (Base: 0x08000000, Size: 0x00003fe0, Max: 0x00200000, ABSOLUTE)

    Execution Region ER_IROM1 (Exec base: 0x08000000, Load base: 0x08000000, Size: 0x00003fd8, Max: 0x00200000, ABSOLUTE)

    Exec Addr    Load Addr    Size         Type   Attr      Idx    E Section Name        Object

    0x08000000   0x08000000   0x00000298   Data   RO            3    RESET               startup_stm32h743xx.o
    0x08000298   0x08000298   0x00000000   Code   RO          123  * .ARM.Collect$$$$00000000  mc_w.l(entry.o)
    0x08000298   0x08000298   0x00000004   Code   RO          424    .ARM.Collect$$$$00000001  mc_w.l(entry2.o)
    0x0800029c   0x0800029c   0x00000004   Code   RO          427    .ARM.Collect$$$$00000004  mc_w.l(entry5.o)
    0x080002a0   0x080002a0   0x00000000   Code   RO          429    .ARM.Collect$$$$00000008  mc_w.l(entry7b.o)
    0x080002a0   0x080002a0   0x00000000   Code   RO          431    .ARM.Collect$$$$0000000A  mc_w.l(entry8b.o)
    0x080002a0   0x080002a0   0x00000008   Code   RO          432    .ARM.Collect$$$$0000000B  mc_w.l(entry9a.o)
    0x080002a8   0x080002a8   0x00000000   Code   RO          434    .ARM.Collect$$$$0000000D  mc_w.l(entry10a.o)
    0x080002a8   0x080002a8   0x00000000   Code   RO          436    .ARM.Collect$$$$0000000F  mc_w.l(entry11a.o)
    0x080002a8   0x080002a8   0x00000004   Code   RO          425    .ARM.Collect$$$$00002712  mc_w.l(entry2.o)
    0x080002ac   0x080002ac   0x00000024   Code   RO            4    .text               startup_stm32h743xx.o
    0x080002d0   0x080002d0   0x0000000e   Code   RO          126    .text               mc_w.l(strlen.o)
    0x080002de   0x080002de   0x0000002c   Code   RO          447    .text               mc_w.l(uidiv.o)
    0x0800030a   0x0800030a   0x00000062   Code   RO          449    .text               mc_w.l(uldiv.o)
    0x0800036c   0x0800036c   0x00000000   Code   RO          458    .text               mc_w.l(iusefp.o)
    0x0800036c   0x0800036c   0x0000014e   Code   RO          459    .text               mf_w.l(dadd.o)
    0x080004ba   0x080004ba   0x000000e4   Code   RO          461    .text               mf_w.l(dmul.o)
    0x0800059e   0x0800059e   0x000000de   Code   RO          463    .text               mf_w.l(ddiv.o)
    0x0800067c   0x0800067c   0x00000030   Code   RO          465    .text               mf_w.l(dfixul.o)
    0x080006ac   0x080006ac   0x00000030   Code   RO          467    .text               mf_w.l(cdrcmple.o)
    0x080006dc   0x080006dc   0x00000024   Code   RO          471    .text               mc_w.l(init.o)
    0x08000700   0x08000700   0x0000001e   Code   RO          473    .text               mc_w.l(llshl.o)
    0x0800071e   0x0800071e   0x00000020   Code   RO          475    .text               mc_w.l(llushr.o)
    0x0800073e   0x0800073e   0x00000024   Code   RO          477    .text               mc_w.l(llsshr.o)
    0x08000762   0x08000762   0x000000ba   Code   RO          479    .text               mf_w.l(depilogue.o)
    0x0800081c   0x0800081c   0x00000024   Code   RO          646    .text               mc_w.l(memseta.o)
    0x08000840   0x08000840   0x00000002   Code   RO          502    .text.BusFault_Handler  lto-llvm-8f4bd7.o
    0x08000842   0x08000842   0x00000002   Code   RO          508    .text.DebugMon_Handler  lto-llvm-8f4bd7.o
    0x08000844   0x08000844   0x00000008   Code   RO          494    .text.Error_Handler  lto-llvm-8f4bd7.o
    0x0800084c   0x0800084c   0x00000010   Code   RO          540    .text.HAL_Delay     lto-llvm-8f4bd7.o
    0x0800085c   0x0800085c   0x00000190   Code   RO          536    .text.HAL_GPIO_Init  lto-llvm-8f4bd7.o
    0x080009ec   0x080009ec   0x00000170   Code   RO          552    .text.HAL_I2C_Mem_Read  lto-llvm-8f4bd7.o
    0x08000b5c   0x08000b5c   0x00000058   Code   RO          538    .text.HAL_InitTick  lto-llvm-8f4bd7.o
    0x08000bb4   0x08000bb4   0x0000004c   Code   RO          516    .text.HAL_NVIC_SetPriority  lto-llvm-8f4bd7.o
    0x08000c00   0x08000c00   0x0000008c   Code   RO          532    .text.HAL_RCCEx_GetPLL2ClockFreq  lto-llvm-8f4bd7.o
    0x08000c8c   0x08000c8c   0x0000008c   Code   RO          534    .text.HAL_RCCEx_GetPLL3ClockFreq  lto-llvm-8f4bd7.o
    0x08000d18   0x08000d18   0x000007cc   Code   RO          526    .text.HAL_RCCEx_PeriphCLKConfig  lto-llvm-8f4bd7.o
    0x080014e4   0x080014e4   0x00000034   Code   RO          520    .text.HAL_RCC_GetHCLKFreq  lto-llvm-8f4bd7.o
    0x08001518   0x08001518   0x00000014   Code   RO          522    .text.HAL_RCC_GetPCLK1Freq  lto-llvm-8f4bd7.o
    0x0800152c   0x0800152c   0x0000001c   Code   RO          524    .text.HAL_RCC_GetPCLK2Freq  lto-llvm-8f4bd7.o
    0x08001548   0x08001548   0x000000f4   Code   RO          518    .text.HAL_RCC_GetSysClockFreq  lto-llvm-8f4bd7.o
    0x0800163c   0x0800163c   0x000000b4   Code   RO          556    .text.HAL_UART_Transmit  lto-llvm-8f4bd7.o
    0x080016f0   0x080016f0   0x00000002   Code   RO          498    .text.HardFault_Handler  lto-llvm-8f4bd7.o
    0x080016f2   0x080016f2   0x00000002   PAD
    0x080016f4   0x080016f4   0x000000f0   Code   RO          550    .text.I2C_IsErrorOccurred  lto-llvm-8f4bd7.o
    0x080017e4   0x080017e4   0x00000028   Code   RO          544    .text.I2C_TransferConfig  lto-llvm-8f4bd7.o
    0x0800180c   0x0800180c   0x0000005c   Code   RO          542    .text.I2C_WaitOnFlagUntilTimeout  lto-llvm-8f4bd7.o
    0x08001868   0x08001868   0x00000038   Code   RO          548    .text.I2C_WaitOnSTOPFlagUntilTimeout  lto-llvm-8f4bd7.o
    0x080018a0   0x080018a0   0x00000040   Code   RO          546    .text.I2C_WaitOnTXISFlagUntilTimeout  lto-llvm-8f4bd7.o
    0x080018e0   0x080018e0   0x00000188   Code   RO          490    .text.MPU6050_AutoInit  lto-llvm-8f4bd7.o
    0x08001a68   0x08001a68   0x00000268   Code   RO          488    .text.MPU6050_Calibrate  lto-llvm-8f4bd7.o
    0x08001cd0   0x08001cd0   0x0000005c   Code   RO          486    .text.MPU6050_GetData  lto-llvm-8f4bd7.o
    0x08001d2c   0x08001d2c   0x00000034   Code   RO          484    .text.MPU6050_Init  lto-llvm-8f4bd7.o
    0x08001d60   0x08001d60   0x0000014c   Code   RO          482    .text.MPU6050_WriteReg  lto-llvm-8f4bd7.o
    0x08001eac   0x08001eac   0x00000002   Code   RO          500    .text.MemManage_Handler  lto-llvm-8f4bd7.o
    0x08001eae   0x08001eae   0x00000002   Code   RO          496    .text.NMI_Handler   lto-llvm-8f4bd7.o
    0x08001eb0   0x08001eb0   0x0000000a   Code   RO          564    .text.OUTLINED_FUNCTION_0  lto-llvm-8f4bd7.o
    0x08001eba   0x08001eba   0x0000000a   Code   RO          566    .text.OUTLINED_FUNCTION_1  lto-llvm-8f4bd7.o
    0x08001ec4   0x08001ec4   0x0000001a   Code   RO          584    .text.OUTLINED_FUNCTION_10  lto-llvm-8f4bd7.o
    0x08001ede   0x08001ede   0x0000001a   Code   RO          586    .text.OUTLINED_FUNCTION_11  lto-llvm-8f4bd7.o
    0x08001ef8   0x08001ef8   0x00000006   Code   RO          588    .text.OUTLINED_FUNCTION_12  lto-llvm-8f4bd7.o
    0x08001efe   0x08001efe   0x0000000a   Code   RO          590    .text.OUTLINED_FUNCTION_13  lto-llvm-8f4bd7.o
    0x08001f08   0x08001f08   0x00000016   Code   RO          592    .text.OUTLINED_FUNCTION_14  lto-llvm-8f4bd7.o
    0x08001f1e   0x08001f1e   0x0000000a   Code   RO          594    .text.OUTLINED_FUNCTION_15  lto-llvm-8f4bd7.o
    0x08001f28   0x08001f28   0x00000014   Code   RO          596    .text.OUTLINED_FUNCTION_16  lto-llvm-8f4bd7.o
    0x08001f3c   0x08001f3c   0x0000000a   Code   RO          598    .text.OUTLINED_FUNCTION_17  lto-llvm-8f4bd7.o
    0x08001f46   0x08001f46   0x00000010   Code   RO          600    .text.OUTLINED_FUNCTION_18  lto-llvm-8f4bd7.o
    0x08001f56   0x08001f56   0x00000014   Code   RO          602    .text.OUTLINED_FUNCTION_19  lto-llvm-8f4bd7.o
    0x08001f6a   0x08001f6a   0x00000010   Code   RO          568    .text.OUTLINED_FUNCTION_2  lto-llvm-8f4bd7.o
    0x08001f7a   0x08001f7a   0x00000014   Code   RO          604    .text.OUTLINED_FUNCTION_20  lto-llvm-8f4bd7.o
    0x08001f8e   0x08001f8e   0x0000000a   Code   RO          606    .text.OUTLINED_FUNCTION_21  lto-llvm-8f4bd7.o
    0x08001f98   0x08001f98   0x0000000a   Code   RO          608    .text.OUTLINED_FUNCTION_22  lto-llvm-8f4bd7.o
    0x08001fa2   0x08001fa2   0x00000012   Code   RO          610    .text.OUTLINED_FUNCTION_23  lto-llvm-8f4bd7.o
    0x08001fb4   0x08001fb4   0x00000008   Code   RO          612    .text.OUTLINED_FUNCTION_24  lto-llvm-8f4bd7.o
    0x08001fbc   0x08001fbc   0x00000010   Code   RO          614    .text.OUTLINED_FUNCTION_25  lto-llvm-8f4bd7.o
    0x08001fcc   0x08001fcc   0x0000000c   Code   RO          616    .text.OUTLINED_FUNCTION_26  lto-llvm-8f4bd7.o
    0x08001fd8   0x08001fd8   0x00000008   Code   RO          618    .text.OUTLINED_FUNCTION_27  lto-llvm-8f4bd7.o
    0x08001fe0   0x08001fe0   0x00000008   Code   RO          620    .text.OUTLINED_FUNCTION_28  lto-llvm-8f4bd7.o
    0x08001fe8   0x08001fe8   0x0000000a   Code   RO          622    .text.OUTLINED_FUNCTION_29  lto-llvm-8f4bd7.o
    0x08001ff2   0x08001ff2   0x0000002e   Code   RO          570    .text.OUTLINED_FUNCTION_3  lto-llvm-8f4bd7.o
    0x08002020   0x08002020   0x00000006   Code   RO          624    .text.OUTLINED_FUNCTION_30  lto-llvm-8f4bd7.o
    0x08002026   0x08002026   0x0000000a   Code   RO          626    .text.OUTLINED_FUNCTION_31  lto-llvm-8f4bd7.o
    0x08002030   0x08002030   0x0000000a   Code   RO          628    .text.OUTLINED_FUNCTION_32  lto-llvm-8f4bd7.o
    0x0800203a   0x0800203a   0x0000000a   Code   RO          630    .text.OUTLINED_FUNCTION_33  lto-llvm-8f4bd7.o
    0x08002044   0x08002044   0x0000000a   Code   RO          572    .text.OUTLINED_FUNCTION_4  lto-llvm-8f4bd7.o
    0x0800204e   0x0800204e   0x0000000a   Code   RO          574    .text.OUTLINED_FUNCTION_5  lto-llvm-8f4bd7.o
    0x08002058   0x08002058   0x0000000a   Code   RO          576    .text.OUTLINED_FUNCTION_6  lto-llvm-8f4bd7.o
    0x08002062   0x08002062   0x0000000a   Code   RO          578    .text.OUTLINED_FUNCTION_7  lto-llvm-8f4bd7.o
    0x0800206c   0x0800206c   0x0000001e   Code   RO          580    .text.OUTLINED_FUNCTION_8  lto-llvm-8f4bd7.o
    0x0800208a   0x0800208a   0x0000001e   Code   RO          582    .text.OUTLINED_FUNCTION_9  lto-llvm-8f4bd7.o
    0x080020a8   0x080020a8   0x00000002   Code   RO          510    .text.PendSV_Handler  lto-llvm-8f4bd7.o
    0x080020aa   0x080020aa   0x00000002   PAD
    0x080020ac   0x080020ac   0x000000d4   Code   RO          528    .text.RCCEx_PLL2_Config  lto-llvm-8f4bd7.o
    0x08002180   0x08002180   0x000000d4   Code   RO          530    .text.RCCEx_PLL3_Config  lto-llvm-8f4bd7.o
    0x08002254   0x08002254   0x00000002   Code   RO          506    .text.SVC_Handler   lto-llvm-8f4bd7.o
    0x08002256   0x08002256   0x00000002   PAD
    0x08002258   0x08002258   0x0000000c   Code   RO          512    .text.SysTick_Handler  lto-llvm-8f4bd7.o
    0x08002264   0x08002264   0x000000b0   Code   RO          560    .text.SystemInit    lto-llvm-8f4bd7.o
    0x08002314   0x08002314   0x000000b0   Code   RO          514    .text.TIM2_IRQHandler  lto-llvm-8f4bd7.o
    0x080023c4   0x080023c4   0x00000048   Code   RO          558    .text.UARTEx_SetNbDataToProcess  lto-llvm-8f4bd7.o
    0x0800240c   0x0800240c   0x000000b8   Code   RO          554    .text.UART_WaitOnFlagUntilTimeout  lto-llvm-8f4bd7.o
    0x080024c4   0x080024c4   0x00000002   Code   RO          504    .text.UsageFault_Handler  lto-llvm-8f4bd7.o
    0x080024c6   0x080024c6   0x00000002   PAD
    0x080024c8   0x080024c8   0x00000fec   Code   RO          492    .text.main          lto-llvm-8f4bd7.o
    0x080034b4   0x080034b4   0x00000028   Code   RO          363    i.__0sprintf        mc_w.l(printfa.o)
    0x080034dc   0x080034dc   0x00000066   Code   RO          105    i.__hardfp_sqrt     m_wv.l(sqrt.o)
    0x08003542   0x08003542   0x0000000e   Code   RO          650    i.__scatterload_copy  mc_w.l(handlers.o)
    0x08003550   0x08003550   0x00000002   Code   RO          651    i.__scatterload_null  mc_w.l(handlers.o)
    0x08003552   0x08003552   0x0000000e   Code   RO          652    i.__scatterload_zeroinit  mc_w.l(handlers.o)
    0x08003560   0x08003560   0x0000000c   Code   RO          453    i.__set_errno       mc_w.l(errno.o)
    0x0800356c   0x0800356c   0x00000184   Code   RO          368    i._fp_digits        mc_w.l(printfa.o)
    0x080036f0   0x080036f0   0x000006dc   Code   RO          369    i._printf_core      mc_w.l(printfa.o)
    0x08003dcc   0x08003dcc   0x00000024   Code   RO          370    i._printf_post_padding  mc_w.l(printfa.o)
    0x08003df0   0x08003df0   0x0000002e   Code   RO          371    i._printf_pre_padding  mc_w.l(printfa.o)
    0x08003e1e   0x08003e1e   0x0000000a   Code   RO          373    i._sputc            mc_w.l(printfa.o)
    0x08003e28   0x08003e28   0x00000024   Data   RO          635    .rodata             lto-llvm-8f4bd7.o
    0x08003e4c   0x08003e4c   0x00000010   Data   RO          638    .rodata.cst16       lto-llvm-8f4bd7.o
    0x08003e5c   0x08003e5c   0x00000010   Data   RO          636    .rodata.cst8        lto-llvm-8f4bd7.o
    0x08003e6c   0x08003e6c   0x00000149   Data   RO          633    .rodata.str1.1      lto-llvm-8f4bd7.o
    0x08003fb5   0x08003fb5   0x00000003   PAD
    0x08003fb8   0x08003fb8   0x00000020   Data   RO          649    Region$$Table       anon$$obj.o


    Execution Region RW_IRAM1 (Exec base: 0x20000000, Load base: 0x08003fd8, Size: 0x00000000, Max: 0x00020000, ABSOLUTE)

    **** No section assigned to this execution region ****


    Execution Region RW_IRAM2 (Exec base: 0x24000000, Load base: 0x08003fd8, Size: 0x00000640, Max: 0x00080000, ABSOLUTE)

    Exec Addr    Load Addr    Size         Type   Attr      Idx    E Section Name        Object

    0x24000000   0x08003fd8   0x00000004   Data   RW          454    .data               mc_w.l(errno.o)
    0x24000004   0x08003fdc   0x00000004   Data   RW          637    .data               lto-llvm-8f4bd7.o
    0x24000008        -       0x00000238   Zero   RW          632    .bss                lto-llvm-8f4bd7.o
    0x24000240        -       0x00000400   Zero   RW            1    STACK               startup_stm32h743xx.o


==============================================================================

Image component sizes


      Code (inc. data)   RO Data    RW Data    ZI Data      Debug   Object Name

     11372       1110        397          4        568     120049   lto-llvm-8f4bd7.o
        36          8        664          0       1024        828   startup_stm32h743xx.o

    ----------------------------------------------------------------------
     11416       1118       1096          4       1592     120877   Object Totals
         0          0         32          0          0          0   (incl. Generated)
         8          0          3          0          0          0   (incl. Padding)

    ----------------------------------------------------------------------

      Code (inc. data)   RO Data    RW Data    ZI Data      Debug   Library Member Name

       102          0          0          0          0        140   sqrt.o
         0          0          0          0          0          0   entry.o
         0          0          0          0          0          0   entry10a.o
         0          0          0          0          0          0   entry11a.o
         8          4          0          0          0          0   entry2.o
         4          0          0          0          0          0   entry5.o
         0          0          0          0          0          0   entry7b.o
         0          0          0          0          0          0   entry8b.o
         8          4          0          0          0          0   entry9a.o
        12          6          0          4          0         68   errno.o
        30          0          0          0          0          0   handlers.o
        36          8          0          0          0         68   init.o
         0          0          0          0          0          0   iusefp.o
        30          0          0          0          0         68   llshl.o
        36          0          0          0          0         68   llsshr.o
        32          0          0          0          0         68   llushr.o
        36          0          0          0          0        108   memseta.o
      2276         86          0          0          0        520   printfa.o
        14          0          0          0          0         68   strlen.o
        44          0          0          0          0         80   uidiv.o
        98          0          0          0          0         92   uldiv.o
        48          0          0          0          0         68   cdrcmple.o
       334          0          0          0          0        148   dadd.o
       222          0          0          0          0        100   ddiv.o
       186          0          0          0          0        176   depilogue.o
        48          0          0          0          0         68   dfixul.o
       228          0          0          0          0         96   dmul.o

    ----------------------------------------------------------------------
      3832        108          0          4          0       2004   Library Totals
         0          0          0          0          0          0   (incl. Padding)

    ----------------------------------------------------------------------

      Code (inc. data)   RO Data    RW Data    ZI Data      Debug   Library Name

       102          0          0          0          0        140   m_wv.l
      2664        108          0          4          0       1208   mc_w.l
      1066          0          0          0          0        656   mf_w.l

    ----------------------------------------------------------------------
      3832        108          0          4          0       2004   Library Totals

    ----------------------------------------------------------------------

==============================================================================


      Code (inc. data)   RO Data    RW Data    ZI Data      Debug   

     15248       1226       1096          8       1592     122201   Grand Totals
     15248       1226       1096          8       1592     122201   ELF Image Totals
     15248       1226       1096          8          0          0   ROM Totals

==============================================================================

    Total RO  Size (Code + RO Data)                16344 (  15.96kB)
    Total RW  Size (RW Data + ZI Data)              1600 (   1.56kB)
    Total ROM Size (Code + RO Data + RW Data)      16352 (  15.97kB)

==============================================================================

