Component: Arm Compiler for Embedded 6.18 Tool: armlink [5e4cc100]

==============================================================================

Section Cross References

    startup_stm32h743xx.o(RESET) refers to startup_stm32h743xx.o(STACK) for __initial_sp
    startup_stm32h743xx.o(RESET) refers to startup_stm32h743xx.o(.text) for Reset_Handler
    startup_stm32h743xx.o(RESET) refers to lto-llvm-b2e482.o(.text.NMI_Handler) for NMI_Handler
    startup_stm32h743xx.o(RESET) refers to lto-llvm-b2e482.o(.text.HardFault_Handler) for HardFault_Handler
    startup_stm32h743xx.o(RESET) refers to lto-llvm-b2e482.o(.text.MemManage_Handler) for MemManage_Handler
    startup_stm32h743xx.o(RESET) refers to lto-llvm-b2e482.o(.text.BusFault_Handler) for BusFault_Handler
    startup_stm32h743xx.o(RESET) refers to lto-llvm-b2e482.o(.text.UsageFault_Handler) for UsageFault_Handler
    startup_stm32h743xx.o(RESET) refers to lto-llvm-b2e482.o(.text.SVC_Handler) for SVC_Handler
    startup_stm32h743xx.o(RESET) refers to lto-llvm-b2e482.o(.text.DebugMon_Handler) for DebugMon_Handler
    startup_stm32h743xx.o(RESET) refers to lto-llvm-b2e482.o(.text.PendSV_Handler) for PendSV_Handler
    startup_stm32h743xx.o(RESET) refers to lto-llvm-b2e482.o(.text.SysTick_Handler) for SysTick_Handler
    startup_stm32h743xx.o(RESET) refers to lto-llvm-b2e482.o(.text.TIM2_IRQHandler) for TIM2_IRQHandler
    startup_stm32h743xx.o(.text) refers to lto-llvm-b2e482.o(.text.SystemInit) for SystemInit
    startup_stm32h743xx.o(.text) refers to entry.o(.ARM.Collect$$$$00000000) for __main
    exp.o(i.__hardfp_exp) refers (Special) to iusefp.o(.text) for __I$use$fp
    exp.o(i.__hardfp_exp) refers to dunder.o(i.__mathlib_dbl_infnan) for __mathlib_dbl_infnan
    exp.o(i.__hardfp_exp) refers to errno.o(i.__set_errno) for __set_errno
    exp.o(i.__hardfp_exp) refers to dunder.o(i.__mathlib_dbl_overflow) for __mathlib_dbl_overflow
    exp.o(i.__hardfp_exp) refers to dunder.o(i.__mathlib_dbl_underflow) for __mathlib_dbl_underflow
    exp.o(i.__hardfp_exp) refers to poly.o(i.__kernel_poly) for __kernel_poly
    exp.o(i.__hardfp_exp) refers to fpclassify.o(i.__ARM_fpclassify) for __ARM_fpclassify
    exp.o(i.__hardfp_exp) refers to exp.o(.constdata) for .constdata
    exp.o(i.__softfp_exp) refers (Special) to iusefp.o(.text) for __I$use$fp
    exp.o(i.__softfp_exp) refers to exp.o(i.__hardfp_exp) for __hardfp_exp
    exp.o(i.exp) refers (Special) to iusefp.o(.text) for __I$use$fp
    exp.o(i.exp) refers to exp.o(i.__hardfp_exp) for __hardfp_exp
    exp.o(.constdata) refers (Special) to iusefp.o(.text) for __I$use$fp
    expf.o(i.__hardfp_expf) refers (Special) to iusefp.o(.text) for __I$use$fp
    expf.o(i.__hardfp_expf) refers to errno.o(i.__set_errno) for __set_errno
    expf.o(i.__hardfp_expf) refers to funder.o(i.__mathlib_flt_underflow) for __mathlib_flt_underflow
    expf.o(i.__hardfp_expf) refers to funder.o(i.__mathlib_flt_infnan) for __mathlib_flt_infnan
    expf.o(i.__hardfp_expf) refers to funder.o(i.__mathlib_flt_overflow) for __mathlib_flt_overflow
    expf.o(i.__hardfp_expf) refers to fpclassifyf.o(i.__ARM_fpclassifyf) for __ARM_fpclassifyf
    expf.o(i.__hardfp_expf) refers to expf.o(.constdata) for .constdata
    expf.o(i.__softfp_expf) refers (Special) to iusefp.o(.text) for __I$use$fp
    expf.o(i.__softfp_expf) refers to expf.o(i.__hardfp_expf) for __hardfp_expf
    expf.o(i.expf) refers (Special) to iusefp.o(.text) for __I$use$fp
    expf.o(i.expf) refers to expf.o(i.__hardfp_expf) for __hardfp_expf
    expf.o(.constdata) refers (Special) to iusefp.o(.text) for __I$use$fp
    log.o(i.__hardfp_log) refers (Special) to iusefp.o(.text) for __I$use$fp
    log.o(i.__hardfp_log) refers to dunder.o(i.__mathlib_dbl_infnan) for __mathlib_dbl_infnan
    log.o(i.__hardfp_log) refers to errno.o(i.__set_errno) for __set_errno
    log.o(i.__hardfp_log) refers to dunder.o(i.__mathlib_dbl_invalid) for __mathlib_dbl_invalid
    log.o(i.__hardfp_log) refers to dunder.o(i.__mathlib_dbl_divzero) for __mathlib_dbl_divzero
    log.o(i.__hardfp_log) refers to poly.o(i.__kernel_poly) for __kernel_poly
    log.o(i.__hardfp_log) refers to qnan.o(.constdata) for __mathlib_zero
    log.o(i.__hardfp_log) refers to log.o(.constdata) for .constdata
    log.o(i.__softfp_log) refers (Special) to iusefp.o(.text) for __I$use$fp
    log.o(i.__softfp_log) refers to log.o(i.__hardfp_log) for __hardfp_log
    log.o(i.log) refers (Special) to iusefp.o(.text) for __I$use$fp
    log.o(i.log) refers to log.o(i.__hardfp_log) for __hardfp_log
    log.o(.constdata) refers (Special) to iusefp.o(.text) for __I$use$fp
    logf.o(i.__hardfp_logf) refers (Special) to iusefp.o(.text) for __I$use$fp
    logf.o(i.__hardfp_logf) refers to funder.o(i.__mathlib_flt_infnan) for __mathlib_flt_infnan
    logf.o(i.__hardfp_logf) refers to errno.o(i.__set_errno) for __set_errno
    logf.o(i.__hardfp_logf) refers to funder.o(i.__mathlib_flt_invalid) for __mathlib_flt_invalid
[...]
    lto-llvm-b2e482.o(.ARM.exidx.text.OUTLINED_FUNCTION_27) refers to lto-llvm-b2e482.o(.text.OUTLINED_FUNCTION_27) for [Anonymous Symbol]
    lto-llvm-b2e482.o(.ARM.exidx.text.OUTLINED_FUNCTION_28) refers to lto-llvm-b2e482.o(.text.OUTLINED_FUNCTION_28) for [Anonymous Symbol]
    lto-llvm-b2e482.o(.ARM.exidx.text.OUTLINED_FUNCTION_29) refers to lto-llvm-b2e482.o(.text.OUTLINED_FUNCTION_29) for [Anonymous Symbol]
    lto-llvm-b2e482.o(.ARM.exidx.text.OUTLINED_FUNCTION_30) refers to lto-llvm-b2e482.o(.text.OUTLINED_FUNCTION_30) for [Anonymous Symbol]
    lto-llvm-b2e482.o(.text.OUTLINED_FUNCTION_31) refers to lto-llvm-b2e482.o(.text.I2C_WaitOnFlagUntilTimeout) for I2C_WaitOnFlagUntilTimeout
    lto-llvm-b2e482.o(.ARM.exidx.text.OUTLINED_FUNCTION_31) refers to lto-llvm-b2e482.o(.text.OUTLINED_FUNCTION_31) for [Anonymous Symbol]
    lto-llvm-b2e482.o(.ARM.exidx.text.OUTLINED_FUNCTION_32) refers to lto-llvm-b2e482.o(.text.OUTLINED_FUNCTION_32) for [Anonymous Symbol]
    lto-llvm-b2e482.o(.ARM.exidx.text.OUTLINED_FUNCTION_33) refers to lto-llvm-b2e482.o(.text.OUTLINED_FUNCTION_33) for [Anonymous Symbol]


==============================================================================

Removing Unused input sections from the image.

    Removing startup_stm32h743xx.o(HEAP), (512 bytes).
    Removing fpstat.o(.text), (4 bytes).
    Removing lto-llvm-b2e482.o(.text), (0 bytes).
    Removing lto-llvm-b2e482.o(.ARM.exidx.text.MPU6050_WriteReg), (8 bytes).
    Removing lto-llvm-b2e482.o(.ARM.exidx.text.MPU6050_GetData), (8 bytes).
    Removing lto-llvm-b2e482.o(.ARM.exidx.text.main), (8 bytes).
    Removing lto-llvm-b2e482.o(.ARM.exidx.text.Error_Handler), (8 bytes).
    Removing lto-llvm-b2e482.o(.ARM.exidx.text.NMI_Handler), (8 bytes).
    Removing lto-llvm-b2e482.o(.ARM.exidx.text.HardFault_Handler), (8 bytes).
    Removing lto-llvm-b2e482.o(.ARM.exidx.text.MemManage_Handler), (8 bytes).
    Removing lto-llvm-b2e482.o(.ARM.exidx.text.BusFault_Handler), (8 bytes).
    Removing lto-llvm-b2e482.o(.ARM.exidx.text.UsageFault_Handler), (8 bytes).
    Removing lto-llvm-b2e482.o(.ARM.exidx.text.SVC_Handler), (8 bytes).
    Removing lto-llvm-b2e482.o(.ARM.exidx.text.DebugMon_Handler), (8 bytes).
    Removing lto-llvm-b2e482.o(.ARM.exidx.text.PendSV_Handler), (8 bytes).
    Removing lto-llvm-b2e482.o(.ARM.exidx.text.SysTick_Handler), (8 bytes).
    Removing lto-llvm-b2e482.o(.ARM.exidx.text.TIM2_IRQHandler), (8 bytes).
    Removing lto-llvm-b2e482.o(.ARM.exidx.text.HAL_NVIC_SetPriority), (8 bytes).
    Removing lto-llvm-b2e482.o(.ARM.exidx.text.HAL_RCC_GetSysClockFreq), (8 bytes).
    Removing lto-llvm-b2e482.o(.ARM.exidx.text.HAL_RCC_GetHCLKFreq), (8 bytes).
    Removing lto-llvm-b2e482.o(.ARM.exidx.text.HAL_RCC_GetPCLK1Freq), (8 bytes).
    Removing lto-llvm-b2e482.o(.ARM.exidx.text.HAL_RCC_GetPCLK2Freq), (8 bytes).
    Removing lto-llvm-b2e482.o(.ARM.exidx.text.HAL_RCCEx_PeriphCLKConfig), (8 bytes).
    Removing lto-llvm-b2e482.o(.ARM.exidx.text.RCCEx_PLL2_Config), (8 bytes).
    Removing lto-llvm-b2e482.o(.ARM.exidx.text.RCCEx_PLL3_Config), (8 bytes).
    Removing lto-llvm-b2e482.o(.ARM.exidx.text.HAL_RCCEx_GetPLL2ClockFreq), (8 bytes).
    Removing lto-llvm-b2e482.o(.ARM.exidx.text.HAL_RCCEx_GetPLL3ClockFreq), (8 bytes).
    Removing lto-llvm-b2e482.o(.ARM.exidx.text.HAL_GPIO_Init), (8 bytes).
    Removing lto-llvm-b2e482.o(.ARM.exidx.text.HAL_InitTick), (8 bytes).
    Removing lto-llvm-b2e482.o(.ARM.exidx.text.HAL_Delay), (8 bytes).
    Removing lto-llvm-b2e482.o(.ARM.exidx.text.I2C_WaitOnFlagUntilTimeout), (8 bytes).
    Removing lto-llvm-b2e482.o(.ARM.exidx.text.I2C_TransferConfig), (8 bytes).
    Removing lto-llvm-b2e482.o(.ARM.exidx.text.I2C_WaitOnTXISFlagUntilTimeout), (8 bytes).
    Removing lto-llvm-b2e482.o(.ARM.exidx.text.I2C_WaitOnSTOPFlagUntilTimeout), (8 bytes).
    Removing lto-llvm-b2e482.o(.ARM.exidx.text.I2C_IsErrorOccurred), (8 bytes).
    Removing lto-llvm-b2e482.o(.ARM.exidx.text.HAL_I2C_Mem_Read), (8 bytes).
    Removing lto-llvm-b2e482.o(.ARM.exidx.text.UART_WaitOnFlagUntilTimeout), (8 bytes).
    Removing lto-llvm-b2e482.o(.ARM.exidx.text.HAL_UART_Transmit), (8 bytes).
    Removing lto-llvm-b2e482.o(.ARM.exidx.text.UARTEx_SetNbDataToProcess), (8 bytes).
    Removing lto-llvm-b2e482.o(.ARM.exidx.text.SystemInit), (8 bytes).
    Removing lto-llvm-b2e482.o(.text.fputc), (6 bytes).
    Removing lto-llvm-b2e482.o(.ARM.exidx.text.fputc), (8 bytes).
    Removing lto-llvm-b2e482.o(.ARM.exidx.text.OUTLINED_FUNCTION_0), (8 bytes).
    Removing lto-llvm-b2e482.o(.ARM.exidx.text.OUTLINED_FUNCTION_1), (8 bytes).
    Removing lto-llvm-b2e482.o(.ARM.exidx.text.OUTLINED_FUNCTION_2), (8 bytes).
    Removing lto-llvm-b2e482.o(.ARM.exidx.text.OUTLINED_FUNCTION_3), (8 bytes).
    Removing lto-llvm-b2e482.o(.ARM.exidx.text.OUTLINED_FUNCTION_4), (8 bytes).
    Removing lto-llvm-b2e482.o(.ARM.exidx.text.OUTLINED_FUNCTION_5), (8 bytes).
    Removing lto-llvm-b2e482.o(.ARM.exidx.text.OUTLINED_FUNCTION_6), (8 bytes).
    Removing lto-llvm-b2e482.o(.ARM.exidx.text.OUTLINED_FUNCTION_7), (8 bytes).
    Removing lto-llvm-b2e482.o(.ARM.exidx.text.OUTLINED_FUNCTION_8), (8 bytes).
    Removing lto-llvm-b2e482.o(.ARM.exidx.text.OUTLINED_FUNCTION_9), (8 bytes).
    Removing lto-llvm-b2e482.o(.ARM.exidx.text.OUTLINED_FUNCTION_10), (8 bytes).
    Removing lto-llvm-b2e482.o(.ARM.exidx.text.OUTLINED_FUNCTION_11), (8 bytes).
    Removing lto-llvm-b2e482.o(.ARM.exidx.text.OUTLINED_FUNCTION_12), (8 bytes).
    Removing lto-llvm-b2e482.o(.ARM.exidx.text.OUTLINED_FUNCTION_13), (8 bytes).
    Removing lto-llvm-b2e482.o(.ARM.exidx.text.OUTLINED_FUNCTION_14), (8 bytes).
    Removing lto-llvm-b2e482.o(.ARM.exidx.text.OUTLINED_FUNCTION_15), (8 bytes).
    Removing lto-llvm-b2e482.o(.ARM.exidx.text.OUTLINED_FUNCTION_16), (8 bytes).
    Removing lto-llvm-b2e482.o(.ARM.exidx.text.OUTLINED_FUNCTION_17), (8 bytes).
    Removing lto-llvm-b2e482.o(.ARM.exidx.text.OUTLINED_FUNCTION_18), (8 bytes).
    Removing lto-llvm-b2e482.o(.ARM.exidx.text.OUTLINED_FUNCTION_19), (8 bytes).
    Removing lto-llvm-b2e482.o(.ARM.exidx.text.OUTLINED_FUNCTION_20), (8 bytes).
    Removing lto-llvm-b2e482.o(.ARM.exidx.text.OUTLINED_FUNCTION_21), (8 bytes).
    Removing lto-llvm-b2e482.o(.ARM.exidx.text.OUTLINED_FUNCTION_22), (8 bytes).
    Removing lto-llvm-b2e482.o(.ARM.exidx.text.OUTLINED_FUNCTION_23), (8 bytes).
    Removing lto-llvm-b2e482.o(.ARM.exidx.text.OUTLINED_FUNCTION_24), (8 bytes).
    Removing lto-llvm-b2e482.o(.ARM.exidx.text.OUTLINED_FUNCTION_25), (8 bytes).
    Removing lto-llvm-b2e482.o(.ARM.exidx.text.OUTLINED_FUNCTION_26), (8 bytes).
    Removing lto-llvm-b2e482.o(.ARM.exidx.text.OUTLINED_FUNCTION_27), (8 bytes).
    Removing lto-llvm-b2e482.o(.ARM.exidx.text.OUTLINED_FUNCTION_28), (8 bytes).
    Removing lto-llvm-b2e482.o(.ARM.exidx.text.OUTLINED_FUNCTION_29), (8 bytes).
    Removing lto-llvm-b2e482.o(.ARM.exidx.text.OUTLINED_FUNCTION_30), (8 bytes).
    Removing lto-llvm-b2e482.o(.ARM.exidx.text.OUTLINED_FUNCTION_31), (8 bytes).
    Removing lto-llvm-b2e482.o(.ARM.exidx.text.OUTLINED_FUNCTION_32), (8 bytes).
    Removing lto-llvm-b2e482.o(.ARM.exidx.text.OUTLINED_FUNCTION_33), (8 bytes).
    Removing lto-llvm-b2e482.o(.ARM.use_no_argv), (4 bytes).

77 unused section(s) (total 1102 bytes) removed from the image.

==============================================================================

Image Symbol Table

    Local Symbols

    Symbol Name                              Value     Ov Type        Size  Object(Section)

    ../clib/division.s                       0x00000000   Number         0  aeabi_sdiv.o ABSOLUTE
    ../clib/microlib/division.c              0x00000000   Number         0  uidiv.o ABSOLUTE
    ../clib/microlib/division.c              0x00000000   Number         0  uldiv.o ABSOLUTE
    ../clib/microlib/errno.c                 0x00000000   Number         0  errno.o ABSOLUTE
    ../clib/microlib/init/entry.s            0x00000000   Number         0  entry.o ABSOLUTE
    ../clib/microlib/init/entry.s            0x00000000   Number         0  entry2.o ABSOLUTE
    ../clib/microlib/init/entry.s            0x00000000   Number         0  entry5.o ABSOLUTE
    ../clib/microlib/init/entry.s            0x00000000   Number         0  entry7a.o ABSOLUTE
    ../clib/microlib/init/entry.s            0x00000000   Number         0  entry7b.o ABSOLUTE
    ../clib/microlib/init/entry.s            0x00000000   Number         0  entry8a.o ABSOLUTE
    ../clib/microlib/init/entry.s            0x00000000   Number         0  entry8b.o ABSOLUTE
    ../clib/microlib/init/entry.s            0x00000000   Number         0  entry9a.o ABSOLUTE
    ../clib/microlib/init/entry.s            0x00000000   Number         0  entry9b.o ABSOLUTE
    ../clib/microlib/init/entry.s            0x00000000   Number         0  entry10a.o ABSOLUTE
    ../clib/microlib/init/entry.s            0x00000000   Number         0  entry10b.o ABSOLUTE
    ../clib/microlib/init/entry.s            0x00000000   Number         0  entry11a.o ABSOLUTE
    ../clib/microlib/init/entry.s            0x00000000   Number         0  entry11b.o ABSOLUTE
    ../clib/microlib/longlong.c              0x00000000   Number         0  llshl.o ABSOLUTE
    ../clib/microlib/longlong.c              0x00000000   Number         0  llushr.o ABSOLUTE
    ../clib/microlib/longlong.c              0x00000000   Number         0  llsshr.o ABSOLUTE
    ../clib/microlib/printf/printf.c         0x00000000   Number         0  printfb.o ABSOLUTE
    ../clib/microlib/printf/printf.c         0x00000000   Number         0  printf0.o ABSOLUTE
    ../clib/microlib/printf/printf.c         0x00000000   Number         0  printf1.o ABSOLUTE
    ../clib/microlib/printf/printf.c         0x00000000   Number         0  printf2.o ABSOLUTE
    ../clib/microlib/printf/printf.c         0x00000000   Number         0  printf3.o ABSOLUTE
    ../clib/microlib/printf/printf.c         0x00000000   Number         0  printf4.o ABSOLUTE
    ../clib/microlib/printf/printf.c         0x00000000   Number         0  printf5.o ABSOLUTE
    ../clib/microlib/printf/printf.c         0x00000000   Number         0  printf6.o ABSOLUTE
    ../clib/microlib/printf/printf.c         0x00000000   Number         0  printf7.o ABSOLUTE
    ../clib/microlib/printf/printf.c         0x00000000   Number         0  printf8.o ABSOLUTE
    ../clib/microlib/printf/printf.c         0x00000000   Number         0  printfa.o ABSOLUTE
    ../clib/microlib/printf/stubs.s          0x00000000   Number         0  printfstubs.o ABSOLUTE
    ../clib/microlib/string/memset.c         0x00000000   Number         0  memseta.o ABSOLUTE
    ../clib/microlib/string/strlen.c         0x00000000   Number         0  strlen.o ABSOLUTE
    ../clib/microlib/stubs.s                 0x00000000   Number         0  useno.o ABSOLUTE
    ../clib/microlib/stubs.s                 0x00000000   Number         0  iusefp.o ABSOLUTE
    ../fplib/microlib/fpadd.c                0x00000000   Number         0  dadd.o ABSOLUTE
    ../fplib/microlib/fpdiv.c                0x00000000   Number         0  ddiv.o ABSOLUTE
    ../fplib/microlib/fpepilogue.c           0x00000000   Number         0  depilogue.o ABSOLUTE
    ../fplib/microlib/fpfix.c                0x00000000   Number         0  dfixul.o ABSOLUTE
    ../fplib/microlib/fpmul.c                0x00000000   Number         0  dmul.o ABSOLUTE
    ../fplib/microlib/fpstat.c               0x00000000   Number         0  fpstat.o ABSOLUTE
    ../mathlib/dunder.c                      0x00000000   Number         0  dunder.o ABSOLUTE
    ../mathlib/exp.c                         0x00000000   Number         0  exp.o ABSOLUTE
    ../mathlib/expf.c                        0x00000000   Number         0  expf.o ABSOLUTE
    ../mathlib/fpclassify.c                  0x00000000   Number         0  fpclassify.o ABSOLUTE
    ../mathlib/fpclassifyf.c                 0x00000000   Number         0  fpclassifyf.o ABSOLUTE
    ../mathlib/funder.c                      0x00000000   Number         0  funder.o ABSOLUTE
    ../mathlib/log.c                         0x00000000   Number         0  log.o ABSOLUTE
    ../mathlib/logf.c                        0x00000000   Number         0  logf.o ABSOLUTE
    ../mathlib/poly.c                        0x00000000   Number         0  poly.o ABSOLUTE
    ../mathlib/powf.c                        0x00000000   Number         0  powf.o ABSOLUTE
    ../mathlib/qnan.c                        0x00000000   Number         0  qnan.o ABSOLUTE
    ../mathlib/sqrt.c                        0x00000000   Number         0  sqrt.o ABSOLUTE
    ../mathlib/sqrtf.c                       0x00000000   Number         0  sqrtf.o ABSOLUTE
    ../mathlib/tanhf.c                       0x00000000   Number         0  tanhf.o ABSOLUTE
    cdrcmple.s                               0x00000000   Number         0  cdrcmple.o ABSOLUTE
    dc.s                                     0x00000000   Number         0  dc.o ABSOLUTE
    handlers.s                               0x00000000   Number         0  handlers.o ABSOLUTE
    init.s                                   0x00000000   Number         0  init.o ABSOLUTE
    ld-temp.o                                0x00000000   Number         0  lto-llvm-b2e482.o ABSOLUTE
    startup_stm32h743xx.s                    0x00000000   Number         0  startup_stm32h743xx.o ABSOLUTE
    RESET                                    0x08000000   Section      664  startup_stm32h743xx.o(RESET)
    .ARM.Collect$$$$00000000                 0x08000298   Section        0  entry.o(.ARM.Collect$$$$00000000)
    .ARM.Collect$$$$00000001                 0x08000298   Section        4  entry2.o(.ARM.Collect$$$$00000001)
    .ARM.Collect$$$$00000004                 0x0800029c   Section        4  entry5.o(.ARM.Collect$$$$00000004)
    .ARM.Collect$$$$00000008                 0x080002a0   Section        0  entry7b.o(.ARM.Collect$$$$00000008)
    .ARM.Collect$$$$0000000A                 0x080002a0   Section        0  entry8b.o(.ARM.Collect$$$$0000000A)
    .ARM.Collect$$$$0000000B                 0x080002a0   Section        8  entry9a.o(.ARM.Collect$$$$0000000B)
    __lit__00000000                          0x080002a8   Data           4  entry2.o(.ARM.Collect$$$$00002712)
    .ARM.Collect$$$$0000000D                 0x080002a8   Section        0  entry10a.o(.ARM.Collect$$$$0000000D)
    .ARM.Collect$$$$0000000F                 0x080002a8   Section        0  entry11a.o(.ARM.Collect$$$$0000000F)
    .ARM.Collect$$$$00002712                 0x080002a8   Section        4  entry2.o(.ARM.Collect$$$$00002712)
    $v0                                      0x080002ac   Number         0  startup_stm32h743xx.o(.text)
    .text                                    0x080002ac   Section       36  startup_stm32h743xx.o(.text)
    .text                                    0x080002d0   Section        0  strlen.o(.text)
    .text                                    0x080002de   Section        0  uidiv.o(.text)
    .text                                    0x0800030a   Section        0  uldiv.o(.text)
    .text                                    0x0800036c   Section        0  iusefp.o(.text)
    .text                                    0x0800036c   Section        0  dadd.o(.text)
    .text                                    0x080004ba   Section        0  dmul.o(.text)
    .text                                    0x0800059e   Section        0  ddiv.o(.text)
    .text                                    0x0800067c   Section        0  dfixul.o(.text)
    .text                                    0x080006ac   Section       48  cdrcmple.o(.text)
    .text                                    0x080006dc   Section       36  init.o(.text)
    .text                                    0x08000700   Section        0  llshl.o(.text)
    .text                                    0x0800071e   Section        0  llushr.o(.text)
    .text                                    0x0800073e   Section        0  llsshr.o(.text)
    .text                                    0x08000762   Section        0  depilogue.o(.text)
    .text                                    0x0800081c   Section        0  memseta.o(.text)
    [Anonymous Symbol]                       0x08000840   Section        0  lto-llvm-b2e482.o(.text.BusFault_Handler)
    [Anonymous Symbol]                       0x08000842   Section        0  lto-llvm-b2e482.o(.text.DebugMon_Handler)
    Error_Handler                            0x08000845   Thumb Code     8  lto-llvm-b2e482.o(.text.Error_Handler)
    [Anonymous Symbol]                       0x08000844   Section        0  lto-llvm-b2e482.o(.text.Error_Handler)
    HAL_Delay                                0x0800084d   Thumb Code    16  lto-llvm-b2e482.o(.text.HAL_Delay)
    [Anonymous Symbol]                       0x0800084c   Section        0  lto-llvm-b2e482.o(.text.HAL_Delay)
    HAL_GPIO_Init                            0x0800085d   Thumb Code   380  lto-llvm-b2e482.o(.text.HAL_GPIO_Init)
    [Anonymous Symbol]                       0x0800085c   Section        0  lto-llvm-b2e482.o(.text.HAL_GPIO_Init)
    __arm_cp.24_0                            0x080009d8   Number         4  lto-llvm-b2e482.o(.text.HAL_GPIO_Init)
    __arm_cp.24_1                            0x080009dc   Number         4  lto-llvm-b2e482.o(.text.HAL_GPIO_Init)
    __arm_cp.24_2                            0x080009e0   Number         4  lto-llvm-b2e482.o(.text.HAL_GPIO_Init)
    __arm_cp.24_3                            0x080009e4   Number         4  lto-llvm-b2e482.o(.text.HAL_GPIO_Init)
    __arm_cp.24_4                            0x080009e8   Number         4  lto-llvm-b2e482.o(.text.HAL_GPIO_Init)
    HAL_I2C_Mem_Read                         0x080009ed   Thumb Code   348  lto-llvm-b2e482.o(.text.HAL_I2C_Mem_Read)
    [Anonymous Symbol]                       0x080009ec   Section        0  lto-llvm-b2e482.o(.text.HAL_I2C_Mem_Read)
    __arm_cp.32_0                            0x08000b48   Number         4  lto-llvm-b2e482.o(.text.HAL_I2C_Mem_Read)
    __arm_cp.32_2                            0x08000b4c   Number         4  lto-llvm-b2e482.o(.text.HAL_I2C_Mem_Read)
    __arm_cp.32_3                            0x08000b50   Number         4  lto-llvm-b2e482.o(.text.HAL_I2C_Mem_Read)
    __arm_cp.32_4                            0x08000b54   Number         4  lto-llvm-b2e482.o(.text.HAL_I2C_Mem_Read)
    __arm_cp.32_5                            0x08000b58   Number         4  lto-llvm-b2e482.o(.text.HAL_I2C_Mem_Read)
    HAL_InitTick                             0x08000b5d   Thumb Code    72  lto-llvm-b2e482.o(.text.HAL_InitTick)
    [Anonymous Symbol]                       0x08000b5c   Section        0  lto-llvm-b2e482.o(.text.HAL_InitTick)
    __arm_cp.25_0                            0x08000ba4   Number         4  lto-llvm-b2e482.o(.text.HAL_InitTick)
    __arm_cp.25_1                            0x08000ba8   Number         4  lto-llvm-b2e482.o(.text.HAL_InitTick)
    __arm_cp.25_2                            0x08000bac   Number         4  lto-llvm-b2e482.o(.text.HAL_InitTick)
    __arm_cp.25_3                            0x08000bb0   Number         4  lto-llvm-b2e482.o(.text.HAL_InitTick)
    HAL_NVIC_SetPriority                     0x08000bb5   Thumb Code    68  lto-llvm-b2e482.o(.text.HAL_NVIC_SetPriority)
    [Anonymous Symbol]                       0x08000bb4   Section        0  lto-llvm-b2e482.o(.text.HAL_NVIC_SetPriority)
    __arm_cp.14_0                            0x08000bf8   Number         4  lto-llvm-b2e482.o(.text.HAL_NVIC_SetPriority)
    __arm_cp.14_1                            0x08000bfc   Number         4  lto-llvm-b2e482.o(.text.HAL_NVIC_SetPriority)
    HAL_RCCEx_GetPLL2ClockFreq               0x08000c01   Thumb Code   140  lto-llvm-b2e482.o(.text.HAL_RCCEx_GetPLL2ClockFreq)
    [Anonymous Symbol]                       0x08000c00   Section        0  lto-llvm-b2e482.o(.text.HAL_RCCEx_GetPLL2ClockFreq)
    __arm_cp.22_0                            0x08000c74   Number         4  lto-llvm-b2e482.o(.text.HAL_RCCEx_GetPLL2ClockFreq)
    __arm_cp.22_4                            0x08000c84   Number         4  lto-llvm-b2e482.o(.text.HAL_RCCEx_GetPLL2ClockFreq)
    HAL_RCCEx_GetPLL3ClockFreq               0x08000c8d   Thumb Code   140  lto-llvm-b2e482.o(.text.HAL_RCCEx_GetPLL3ClockFreq)
    [Anonymous Symbol]                       0x08000c8c   Section        0  lto-llvm-b2e482.o(.text.HAL_RCCEx_GetPLL3ClockFreq)
    __arm_cp.23_0                            0x08000d00   Number         4  lto-llvm-b2e482.o(.text.HAL_RCCEx_GetPLL3ClockFreq)
    __arm_cp.23_4                            0x08000d10   Number         4  lto-llvm-b2e482.o(.text.HAL_RCCEx_GetPLL3ClockFreq)
    HAL_RCCEx_PeriphCLKConfig                0x08000d19   Thumb Code  1996  lto-llvm-b2e482.o(.text.HAL_RCCEx_PeriphCLKConfig)
    [Anonymous Symbol]                       0x08000d18   Section        0  lto-llvm-b2e482.o(.text.HAL_RCCEx_PeriphCLKConfig)
    __arm_cp.19_19                           0x08000fc0   Number         4  lto-llvm-b2e482.o(.text.HAL_RCCEx_PeriphCLKConfig)
    __arm_cp.19_20                           0x08001394   Number         4  lto-llvm-b2e482.o(.text.HAL_RCCEx_PeriphCLKConfig)
    HAL_RCC_GetHCLKFreq                      0x080014e5   Thumb Code    44  lto-llvm-b2e482.o(.text.HAL_RCC_GetHCLKFreq)
    [Anonymous Symbol]                       0x080014e4   Section        0  lto-llvm-b2e482.o(.text.HAL_RCC_GetHCLKFreq)
    __arm_cp.16_0                            0x08001510   Number         4  lto-llvm-b2e482.o(.text.HAL_RCC_GetHCLKFreq)
    __arm_cp.16_2                            0x08001514   Number         4  lto-llvm-b2e482.o(.text.HAL_RCC_GetHCLKFreq)
    HAL_RCC_GetPCLK1Freq                     0x08001519   Thumb Code    20  lto-llvm-b2e482.o(.text.HAL_RCC_GetPCLK1Freq)
    [Anonymous Symbol]                       0x08001518   Section        0  lto-llvm-b2e482.o(.text.HAL_RCC_GetPCLK1Freq)
    HAL_RCC_GetPCLK2Freq                     0x0800152d   Thumb Code    20  lto-llvm-b2e482.o(.text.HAL_RCC_GetPCLK2Freq)
    [Anonymous Symbol]                       0x0800152c   Section        0  lto-llvm-b2e482.o(.text.HAL_RCC_GetPCLK2Freq)
    __arm_cp.18_0                            0x08001540   Number         4  lto-llvm-b2e482.o(.text.HAL_RCC_GetPCLK2Freq)
    __arm_cp.18_1                            0x08001544   Number         4  lto-llvm-b2e482.o(.text.HAL_RCC_GetPCLK2Freq)
    HAL_RCC_GetSysClockFreq                  0x08001549   Thumb Code   244  lto-llvm-b2e482.o(.text.HAL_RCC_GetSysClockFreq)
    [Anonymous Symbol]                       0x08001548   Section        0  lto-llvm-b2e482.o(.text.HAL_RCC_GetSysClockFreq)
    __arm_cp.15_0                            0x0800161c   Number         4  lto-llvm-b2e482.o(.text.HAL_RCC_GetSysClockFreq)
    __arm_cp.15_1                            0x08001620   Number         4  lto-llvm-b2e482.o(.text.HAL_RCC_GetSysClockFreq)
    __arm_cp.15_2                            0x08001624   Number         4  lto-llvm-b2e482.o(.text.HAL_RCC_GetSysClockFreq)
    __arm_cp.15_6                            0x08001634   Number         4  lto-llvm-b2e482.o(.text.HAL_RCC_GetSysClockFreq)
    HAL_UART_Transmit                        0x0800163d   Thumb Code   180  lto-llvm-b2e482.o(.text.HAL_UART_Transmit)
    [Anonymous Symbol]                       0x0800163c   Section        0  lto-llvm-b2e482.o(.text.HAL_UART_Transmit)
    [Anonymous Symbol]                       0x080016f0   Section        0  lto-llvm-b2e482.o(.text.HardFault_Handler)
    I2C_IsErrorOccurred                      0x080016f5   Thumb Code   236  lto-llvm-b2e482.o(.text.I2C_IsErrorOccurred)
    [Anonymous Symbol]                       0x080016f4   Section        0  lto-llvm-b2e482.o(.text.I2C_IsErrorOccurred)
    I2C_TransferConfig                       0x080017e1   Thumb Code    32  lto-llvm-b2e482.o(.text.I2C_TransferConfig)
    [Anonymous Symbol]                       0x080017e0   Section        0  lto-llvm-b2e482.o(.text.I2C_TransferConfig)
    __arm_cp.28_0                            0x08001800   Number         4  lto-llvm-b2e482.o(.text.I2C_TransferConfig)
    I2C_WaitOnFlagUntilTimeout               0x08001805   Thumb Code    92  lto-llvm-b2e482.o(.text.I2C_WaitOnFlagUntilTimeout)
    [Anonymous Symbol]                       0x08001804   Section        0  lto-llvm-b2e482.o(.text.I2C_WaitOnFlagUntilTimeout)
    I2C_WaitOnSTOPFlagUntilTimeout           0x08001861   Thumb Code    56  lto-llvm-b2e482.o(.text.I2C_WaitOnSTOPFlagUntilTimeout)
    [Anonymous Symbol]                       0x08001860   Section        0  lto-llvm-b2e482.o(.text.I2C_WaitOnSTOPFlagUntilTimeout)
    I2C_WaitOnTXISFlagUntilTimeout           0x08001899   Thumb Code    56  lto-llvm-b2e482.o(.text.I2C_WaitOnTXISFlagUntilTimeout)
    [Anonymous Symbol]                       0x08001898   Section        0  lto-llvm-b2e482.o(.text.I2C_WaitOnTXISFlagUntilTimeout)
    __arm_cp.29_1                            0x080018d0   Number         4  lto-llvm-b2e482.o(.text.I2C_WaitOnTXISFlagUntilTimeout)
    MPU6050_GetData                          0x080018d5   Thumb Code    92  lto-llvm-b2e482.o(.text.MPU6050_GetData)
    [Anonymous Symbol]                       0x080018d4   Section        0  lto-llvm-b2e482.o(.text.MPU6050_GetData)
    MPU6050_WriteReg                         0x08001931   Thumb Code   308  lto-llvm-b2e482.o(.text.MPU6050_WriteReg)
    [Anonymous Symbol]                       0x08001930   Section        0  lto-llvm-b2e482.o(.text.MPU6050_WriteReg)
    __arm_cp.0_0                             0x08001a64   Number         4  lto-llvm-b2e482.o(.text.MPU6050_WriteReg)
    __arm_cp.0_1                             0x08001a68   Number         4  lto-llvm-b2e482.o(.text.MPU6050_WriteReg)
    __arm_cp.0_2                             0x08001a6c   Number         4  lto-llvm-b2e482.o(.text.MPU6050_WriteReg)
    __arm_cp.0_3                             0x08001a70   Number         4  lto-llvm-b2e482.o(.text.MPU6050_WriteReg)
    __arm_cp.0_4                             0x08001a74   Number         4  lto-llvm-b2e482.o(.text.MPU6050_WriteReg)
    __arm_cp.0_5                             0x08001a78   Number         4  lto-llvm-b2e482.o(.text.MPU6050_WriteReg)
    [Anonymous Symbol]                       0x08001a7c   Section        0  lto-llvm-b2e482.o(.text.MemManage_Handler)
    [Anonymous Symbol]                       0x08001a7e   Section        0  lto-llvm-b2e482.o(.text.NMI_Handler)
    OUTLINED_FUNCTION_0                      0x08001a81   Thumb Code    10  lto-llvm-b2e482.o(.text.OUTLINED_FUNCTION_0)
    [Anonymous Symbol]                       0x08001a80   Section        0  lto-llvm-b2e482.o(.text.OUTLINED_FUNCTION_0)
    OUTLINED_FUNCTION_1                      0x08001a8b   Thumb Code    10  lto-llvm-b2e482.o(.text.OUTLINED_FUNCTION_1)
    [Anonymous Symbol]                       0x08001a8a   Section        0  lto-llvm-b2e482.o(.text.OUTLINED_FUNCTION_1)
    OUTLINED_FUNCTION_10                     0x08001a95   Thumb Code    26  lto-llvm-b2e482.o(.text.OUTLINED_FUNCTION_10)
    [Anonymous Symbol]                       0x08001a94   Section        0  lto-llvm-b2e482.o(.text.OUTLINED_FUNCTION_10)
    OUTLINED_FUNCTION_11                     0x08001aaf   Thumb Code    26  lto-llvm-b2e482.o(.text.OUTLINED_FUNCTION_11)
    [Anonymous Symbol]                       0x08001aae   Section        0  lto-llvm-b2e482.o(.text.OUTLINED_FUNCTION_11)
    OUTLINED_FUNCTION_12                     0x08001ac9   Thumb Code    10  lto-llvm-b2e482.o(.text.OUTLINED_FUNCTION_12)
    [Anonymous Symbol]                       0x08001ac8   Section        0  lto-llvm-b2e482.o(.text.OUTLINED_FUNCTION_12)
    OUTLINED_FUNCTION_13                     0x08001ad3   Thumb Code    10  lto-llvm-b2e482.o(.text.OUTLINED_FUNCTION_13)
    [Anonymous Symbol]                       0x08001ad2   Section        0  lto-llvm-b2e482.o(.text.OUTLINED_FUNCTION_13)
    OUTLINED_FUNCTION_14                     0x08001add   Thumb Code    22  lto-llvm-b2e482.o(.text.OUTLINED_FUNCTION_14)
    [Anonymous Symbol]                       0x08001adc   Section        0  lto-llvm-b2e482.o(.text.OUTLINED_FUNCTION_14)
    OUTLINED_FUNCTION_15                     0x08001af3   Thumb Code    20  lto-llvm-b2e482.o(.text.OUTLINED_FUNCTION_15)
    [Anonymous Symbol]                       0x08001af2   Section        0  lto-llvm-b2e482.o(.text.OUTLINED_FUNCTION_15)
    OUTLINED_FUNCTION_16                     0x08001b07   Thumb Code    20  lto-llvm-b2e482.o(.text.OUTLINED_FUNCTION_16)
    [Anonymous Symbol]                       0x08001b06   Section        0  lto-llvm-b2e482.o(.text.OUTLINED_FUNCTION_16)
    OUTLINED_FUNCTION_17                     0x08001b1b   Thumb Code    10  lto-llvm-b2e482.o(.text.OUTLINED_FUNCTION_17)
    [Anonymous Symbol]                       0x08001b1a   Section        0  lto-llvm-b2e482.o(.text.OUTLINED_FUNCTION_17)
    OUTLINED_FUNCTION_18                     0x08001b25   Thumb Code    16  lto-llvm-b2e482.o(.text.OUTLINED_FUNCTION_18)
    [Anonymous Symbol]                       0x08001b24   Section        0  lto-llvm-b2e482.o(.text.OUTLINED_FUNCTION_18)
    OUTLINED_FUNCTION_19                     0x08001b35   Thumb Code    20  lto-llvm-b2e482.o(.text.OUTLINED_FUNCTION_19)
    [Anonymous Symbol]                       0x08001b34   Section        0  lto-llvm-b2e482.o(.text.OUTLINED_FUNCTION_19)
    OUTLINED_FUNCTION_2                      0x08001b49   Thumb Code    16  lto-llvm-b2e482.o(.text.OUTLINED_FUNCTION_2)
    [Anonymous Symbol]                       0x08001b48   Section        0  lto-llvm-b2e482.o(.text.OUTLINED_FUNCTION_2)
    OUTLINED_FUNCTION_20                     0x08001b59   Thumb Code    10  lto-llvm-b2e482.o(.text.OUTLINED_FUNCTION_20)
    [Anonymous Symbol]                       0x08001b58   Section        0  lto-llvm-b2e482.o(.text.OUTLINED_FUNCTION_20)
    OUTLINED_FUNCTION_21                     0x08001b63   Thumb Code    10  lto-llvm-b2e482.o(.text.OUTLINED_FUNCTION_21)
    [Anonymous Symbol]                       0x08001b62   Section        0  lto-llvm-b2e482.o(.text.OUTLINED_FUNCTION_21)
    OUTLINED_FUNCTION_22                     0x08001b6d   Thumb Code     6  lto-llvm-b2e482.o(.text.OUTLINED_FUNCTION_22)
    [Anonymous Symbol]                       0x08001b6c   Section        0  lto-llvm-b2e482.o(.text.OUTLINED_FUNCTION_22)
    OUTLINED_FUNCTION_23                     0x08001b73   Thumb Code    18  lto-llvm-b2e482.o(.text.OUTLINED_FUNCTION_23)
    [Anonymous Symbol]                       0x08001b72   Section        0  lto-llvm-b2e482.o(.text.OUTLINED_FUNCTION_23)
    OUTLINED_FUNCTION_24                     0x08001b85   Thumb Code    12  lto-llvm-b2e482.o(.text.OUTLINED_FUNCTION_24)
    [Anonymous Symbol]                       0x08001b84   Section        0  lto-llvm-b2e482.o(.text.OUTLINED_FUNCTION_24)
    OUTLINED_FUNCTION_25                     0x08001b91   Thumb Code     8  lto-llvm-b2e482.o(.text.OUTLINED_FUNCTION_25)
    [Anonymous Symbol]                       0x08001b90   Section        0  lto-llvm-b2e482.o(.text.OUTLINED_FUNCTION_25)
    OUTLINED_FUNCTION_26                     0x08001b99   Thumb Code    16  lto-llvm-b2e482.o(.text.OUTLINED_FUNCTION_26)
    [Anonymous Symbol]                       0x08001b98   Section        0  lto-llvm-b2e482.o(.text.OUTLINED_FUNCTION_26)
    OUTLINED_FUNCTION_27                     0x08001ba9   Thumb Code     8  lto-llvm-b2e482.o(.text.OUTLINED_FUNCTION_27)
    [Anonymous Symbol]                       0x08001ba8   Section        0  lto-llvm-b2e482.o(.text.OUTLINED_FUNCTION_27)
    OUTLINED_FUNCTION_28                     0x08001bb1   Thumb Code     8  lto-llvm-b2e482.o(.text.OUTLINED_FUNCTION_28)
    [Anonymous Symbol]                       0x08001bb0   Section        0  lto-llvm-b2e482.o(.text.OUTLINED_FUNCTION_28)
    OUTLINED_FUNCTION_29                     0x08001bb9   Thumb Code    10  lto-llvm-b2e482.o(.text.OUTLINED_FUNCTION_29)
    [Anonymous Symbol]                       0x08001bb8   Section        0  lto-llvm-b2e482.o(.text.OUTLINED_FUNCTION_29)
    OUTLINED_FUNCTION_3                      0x08001bc3   Thumb Code    46  lto-llvm-b2e482.o(.text.OUTLINED_FUNCTION_3)
    [Anonymous Symbol]                       0x08001bc2   Section        0  lto-llvm-b2e482.o(.text.OUTLINED_FUNCTION_3)
    OUTLINED_FUNCTION_30                     0x08001bf1   Thumb Code    10  lto-llvm-b2e482.o(.text.OUTLINED_FUNCTION_30)
    [Anonymous Symbol]                       0x08001bf0   Section        0  lto-llvm-b2e482.o(.text.OUTLINED_FUNCTION_30)
    OUTLINED_FUNCTION_31                     0x08001bfb   Thumb Code    10  lto-llvm-b2e482.o(.text.OUTLINED_FUNCTION_31)
    [Anonymous Symbol]                       0x08001bfa   Section        0  lto-llvm-b2e482.o(.text.OUTLINED_FUNCTION_31)
    OUTLINED_FUNCTION_32                     0x08001c05   Thumb Code    10  lto-llvm-b2e482.o(.text.OUTLINED_FUNCTION_32)
    [Anonymous Symbol]                       0x08001c04   Section        0  lto-llvm-b2e482.o(.text.OUTLINED_FUNCTION_32)
    OUTLINED_FUNCTION_33                     0x08001c0f   Thumb Code    10  lto-llvm-b2e482.o(.text.OUTLINED_FUNCTION_33)
    [Anonymous Symbol]                       0x08001c0e   Section        0  lto-llvm-b2e482.o(.text.OUTLINED_FUNCTION_33)
    OUTLINED_FUNCTION_4                      0x08001c19   Thumb Code    10  lto-llvm-b2e482.o(.text.OUTLINED_FUNCTION_4)
    [Anonymous Symbol]                       0x08001c18   Section        0  lto-llvm-b2e482.o(.text.OUTLINED_FUNCTION_4)
    OUTLINED_FUNCTION_5                      0x08001c23   Thumb Code    10  lto-llvm-b2e482.o(.text.OUTLINED_FUNCTION_5)
    [Anonymous Symbol]                       0x08001c22   Section        0  lto-llvm-b2e482.o(.text.OUTLINED_FUNCTION_5)
    OUTLINED_FUNCTION_6                      0x08001c2d   Thumb Code    10  lto-llvm-b2e482.o(.text.OUTLINED_FUNCTION_6)
    [Anonymous Symbol]                       0x08001c2c   Section        0  lto-llvm-b2e482.o(.text.OUTLINED_FUNCTION_6)
    OUTLINED_FUNCTION_7                      0x08001c37   Thumb Code    10  lto-llvm-b2e482.o(.text.OUTLINED_FUNCTION_7)
    [Anonymous Symbol]                       0x08001c36   Section        0  lto-llvm-b2e482.o(.text.OUTLINED_FUNCTION_7)
    OUTLINED_FUNCTION_8                      0x08001c41   Thumb Code    30  lto-llvm-b2e482.o(.text.OUTLINED_FUNCTION_8)
    [Anonymous Symbol]                       0x08001c40   Section        0  lto-llvm-b2e482.o(.text.OUTLINED_FUNCTION_8)
    OUTLINED_FUNCTION_9                      0x08001c5f   Thumb Code    30  lto-llvm-b2e482.o(.text.OUTLINED_FUNCTION_9)
    [Anonymous Symbol]                       0x08001c5e   Section        0  lto-llvm-b2e482.o(.text.OUTLINED_FUNCTION_9)
    [Anonymous Symbol]                       0x08001c7c   Section        0  lto-llvm-b2e482.o(.text.PendSV_Handler)
    RCCEx_PLL2_Config                        0x08001c81   Thumb Code   212  lto-llvm-b2e482.o(.text.RCCEx_PLL2_Config)
    [Anonymous Symbol]                       0x08001c80   Section        0  lto-llvm-b2e482.o(.text.RCCEx_PLL2_Config)
    RCCEx_PLL3_Config                        0x08001d55   Thumb Code   212  lto-llvm-b2e482.o(.text.RCCEx_PLL3_Config)
    [Anonymous Symbol]                       0x08001d54   Section        0  lto-llvm-b2e482.o(.text.RCCEx_PLL3_Config)
    [Anonymous Symbol]                       0x08001e28   Section        0  lto-llvm-b2e482.o(.text.SVC_Handler)
    [Anonymous Symbol]                       0x08001e2c   Section        0  lto-llvm-b2e482.o(.text.SysTick_Handler)
    [Anonymous Symbol]                       0x08001e38   Section        0  lto-llvm-b2e482.o(.text.SystemInit)
    __arm_cp.36_0                            0x08001ec0   Number         4  lto-llvm-b2e482.o(.text.SystemInit)
    __arm_cp.36_1                            0x08001ec4   Number         4  lto-llvm-b2e482.o(.text.SystemInit)
    __arm_cp.36_2                            0x08001ec8   Number         4  lto-llvm-b2e482.o(.text.SystemInit)
    __arm_cp.36_3                            0x08001ecc   Number         4  lto-llvm-b2e482.o(.text.SystemInit)
    __arm_cp.36_4                            0x08001ed0   Number         4  lto-llvm-b2e482.o(.text.SystemInit)
    __arm_cp.36_5                            0x08001ed4   Number         4  lto-llvm-b2e482.o(.text.SystemInit)
    __arm_cp.36_6                            0x08001ed8   Number         4  lto-llvm-b2e482.o(.text.SystemInit)
    __arm_cp.36_7                            0x08001edc   Number         4  lto-llvm-b2e482.o(.text.SystemInit)
    __arm_cp.36_8                            0x08001ee0   Number         4  lto-llvm-b2e482.o(.text.SystemInit)
    __arm_cp.36_9                            0x08001ee4   Number         4  lto-llvm-b2e482.o(.text.SystemInit)
    [Anonymous Symbol]                       0x08001ee8   Section        0  lto-llvm-b2e482.o(.text.TIM2_IRQHandler)
    __arm_cp.13_0                            0x08001f94   Number         4  lto-llvm-b2e482.o(.text.TIM2_IRQHandler)
    UARTEx_SetNbDataToProcess                0x08001f99   Thumb Code    60  lto-llvm-b2e482.o(.text.UARTEx_SetNbDataToProcess)
    [Anonymous Symbol]                       0x08001f98   Section        0  lto-llvm-b2e482.o(.text.UARTEx_SetNbDataToProcess)
    __arm_cp.35_0                            0x08001fd4   Number         4  lto-llvm-b2e482.o(.text.UARTEx_SetNbDataToProcess)
    __arm_cp.35_1                            0x08001fd8   Number         4  lto-llvm-b2e482.o(.text.UARTEx_SetNbDataToProcess)
    __arm_cp.35_2                            0x08001fdc   Number         4  lto-llvm-b2e482.o(.text.UARTEx_SetNbDataToProcess)
    UART_WaitOnFlagUntilTimeout              0x08001fe1   Thumb Code   176  lto-llvm-b2e482.o(.text.UART_WaitOnFlagUntilTimeout)
    [Anonymous Symbol]                       0x08001fe0   Section        0  lto-llvm-b2e482.o(.text.UART_WaitOnFlagUntilTimeout)
    __arm_cp.33_0                            0x08002090   Number         4  lto-llvm-b2e482.o(.text.UART_WaitOnFlagUntilTimeout)
    __arm_cp.33_1                            0x08002094   Number         4  lto-llvm-b2e482.o(.text.UART_WaitOnFlagUntilTimeout)
    [Anonymous Symbol]                       0x08002098   Section        0  lto-llvm-b2e482.o(.text.UsageFault_Handler)
    [Anonymous Symbol]                       0x0800209c   Section        0  lto-llvm-b2e482.o(.text.main)
    __arm_cp.2_78                            0x08002354   Number         4  lto-llvm-b2e482.o(.text.main)
    __arm_cp.2_79                            0x08002358   Number         4  lto-llvm-b2e482.o(.text.main)
    __arm_cp.2_81                            0x08002360   Number         4  lto-llvm-b2e482.o(.text.main)
    __arm_cp.2_82                            0x08002364   Number         4  lto-llvm-b2e482.o(.text.main)
    __arm_cp.2_83                            0x08002368   Number         4  lto-llvm-b2e482.o(.text.main)
    __arm_cp.2_85                            0x08002370   Number         4  lto-llvm-b2e482.o(.text.main)
    __arm_cp.2_86                            0x08002374   Number         4  lto-llvm-b2e482.o(.text.main)
    __arm_cp.2_87                            0x08002378   Number         4  lto-llvm-b2e482.o(.text.main)
    __arm_cp.2_91                            0x08002794   Number         4  lto-llvm-b2e482.o(.text.main)
    __arm_cp.2_92                            0x08002798   Number         4  lto-llvm-b2e482.o(.text.main)
    __arm_cp.2_93                            0x0800279c   Number         4  lto-llvm-b2e482.o(.text.main)
    __arm_cp.2_94                            0x080027a0   Number         4  lto-llvm-b2e482.o(.text.main)
    __arm_cp.2_95                            0x080027a4   Number         4  lto-llvm-b2e482.o(.text.main)
    __arm_cp.2_96                            0x080027a8   Number         4  lto-llvm-b2e482.o(.text.main)
    __arm_cp.2_97                            0x080027ac   Number         4  lto-llvm-b2e482.o(.text.main)
    __arm_cp.2_98                            0x080027b0   Number         4  lto-llvm-b2e482.o(.text.main)
    __arm_cp.2_99                            0x080027b4   Number         4  lto-llvm-b2e482.o(.text.main)
    __arm_cp.2_100                           0x080027b8   Number         4  lto-llvm-b2e482.o(.text.main)
    __arm_cp.2_102                           0x08002adc   Number         4  lto-llvm-b2e482.o(.text.main)
    __arm_cp.2_104                           0x08002ae4   Number         4  lto-llvm-b2e482.o(.text.main)
    __arm_cp.2_105                           0x08002ae8   Number         4  lto-llvm-b2e482.o(.text.main)
    __arm_cp.2_106                           0x08002aec   Number         4  lto-llvm-b2e482.o(.text.main)
    __arm_cp.2_108                           0x08002af4   Number         4  lto-llvm-b2e482.o(.text.main)
    __arm_cp.2_109                           0x08002e8c   Number         4  lto-llvm-b2e482.o(.text.main)
    __arm_cp.2_110                           0x08002e90   Number         4  lto-llvm-b2e482.o(.text.main)
    __arm_cp.2_111                           0x08002e94   Number         4  lto-llvm-b2e482.o(.text.main)
    __arm_cp.2_112                           0x08002e98   Number         4  lto-llvm-b2e482.o(.text.main)
    __arm_cp.2_113                           0x08002e9c   Number         4  lto-llvm-b2e482.o(.text.main)
    __arm_cp.2_114                           0x08002ea0   Number         4  lto-llvm-b2e482.o(.text.main)
    __arm_cp.2_115                           0x08002ea4   Number         4  lto-llvm-b2e482.o(.text.main)
    __arm_cp.2_116                           0x08002ea8   Number         4  lto-llvm-b2e482.o(.text.main)
    __arm_cp.2_118                           0x08002eb0   Number         4  lto-llvm-b2e482.o(.text.main)
    __arm_cp.2_119                           0x08002eb4   Number         4  lto-llvm-b2e482.o(.text.main)
    __arm_cp.2_120                           0x08002eb8   Number         4  lto-llvm-b2e482.o(.text.main)
    __arm_cp.2_121                           0x08002ebc   Number         4  lto-llvm-b2e482.o(.text.main)
    __arm_cp.2_6                             0x08003234   Number         4  lto-llvm-b2e482.o(.text.main)
    __arm_cp.2_10                            0x08003238   Number         4  lto-llvm-b2e482.o(.text.main)
    __arm_cp.2_24                            0x08003244   Number         4  lto-llvm-b2e482.o(.text.main)
    __arm_cp.2_25                            0x08003248   Number         4  lto-llvm-b2e482.o(.text.main)
    __arm_cp.2_28                            0x0800324c   Number         4  lto-llvm-b2e482.o(.text.main)
    __arm_cp.2_30                            0x08003250   Number         4  lto-llvm-b2e482.o(.text.main)
    __arm_cp.2_38                            0x08003254   Number         4  lto-llvm-b2e482.o(.text.main)
    __arm_cp.2_43                            0x08003258   Number         4  lto-llvm-b2e482.o(.text.main)
    __arm_cp.2_45                            0x08003280   Number         4  lto-llvm-b2e482.o(.text.main)
    __arm_cp.2_46                            0x08003284   Number         4  lto-llvm-b2e482.o(.text.main)
    __arm_cp.2_47                            0x08003288   Number         4  lto-llvm-b2e482.o(.text.main)
    __arm_cp.2_51                            0x080032e8   Number         4  lto-llvm-b2e482.o(.text.main)
    __arm_cp.2_52                            0x080032ec   Number         4  lto-llvm-b2e482.o(.text.main)
    __arm_cp.2_53                            0x080032f0   Number         4  lto-llvm-b2e482.o(.text.main)
    __arm_cp.2_54                            0x080032f4   Number         4  lto-llvm-b2e482.o(.text.main)
    __arm_cp.2_56                            0x08003300   Number         4  lto-llvm-b2e482.o(.text.main)
    __arm_cp.2_57                            0x08003304   Number         4  lto-llvm-b2e482.o(.text.main)
    __arm_cp.2_58                            0x08003308   Number         4  lto-llvm-b2e482.o(.text.main)
    __arm_cp.2_59                            0x0800330c   Number         4  lto-llvm-b2e482.o(.text.main)
    __arm_cp.2_60                            0x08003310   Number         4  lto-llvm-b2e482.o(.text.main)
    __arm_cp.2_61                            0x08003314   Number         4  lto-llvm-b2e482.o(.text.main)
    __arm_cp.2_62                            0x08003318   Number         4  lto-llvm-b2e482.o(.text.main)
    __arm_cp.2_63                            0x0800331c   Number         4  lto-llvm-b2e482.o(.text.main)
    __arm_cp.2_64                            0x08003320   Number         4  lto-llvm-b2e482.o(.text.main)
    __arm_cp.2_65                            0x08003324   Number         4  lto-llvm-b2e482.o(.text.main)
    __arm_cp.2_68                            0x08003330   Number         4  lto-llvm-b2e482.o(.text.main)
    __arm_cp.2_69                            0x08003334   Number         4  lto-llvm-b2e482.o(.text.main)
    __arm_cp.2_70                            0x08003338   Number         4  lto-llvm-b2e482.o(.text.main)
    __arm_cp.2_71                            0x0800333c   Number         4  lto-llvm-b2e482.o(.text.main)
    __arm_cp.2_74                            0x0800334c   Number         4  lto-llvm-b2e482.o(.text.main)
    __arm_cp.2_75                            0x08003350   Number         4  lto-llvm-b2e482.o(.text.main)
    i.__0sprintf                             0x08003354   Section        0  printfa.o(i.__0sprintf)
    i.__hardfp_sqrt                          0x0800337c   Section        0  sqrt.o(i.__hardfp_sqrt)
    i.__scatterload_copy                     0x080033e2   Section       14  handlers.o(i.__scatterload_copy)
    i.__scatterload_null                     0x080033f0   Section        2  handlers.o(i.__scatterload_null)
    i.__scatterload_zeroinit                 0x080033f2   Section       14  handlers.o(i.__scatterload_zeroinit)
    i.__set_errno                            0x08003400   Section        0  errno.o(i.__set_errno)
    _fp_digits                               0x0800340d   Thumb Code   366  printfa.o(i._fp_digits)
    i._fp_digits                             0x0800340c   Section        0  printfa.o(i._fp_digits)
    _printf_core                             0x08003591   Thumb Code  1744  printfa.o(i._printf_core)
    i._printf_core                           0x08003590   Section        0  printfa.o(i._printf_core)
    _printf_post_padding                     0x08003c6d   Thumb Code    36  printfa.o(i._printf_post_padding)
    i._printf_post_padding                   0x08003c6c   Section        0  printfa.o(i._printf_post_padding)
    _printf_pre_padding                      0x08003c91   Thumb Code    46  printfa.o(i._printf_pre_padding)
    i._printf_pre_padding                    0x08003c90   Section        0  printfa.o(i._printf_pre_padding)
    _sputc                                   0x08003cbf   Thumb Code    10  printfa.o(i._sputc)
    i._sputc                                 0x08003cbe   Section        0  printfa.o(i._sputc)
    UARTPrescTable                           0x08003cc8   Data          24  lto-llvm-b2e482.o(.rodata)
    [Anonymous Symbol]                       0x08003cc8   Section        0  lto-llvm-b2e482.o(.rodata)
    D1CorePrescTable                         0x08003cec   Data          16  lto-llvm-b2e482.o(.rodata.cst16)
    [Anonymous Symbol]                       0x08003cec   Section        0  lto-llvm-b2e482.o(.rodata.cst16)
    UARTEx_SetNbDataToProcess.numerator      0x08003cfc   Data           8  lto-llvm-b2e482.o(.rodata.cst8)
    [Anonymous Symbol]                       0x08003cfc   Section        0  lto-llvm-b2e482.o(.rodata.cst8)
    UARTEx_SetNbDataToProcess.denominator    0x08003d04   Data           8  lto-llvm-b2e482.o(.rodata.cst8)
    [Anonymous Symbol]                       0x08003d0c   Section        0  lto-llvm-b2e482.o(.rodata.str1.1)
    _errno                                   0x24000000   Data           4  errno.o(.data)
    .data                                    0x24000000   Section        4  errno.o(.data)
    SystemCoreClock                          0x24000004   Data           4  lto-llvm-b2e482.o(.data)
    [Anonymous Symbol]                       0x24000004   Section        0  lto-llvm-b2e482.o(.data)
    uart_buf                                 0x24000008   Data         150  lto-llvm-b2e482.o(.bss)
    [Anonymous Symbol]                       0x24000008   Section        0  lto-llvm-b2e482.o(.bss)
    hi2c2                                    0x240000a0   Data          84  lto-llvm-b2e482.o(.bss)
    huart1                                   0x240000f4   Data         148  lto-llvm-b2e482.o(.bss)
    mpu6050_initialized                      0x240001dc   Data           1  lto-llvm-b2e482.o(.bss)
    uwTickPrio                               0x240001e0   Data           1  lto-llvm-b2e482.o(.bss)
    uwTick                                   0x240001e4   Data           4  lto-llvm-b2e482.o(.bss)
    cal_data                                 0x240001e8   Data          14  lto-llvm-b2e482.o(.bss)
    htim2                                    0x240001f8   Data          76  lto-llvm-b2e482.o(.bss)
    STACK                                    0x24000248   Section     1024  startup_stm32h743xx.o(STACK)

    Global Symbols

    Symbol Name                              Value     Ov Type        Size  Object(Section)

    BuildAttributes$$THM_ISAv4$E$P$D$K$B$S$7EM$VFPv5_D16$PE$PLD8$A:L22UL41UL21$X:L11$S22US41US21$IEEE1$IW$~IW$USESV6$~STKCKD$USESV7$~SHL$OTIME$ROPI$IEEEX$EBA8$MICROLIB$REQ8$PRES8$EABIv2 0x00000000   Number         0  anon$$obj.o ABSOLUTE
    __use_no_errno                           0x00000000   Number         0  useno.o ABSOLUTE
    __use_no_exception_handling              0x00000000   Number         0  useno.o ABSOLUTE
    __use_no_fp                              0x00000000   Number         0  useno.o ABSOLUTE
    __use_no_heap                            0x00000000   Number         0  useno.o ABSOLUTE
    __use_no_heap_region                     0x00000000   Number         0  useno.o ABSOLUTE
    __use_no_semihosting                     0x00000000   Number         0  useno.o ABSOLUTE
    __use_no_semihosting_swi                 0x00000000   Number         0  useno.o ABSOLUTE
    __use_no_signal_handling                 0x00000000   Number         0  useno.o ABSOLUTE
    _printf_a                                0x00000000   Number         0  printfstubs.o ABSOLUTE
    _printf_c                                0x00000000   Number         0  printfstubs.o ABSOLUTE
    _printf_charcount                        0x00000000   Number         0  printfstubs.o ABSOLUTE
    _printf_d                                0x00000000   Number         0  printfstubs.o ABSOLUTE
    _printf_e                                0x00000000   Number         0  printfstubs.o ABSOLUTE
    _printf_f                                0x00000000   Number         0  printfstubs.o ABSOLUTE
    _printf_flags                            0x00000000   Number         0  printfstubs.o ABSOLUTE
    _printf_fp_dec                           0x00000000   Number         0  printfstubs.o ABSOLUTE
    _printf_fp_hex                           0x00000000   Number         0  printfstubs.o ABSOLUTE
    _printf_g                                0x00000000   Number         0  printfstubs.o ABSOLUTE
    _printf_i                                0x00000000   Number         0  printfstubs.o ABSOLUTE
    _printf_int_dec                          0x00000000   Number         0  printfstubs.o ABSOLUTE
    _printf_l                                0x00000000   Number         0  printfstubs.o ABSOLUTE
    _printf_lc                               0x00000000   Number         0  printfstubs.o ABSOLUTE
    _printf_ll                               0x00000000   Number         0  printfstubs.o ABSOLUTE
    _printf_lld                              0x00000000   Number         0  printfstubs.o ABSOLUTE
    _printf_lli                              0x00000000   Number         0  printfstubs.o ABSOLUTE
    _printf_llo                              0x00000000   Number         0  printfstubs.o ABSOLUTE
    _printf_llu                              0x00000000   Number         0  printfstubs.o ABSOLUTE
    _printf_llx                              0x00000000   Number         0  printfstubs.o ABSOLUTE
    _printf_longlong_dec                     0x00000000   Number         0  printfstubs.o ABSOLUTE
    _printf_longlong_hex                     0x00000000   Number         0  printfstubs.o ABSOLUTE
    _printf_longlong_oct                     0x00000000   Number         0  printfstubs.o ABSOLUTE
    _printf_ls                               0x00000000   Number         0  printfstubs.o ABSOLUTE
    _printf_mbtowc                           0x00000000   Number         0  printfstubs.o ABSOLUTE
    _printf_n                                0x00000000   Number         0  printfstubs.o ABSOLUTE
    _printf_o                                0x00000000   Number         0  printfstubs.o ABSOLUTE
    _printf_p                                0x00000000   Number         0  printfstubs.o ABSOLUTE
    _printf_percent                          0x00000000   Number         0  printfstubs.o ABSOLUTE
    _printf_pre_padding                      0x00000000   Number         0  printfstubs.o ABSOLUTE
    _printf_return_value                     0x00000000   Number         0  printfstubs.o ABSOLUTE
    _printf_s                                0x00000000   Number         0  printfstubs.o ABSOLUTE
    _printf_sizespec                         0x00000000   Number         0  printfstubs.o ABSOLUTE
    _printf_str                              0x00000000   Number         0  printfstubs.o ABSOLUTE
    _printf_truncate_signed                  0x00000000   Number         0  printfstubs.o ABSOLUTE
    _printf_truncate_unsigned                0x00000000   Number         0  printfstubs.o ABSOLUTE
    _printf_u                                0x00000000   Number         0  printfstubs.o ABSOLUTE
    _printf_wc                               0x00000000   Number         0  printfstubs.o ABSOLUTE
    _printf_wctomb                           0x00000000   Number         0  printfstubs.o ABSOLUTE
    _printf_widthprec                        0x00000000   Number         0  printfstubs.o ABSOLUTE
    _printf_x                                0x00000000   Number         0  printfstubs.o ABSOLUTE
    __cpp_initialize__aeabi_                  - Undefined Weak Reference
    __cxa_finalize                            - Undefined Weak Reference
    __decompress                              - Undefined Weak Reference
    _clock_init                               - Undefined Weak Reference
    _microlib_exit                            - Undefined Weak Reference
    __Vectors_Size                           0x00000298   Number         0  startup_stm32h743xx.o ABSOLUTE
    __Vectors                                0x08000000   Data           4  startup_stm32h743xx.o(RESET)
    __Vectors_End                            0x08000298   Data           0  startup_stm32h743xx.o(RESET)
    __main                                   0x08000299   Thumb Code     0  entry.o(.ARM.Collect$$$$00000000)
    _main_stk                                0x08000299   Thumb Code     0  entry2.o(.ARM.Collect$$$$00000001)
    _main_scatterload                        0x0800029d   Thumb Code     0  entry5.o(.ARM.Collect$$$$00000004)
    __main_after_scatterload                 0x080002a1   Thumb Code     0  entry5.o(.ARM.Collect$$$$00000004)
    _main_clock                              0x080002a1   Thumb Code     0  entry7b.o(.ARM.Collect$$$$00000008)
    _main_cpp_init                           0x080002a1   Thumb Code     0  entry8b.o(.ARM.Collect$$$$0000000A)
    _main_init                               0x080002a1   Thumb Code     0  entry9a.o(.ARM.Collect$$$$0000000B)
    __rt_final_cpp                           0x080002a9   Thumb Code     0  entry10a.o(.ARM.Collect$$$$0000000D)
    __rt_final_exit                          0x080002a9   Thumb Code     0  entry11a.o(.ARM.Collect$$$$0000000F)
    Reset_Handler                            0x080002ad   Thumb Code     8  startup_stm32h743xx.o(.text)
    ADC3_IRQHandler                          0x080002c7   Thumb Code     0  startup_stm32h743xx.o(.text)
    ADC_IRQHandler                           0x080002c7   Thumb Code     0  startup_stm32h743xx.o(.text)
    BDMA_Channel0_IRQHandler                 0x080002c7   Thumb Code     0  startup_stm32h743xx.o(.text)
    BDMA_Channel1_IRQHandler                 0x080002c7   Thumb Code     0  startup_stm32h743xx.o(.text)
    BDMA_Channel2_IRQHandler                 0x080002c7   Thumb Code     0  startup_stm32h743xx.o(.text)
    BDMA_Channel3_IRQHandler                 0x080002c7   Thumb Code     0  startup_stm32h743xx.o(.text)
    BDMA_Channel4_IRQHandler                 0x080002c7   Thumb Code     0  startup_stm32h743xx.o(.text)
    BDMA_Channel5_IRQHandler                 0x080002c7   Thumb Code     0  startup_stm32h743xx.o(.text)
    BDMA_Channel6_IRQHandler                 0x080002c7   Thumb Code     0  startup_stm32h743xx.o(.text)
    BDMA_Channel7_IRQHandler                 0x080002c7   Thumb Code     0  startup_stm32h743xx.o(.text)
    CEC_IRQHandler                           0x080002c7   Thumb Code     0  startup_stm32h743xx.o(.text)
    COMP1_IRQHandler                         0x080002c7   Thumb Code     0  startup_stm32h743xx.o(.text)
    CRS_IRQHandler                           0x080002c7   Thumb Code     0  startup_stm32h743xx.o(.text)
    DCMI_IRQHandler                          0x080002c7   Thumb Code     0  startup_stm32h743xx.o(.text)
    DFSDM1_FLT0_IRQHandler                   0x080002c7   Thumb Code     0  startup_stm32h743xx.o(.text)
    DFSDM1_FLT1_IRQHandler                   0x080002c7   Thumb Code     0  startup_stm32h743xx.o(.text)
    DFSDM1_FLT2_IRQHandler                   0x080002c7   Thumb Code     0  startup_stm32h743xx.o(.text)
    DFSDM1_FLT3_IRQHandler                   0x080002c7   Thumb Code     0  startup_stm32h743xx.o(.text)
    DMA1_Stream0_IRQHandler                  0x080002c7   Thumb Code     0  startup_stm32h743xx.o(.text)
    DMA1_Stream1_IRQHandler                  0x080002c7   Thumb Code     0  startup_stm32h743xx.o(.text)
    DMA1_Stream2_IRQHandler                  0x080002c7   Thumb Code     0  startup_stm32h743xx.o(.text)
    DMA1_Stream3_IRQHandler                  0x080002c7   Thumb Code     0  startup_stm32h743xx.o(.text)
    DMA1_Stream4_IRQHandler                  0x080002c7   Thumb Code     0  startup_stm32h743xx.o(.text)
    DMA1_Stream5_IRQHandler                  0x080002c7   Thumb Code     0  startup_stm32h743xx.o(.text)
    DMA1_Stream6_IRQHandler                  0x080002c7   Thumb Code     0  startup_stm32h743xx.o(.text)
    DMA1_Stream7_IRQHandler                  0x080002c7   Thumb Code     0  startup_stm32h743xx.o(.text)
    DMA2D_IRQHandler                         0x080002c7   Thumb Code     0  startup_stm32h743xx.o(.text)
    DMA2_Stream0_IRQHandler                  0x080002c7   Thumb Code     0  startup_stm32h743xx.o(.text)
    DMA2_Stream1_IRQHandler                  0x080002c7   Thumb Code     0  startup_stm32h743xx.o(.text)
    DMA2_Stream2_IRQHandler                  0x080002c7   Thumb Code     0  startup_stm32h743xx.o(.text)
    DMA2_Stream3_IRQHandler                  0x080002c7   Thumb Code     0  startup_stm32h743xx.o(.text)
    DMA2_Stream4_IRQHandler                  0x080002c7   Thumb Code     0  startup_stm32h743xx.o(.text)
    DMA2_Stream5_IRQHandler                  0x080002c7   Thumb Code     0  startup_stm32h743xx.o(.text)
    DMA2_Stream6_IRQHandler                  0x080002c7   Thumb Code     0  startup_stm32h743xx.o(.text)
    DMA2_Stream7_IRQHandler                  0x080002c7   Thumb Code     0  startup_stm32h743xx.o(.text)
    DMAMUX1_OVR_IRQHandler                   0x080002c7   Thumb Code     0  startup_stm32h743xx.o(.text)
    DMAMUX2_OVR_IRQHandler                   0x080002c7   Thumb Code     0  startup_stm32h743xx.o(.text)
    ECC_IRQHandler                           0x080002c7   Thumb Code     0  startup_stm32h743xx.o(.text)
    ETH_IRQHandler                           0x080002c7   Thumb Code     0  startup_stm32h743xx.o(.text)
    ETH_WKUP_IRQHandler                      0x080002c7   Thumb Code     0  startup_stm32h743xx.o(.text)
    EXTI0_IRQHandler                         0x080002c7   Thumb Code     0  startup_stm32h743xx.o(.text)
    EXTI15_10_IRQHandler                     0x080002c7   Thumb Code     0  startup_stm32h743xx.o(.text)
    EXTI1_IRQHandler                         0x080002c7   Thumb Code     0  startup_stm32h743xx.o(.text)
    EXTI2_IRQHandler                         0x080002c7   Thumb Code     0  startup_stm32h743xx.o(.text)
    EXTI3_IRQHandler                         0x080002c7   Thumb Code     0  startup_stm32h743xx.o(.text)
    EXTI4_IRQHandler                         0x080002c7   Thumb Code     0  startup_stm32h743xx.o(.text)
    EXTI9_5_IRQHandler                       0x080002c7   Thumb Code     0  startup_stm32h743xx.o(.text)
    FDCAN1_IT0_IRQHandler                    0x080002c7   Thumb Code     0  startup_stm32h743xx.o(.text)
    FDCAN1_IT1_IRQHandler                    0x080002c7   Thumb Code     0  startup_stm32h743xx.o(.text)
    FDCAN2_IT0_IRQHandler                    0x080002c7   Thumb Code     0  startup_stm32h743xx.o(.text)
    FDCAN2_IT1_IRQHandler                    0x080002c7   Thumb Code     0  startup_stm32h743xx.o(.text)
    FDCAN_CAL_IRQHandler                     0x080002c7   Thumb Code     0  startup_stm32h743xx.o(.text)
    FLASH_IRQHandler                         0x080002c7   Thumb Code     0  startup_stm32h743xx.o(.text)
    FMC_IRQHandler                           0x080002c7   Thumb Code     0  startup_stm32h743xx.o(.text)
    FPU_IRQHandler                           0x080002c7   Thumb Code     0  startup_stm32h743xx.o(.text)
    HRTIM1_FLT_IRQHandler                    0x080002c7   Thumb Code     0  startup_stm32h743xx.o(.text)
    HRTIM1_Master_IRQHandler                 0x080002c7   Thumb Code     0  startup_stm32h743xx.o(.text)
    HRTIM1_TIMA_IRQHandler                   0x080002c7   Thumb Code     0  startup_stm32h743xx.o(.text)
    HRTIM1_TIMB_IRQHandler                   0x080002c7   Thumb Code     0  startup_stm32h743xx.o(.text)
    HRTIM1_TIMC_IRQHandler                   0x080002c7   Thumb Code     0  startup_stm32h743xx.o(.text)
    HRTIM1_TIMD_IRQHandler                   0x080002c7   Thumb Code     0  startup_stm32h743xx.o(.text)
    HRTIM1_TIME_IRQHandler                   0x080002c7   Thumb Code     0  startup_stm32h743xx.o(.text)
    HSEM1_IRQHandler                         0x080002c7   Thumb Code     0  startup_stm32h743xx.o(.text)
    I2C1_ER_IRQHandler                       0x080002c7   Thumb Code     0  startup_stm32h743xx.o(.text)
    I2C1_EV_IRQHandler                       0x080002c7   Thumb Code     0  startup_stm32h743xx.o(.text)
    I2C2_ER_IRQHandler                       0x080002c7   Thumb Code     0  startup_stm32h743xx.o(.text)
    I2C2_EV_IRQHandler                       0x080002c7   Thumb Code     0  startup_stm32h743xx.o(.text)
    I2C3_ER_IRQHandler                       0x080002c7   Thumb Code     0  startup_stm32h743xx.o(.text)
    I2C3_EV_IRQHandler                       0x080002c7   Thumb Code     0  startup_stm32h743xx.o(.text)
    I2C4_ER_IRQHandler                       0x080002c7   Thumb Code     0  startup_stm32h743xx.o(.text)
    I2C4_EV_IRQHandler                       0x080002c7   Thumb Code     0  startup_stm32h743xx.o(.text)
    JPEG_IRQHandler                          0x080002c7   Thumb Code     0  startup_stm32h743xx.o(.text)
    LPTIM1_IRQHandler                        0x080002c7   Thumb Code     0  startup_stm32h743xx.o(.text)
    LPTIM2_IRQHandler                        0x080002c7   Thumb Code     0  startup_stm32h743xx.o(.text)
    LPTIM3_IRQHandler                        0x080002c7   Thumb Code     0  startup_stm32h743xx.o(.text)
    LPTIM4_IRQHandler                        0x080002c7   Thumb Code     0  startup_stm32h743xx.o(.text)
    LPTIM5_IRQHandler                        0x080002c7   Thumb Code     0  startup_stm32h743xx.o(.text)
    LPUART1_IRQHandler                       0x080002c7   Thumb Code     0  startup_stm32h743xx.o(.text)
    LTDC_ER_IRQHandler                       0x080002c7   Thumb Code     0  startup_stm32h743xx.o(.text)
    LTDC_IRQHandler                          0x080002c7   Thumb Code     0  startup_stm32h743xx.o(.text)
    MDIOS_IRQHandler                         0x080002c7   Thumb Code     0  startup_stm32h743xx.o(.text)
    MDIOS_WKUP_IRQHandler                    0x080002c7   Thumb Code     0  startup_stm32h743xx.o(.text)
    MDMA_IRQHandler                          0x080002c7   Thumb Code     0  startup_stm32h743xx.o(.text)
    OTG_FS_EP1_IN_IRQHandler                 0x080002c7   Thumb Code     0  startup_stm32h743xx.o(.text)
    OTG_FS_EP1_OUT_IRQHandler                0x080002c7   Thumb Code     0  startup_stm32h743xx.o(.text)
    OTG_FS_IRQHandler                        0x080002c7   Thumb Code     0  startup_stm32h743xx.o(.text)
    OTG_FS_WKUP_IRQHandler                   0x080002c7   Thumb Code     0  startup_stm32h743xx.o(.text)
    OTG_HS_EP1_IN_IRQHandler                 0x080002c7   Thumb Code     0  startup_stm32h743xx.o(.text)
    OTG_HS_EP1_OUT_IRQHandler                0x080002c7   Thumb Code     0  startup_stm32h743xx.o(.text)
    OTG_HS_IRQHandler                        0x080002c7   Thumb Code     0  startup_stm32h743xx.o(.text)
    OTG_HS_WKUP_IRQHandler                   0x080002c7   Thumb Code     0  startup_stm32h743xx.o(.text)
    PVD_AVD_IRQHandler                       0x080002c7   Thumb Code     0  startup_stm32h743xx.o(.text)
    QUADSPI_IRQHandler                       0x080002c7   Thumb Code     0  startup_stm32h743xx.o(.text)
    RCC_IRQHandler                           0x080002c7   Thumb Code     0  startup_stm32h743xx.o(.text)
    RNG_IRQHandler                           0x080002c7   Thumb Code     0  startup_stm32h743xx.o(.text)
    RTC_Alarm_IRQHandler                     0x080002c7   Thumb Code     0  startup_stm32h743xx.o(.text)
    RTC_WKUP_IRQHandler                      0x080002c7   Thumb Code     0  startup_stm32h743xx.o(.text)
    SAI1_IRQHandler                          0x080002c7   Thumb Code     0  startup_stm32h743xx.o(.text)
    SAI2_IRQHandler                          0x080002c7   Thumb Code     0  startup_stm32h743xx.o(.text)
    SAI3_IRQHandler                          0x080002c7   Thumb Code     0  startup_stm32h743xx.o(.text)
    SAI4_IRQHandler                          0x080002c7   Thumb Code     0  startup_stm32h743xx.o(.text)
    SDMMC1_IRQHandler                        0x080002c7   Thumb Code     0  startup_stm32h743xx.o(.text)
    SDMMC2_IRQHandler                        0x080002c7   Thumb Code     0  startup_stm32h743xx.o(.text)
    SPDIF_RX_IRQHandler                      0x080002c7   Thumb Code     0  startup_stm32h743xx.o(.text)
    SPI1_IRQHandler                          0x080002c7   Thumb Code     0  startup_stm32h743xx.o(.text)
    SPI2_IRQHandler                          0x080002c7   Thumb Code     0  startup_stm32h743xx.o(.text)
    SPI3_IRQHandler                          0x080002c7   Thumb Code     0  startup_stm32h743xx.o(.text)
    SPI4_IRQHandler                          0x080002c7   Thumb Code     0  startup_stm32h743xx.o(.text)
    SPI5_IRQHandler                          0x080002c7   Thumb Code     0  startup_stm32h743xx.o(.text)
    SPI6_IRQHandler                          0x080002c7   Thumb Code     0  startup_stm32h743xx.o(.text)
    SWPMI1_IRQHandler                        0x080002c7   Thumb Code     0  startup_stm32h743xx.o(.text)
    TAMP_STAMP_IRQHandler                    0x080002c7   Thumb Code     0  startup_stm32h743xx.o(.text)
    TIM15_IRQHandler                         0x080002c7   Thumb Code     0  startup_stm32h743xx.o(.text)
    TIM16_IRQHandler                         0x080002c7   Thumb Code     0  startup_stm32h743xx.o(.text)
    TIM17_IRQHandler                         0x080002c7   Thumb Code     0  startup_stm32h743xx.o(.text)
    TIM1_BRK_IRQHandler                      0x080002c7   Thumb Code     0  startup_stm32h743xx.o(.text)
    TIM1_CC_IRQHandler                       0x080002c7   Thumb Code     0  startup_stm32h743xx.o(.text)
    TIM1_TRG_COM_IRQHandler                  0x080002c7   Thumb Code     0  startup_stm32h743xx.o(.text)
    TIM1_UP_IRQHandler                       0x080002c7   Thumb Code     0  startup_stm32h743xx.o(.text)
    TIM3_IRQHandler                          0x080002c7   Thumb Code     0  startup_stm32h743xx.o(.text)
    TIM4_IRQHandler                          0x080002c7   Thumb Code     0  startup_stm32h743xx.o(.text)
    TIM5_IRQHandler                          0x080002c7   Thumb Code     0  startup_stm32h743xx.o(.text)
    TIM6_DAC_IRQHandler                      0x080002c7   Thumb Code     0  startup_stm32h743xx.o(.text)
    TIM7_IRQHandler                          0x080002c7   Thumb Code     0  startup_stm32h743xx.o(.text)
    TIM8_BRK_TIM12_IRQHandler                0x080002c7   Thumb Code     0  startup_stm32h743xx.o(.text)
    TIM8_CC_IRQHandler                       0x080002c7   Thumb Code     0  startup_stm32h743xx.o(.text)
    TIM8_TRG_COM_TIM14_IRQHandler            0x080002c7   Thumb Code     0  startup_stm32h743xx.o(.text)
    TIM8_UP_TIM13_IRQHandler                 0x080002c7   Thumb Code     0  startup_stm32h743xx.o(.text)
    UART4_IRQHandler                         0x080002c7   Thumb Code     0  startup_stm32h743xx.o(.text)
    UART5_IRQHandler                         0x080002c7   Thumb Code     0  startup_stm32h743xx.o(.text)
    UART7_IRQHandler                         0x080002c7   Thumb Code     0  startup_stm32h743xx.o(.text)
    UART8_IRQHandler                         0x080002c7   Thumb Code     0  startup_stm32h743xx.o(.text)
    USART1_IRQHandler                        0x080002c7   Thumb Code     0  startup_stm32h743xx.o(.text)
    USART2_IRQHandler                        0x080002c7   Thumb Code     0  startup_stm32h743xx.o(.text)
    USART3_IRQHandler                        0x080002c7   Thumb Code     0  startup_stm32h743xx.o(.text)
    USART6_IRQHandler                        0x080002c7   Thumb Code     0  startup_stm32h743xx.o(.text)
    WAKEUP_PIN_IRQHandler                    0x080002c7   Thumb Code     0  startup_stm32h743xx.o(.text)
    WWDG_IRQHandler                          0x080002c7   Thumb Code     0  startup_stm32h743xx.o(.text)
    strlen                                   0x080002d1   Thumb Code    14  strlen.o(.text)
    __aeabi_uidiv                            0x080002df   Thumb Code     0  uidiv.o(.text)
    __aeabi_uidivmod                         0x080002df   Thumb Code    44  uidiv.o(.text)
    __aeabi_uldivmod                         0x0800030b   Thumb Code    98  uldiv.o(.text)
    __I$use$fp                               0x0800036d   Thumb Code     0  iusefp.o(.text)
    __aeabi_dadd                             0x0800036d   Thumb Code   322  dadd.o(.text)
    __aeabi_dsub                             0x080004af   Thumb Code     6  dadd.o(.text)
    __aeabi_drsub                            0x080004b5   Thumb Code     6  dadd.o(.text)
    __aeabi_dmul                             0x080004bb   Thumb Code   228  dmul.o(.text)
    __aeabi_ddiv                             0x0800059f   Thumb Code   222  ddiv.o(.text)
    __aeabi_d2ulz                            0x0800067d   Thumb Code    48  dfixul.o(.text)
    __aeabi_cdrcmple                         0x080006ad   Thumb Code    48  cdrcmple.o(.text)
    __scatterload                            0x080006dd   Thumb Code    28  init.o(.text)
    __scatterload_rt2                        0x080006dd   Thumb Code     0  init.o(.text)
    __aeabi_llsl                             0x08000701   Thumb Code    30  llshl.o(.text)
    _ll_shift_l                              0x08000701   Thumb Code     0  llshl.o(.text)
    __aeabi_llsr                             0x0800071f   Thumb Code    32  llushr.o(.text)
    _ll_ushift_r                             0x0800071f   Thumb Code     0  llushr.o(.text)
    __aeabi_lasr                             0x0800073f   Thumb Code    36  llsshr.o(.text)
    _ll_sshift_r                             0x0800073f   Thumb Code     0  llsshr.o(.text)
    _double_round                            0x08000763   Thumb Code    30  depilogue.o(.text)
    _double_epilogue                         0x08000781   Thumb Code   156  depilogue.o(.text)
    __aeabi_memset                           0x0800081d   Thumb Code    14  memseta.o(.text)
    __aeabi_memset4                          0x0800081d   Thumb Code     0  memseta.o(.text)
    __aeabi_memset8                          0x0800081d   Thumb Code     0  memseta.o(.text)
    __aeabi_memclr                           0x0800082b   Thumb Code     4  memseta.o(.text)
    __aeabi_memclr4                          0x0800082b   Thumb Code     0  memseta.o(.text)
    __aeabi_memclr8                          0x0800082b   Thumb Code     0  memseta.o(.text)
    _memset$wrapper                          0x0800082f   Thumb Code    18  memseta.o(.text)
    BusFault_Handler                         0x08000841   Thumb Code     2  lto-llvm-b2e482.o(.text.BusFault_Handler)
    DebugMon_Handler                         0x08000843   Thumb Code     2  lto-llvm-b2e482.o(.text.DebugMon_Handler)
    HardFault_Handler                        0x080016f1   Thumb Code     2  lto-llvm-b2e482.o(.text.HardFault_Handler)
    MemManage_Handler                        0x08001a7d   Thumb Code     2  lto-llvm-b2e482.o(.text.MemManage_Handler)
    NMI_Handler                              0x08001a7f   Thumb Code     2  lto-llvm-b2e482.o(.text.NMI_Handler)
    PendSV_Handler                           0x08001c7d   Thumb Code     2  lto-llvm-b2e482.o(.text.PendSV_Handler)
    SVC_Handler                              0x08001e29   Thumb Code     2  lto-llvm-b2e482.o(.text.SVC_Handler)
    SysTick_Handler                          0x08001e2d   Thumb Code    12  lto-llvm-b2e482.o(.text.SysTick_Handler)
    SystemInit                               0x08001e39   Thumb Code   136  lto-llvm-b2e482.o(.text.SystemInit)
    TIM2_IRQHandler                          0x08001ee9   Thumb Code   172  lto-llvm-b2e482.o(.text.TIM2_IRQHandler)
    UsageFault_Handler                       0x08002099   Thumb Code     2  lto-llvm-b2e482.o(.text.UsageFault_Handler)
    main                                     0x0800209d   Thumb Code  4504  lto-llvm-b2e482.o(.text.main)
    __0sprintf                               0x08003355   Thumb Code    34  printfa.o(i.__0sprintf)
    __1sprintf                               0x08003355   Thumb Code     0  printfa.o(i.__0sprintf)
    __2sprintf                               0x08003355   Thumb Code     0  printfa.o(i.__0sprintf)
    __c89sprintf                             0x08003355   Thumb Code     0  printfa.o(i.__0sprintf)
    sprintf                                  0x08003355   Thumb Code     0  printfa.o(i.__0sprintf)
    __hardfp_sqrt                            0x0800337d   Thumb Code   102  sqrt.o(i.__hardfp_sqrt)
    __scatterload_copy                       0x080033e3   Thumb Code    14  handlers.o(i.__scatterload_copy)
    __scatterload_null                       0x080033f1   Thumb Code     2  handlers.o(i.__scatterload_null)
    __scatterload_zeroinit                   0x080033f3   Thumb Code    14  handlers.o(i.__scatterload_zeroinit)
    __set_errno                              0x08003401   Thumb Code     6  errno.o(i.__set_errno)
    Region$$Table$$Base                      0x08003f48   Number         0  anon$$obj.o(Region$$Table)
    Region$$Table$$Limit                     0x08003f68   Number         0  anon$$obj.o(Region$$Table)
    __stdout                                 0x24000188   Data          84  lto-llvm-b2e482.o(.bss)
    __initial_sp                             0x24000648   Data           0  startup_stm32h743xx.o(STACK)



==============================================================================

Memory Map of the image

  Image Entry point : 0x08000299

  Load Region LR_IROM1 (Base: 0x08000000, Size: 0x00003f70, Max: 0x00200000, ABSOLUTE)

    Execution Region ER_IROM1 (Exec base: 0x08000000, Load base: 0x08000000, Size: 0x00003f68, Max: 0x00200000, ABSOLUTE)

    Exec Addr    Load Addr    Size         Type   Attr      Idx    E Section Name        Object

    0x08000000   0x08000000   0x00000298   Data   RO            3    RESET               startup_stm32h743xx.o
    0x08000298   0x08000298   0x00000000   Code   RO          124  * .ARM.Collect$$$$00000000  mc_w.l(entry.o)
    0x08000298   0x08000298   0x00000004   Code   RO          425    .ARM.Collect$$$$00000001  mc_w.l(entry2.o)
    0x0800029c   0x0800029c   0x00000004   Code   RO          428    .ARM.Collect$$$$00000004  mc_w.l(entry5.o)
    0x080002a0   0x080002a0   0x00000000   Code   RO          430    .ARM.Collect$$$$00000008  mc_w.l(entry7b.o)
    0x080002a0   0x080002a0   0x00000000   Code   RO          432    .ARM.Collect$$$$0000000A  mc_w.l(entry8b.o)
    0x080002a0   0x080002a0   0x00000008   Code   RO          433    .ARM.Collect$$$$0000000B  mc_w.l(entry9a.o)
    0x080002a8   0x080002a8   0x00000000   Code   RO          435    .ARM.Collect$$$$0000000D  mc_w.l(entry10a.o)
    0x080002a8   0x080002a8   0x00000000   Code   RO          437    .ARM.Collect$$$$0000000F  mc_w.l(entry11a.o)
    0x080002a8   0x080002a8   0x00000004   Code   RO          426    .ARM.Collect$$$$00002712  mc_w.l(entry2.o)
    0x080002ac   0x080002ac   0x00000024   Code   RO            4    .text               startup_stm32h743xx.o
    0x080002d0   0x080002d0   0x0000000e   Code   RO          127    .text               mc_w.l(strlen.o)
    0x080002de   0x080002de   0x0000002c   Code   RO          448    .text               mc_w.l(uidiv.o)
    0x0800030a   0x0800030a   0x00000062   Code   RO          450    .text               mc_w.l(uldiv.o)
    0x0800036c   0x0800036c   0x00000000   Code   RO          459    .text               mc_w.l(iusefp.o)
    0x0800036c   0x0800036c   0x0000014e   Code   RO          460    .text               mf_w.l(dadd.o)
    0x080004ba   0x080004ba   0x000000e4   Code   RO          462    .text               mf_w.l(dmul.o)
    0x0800059e   0x0800059e   0x000000de   Code   RO          464    .text               mf_w.l(ddiv.o)
    0x0800067c   0x0800067c   0x00000030   Code   RO          466    .text               mf_w.l(dfixul.o)
    0x080006ac   0x080006ac   0x00000030   Code   RO          468    .text               mf_w.l(cdrcmple.o)
    0x080006dc   0x080006dc   0x00000024   Code   RO          472    .text               mc_w.l(init.o)
    0x08000700   0x08000700   0x0000001e   Code   RO          474    .text               mc_w.l(llshl.o)
    0x0800071e   0x0800071e   0x00000020   Code   RO          476    .text               mc_w.l(llushr.o)
    0x0800073e   0x0800073e   0x00000024   Code   RO          478    .text               mc_w.l(llsshr.o)
    0x08000762   0x08000762   0x000000ba   Code   RO          480    .text               mf_w.l(depilogue.o)
    0x0800081c   0x0800081c   0x00000024   Code   RO          641    .text               mc_w.l(memseta.o)
    0x08000840   0x08000840   0x00000002   Code   RO          497    .text.BusFault_Handler  lto-llvm-b2e482.o
    0x08000842   0x08000842   0x00000002   Code   RO          503    .text.DebugMon_Handler  lto-llvm-b2e482.o
    0x08000844   0x08000844   0x00000008   Code   RO          489    .text.Error_Handler  lto-llvm-b2e482.o
    0x0800084c   0x0800084c   0x00000010   Code   RO          535    .text.HAL_Delay     lto-llvm-b2e482.o
    0x0800085c   0x0800085c   0x00000190   Code   RO          531    .text.HAL_GPIO_Init  lto-llvm-b2e482.o
    0x080009ec   0x080009ec   0x00000170   Code   RO          547    .text.HAL_I2C_Mem_Read  lto-llvm-b2e482.o
    0x08000b5c   0x08000b5c   0x00000058   Code   RO          533    .text.HAL_InitTick  lto-llvm-b2e482.o
    0x08000bb4   0x08000bb4   0x0000004c   Code   RO          511    .text.HAL_NVIC_SetPriority  lto-llvm-b2e482.o
    0x08000c00   0x08000c00   0x0000008c   Code   RO          527    .text.HAL_RCCEx_GetPLL2ClockFreq  lto-llvm-b2e482.o
    0x08000c8c   0x08000c8c   0x0000008c   Code   RO          529    .text.HAL_RCCEx_GetPLL3ClockFreq  lto-llvm-b2e482.o
    0x08000d18   0x08000d18   0x000007cc   Code   RO          521    .text.HAL_RCCEx_PeriphCLKConfig  lto-llvm-b2e482.o
    0x080014e4   0x080014e4   0x00000034   Code   RO          515    .text.HAL_RCC_GetHCLKFreq  lto-llvm-b2e482.o
    0x08001518   0x08001518   0x00000014   Code   RO          517    .text.HAL_RCC_GetPCLK1Freq  lto-llvm-b2e482.o
    0x0800152c   0x0800152c   0x0000001c   Code   RO          519    .text.HAL_RCC_GetPCLK2Freq  lto-llvm-b2e482.o
    0x08001548   0x08001548   0x000000f4   Code   RO          513    .text.HAL_RCC_GetSysClockFreq  lto-llvm-b2e482.o
    0x0800163c   0x0800163c   0x000000b4   Code   RO          551    .text.HAL_UART_Transmit  lto-llvm-b2e482.o
    0x080016f0   0x080016f0   0x00000002   Code   RO          493    .text.HardFault_Handler  lto-llvm-b2e482.o
    0x080016f2   0x080016f2   0x00000002   PAD
    0x080016f4   0x080016f4   0x000000ec   Code   RO          545    .text.I2C_IsErrorOccurred  lto-llvm-b2e482.o
    0x080017e0   0x080017e0   0x00000024   Code   RO          539    .text.I2C_TransferConfig  lto-llvm-b2e482.o
    0x08001804   0x08001804   0x0000005c   Code   RO          537    .text.I2C_WaitOnFlagUntilTimeout  lto-llvm-b2e482.o
    0x08001860   0x08001860   0x00000038   Code   RO          543    .text.I2C_WaitOnSTOPFlagUntilTimeout  lto-llvm-b2e482.o
    0x08001898   0x08001898   0x0000003c   Code   RO          541    .text.I2C_WaitOnTXISFlagUntilTimeout  lto-llvm-b2e482.o
    0x080018d4   0x080018d4   0x0000005c   Code   RO          485    .text.MPU6050_GetData  lto-llvm-b2e482.o
    0x08001930   0x08001930   0x0000014c   Code   RO          483    .text.MPU6050_WriteReg  lto-llvm-b2e482.o
    0x08001a7c   0x08001a7c   0x00000002   Code   RO          495    .text.MemManage_Handler  lto-llvm-b2e482.o
    0x08001a7e   0x08001a7e   0x00000002   Code   RO          491    .text.NMI_Handler   lto-llvm-b2e482.o
    0x08001a80   0x08001a80   0x0000000a   Code   RO          559    .text.OUTLINED_FUNCTION_0  lto-llvm-b2e482.o
    0x08001a8a   0x08001a8a   0x0000000a   Code   RO          561    .text.OUTLINED_FUNCTION_1  lto-llvm-b2e482.o
    0x08001a94   0x08001a94   0x0000001a   Code   RO          579    .text.OUTLINED_FUNCTION_10  lto-llvm-b2e482.o
    0x08001aae   0x08001aae   0x0000001a   Code   RO          581    .text.OUTLINED_FUNCTION_11  lto-llvm-b2e482.o
    0x08001ac8   0x08001ac8   0x0000000a   Code   RO          583    .text.OUTLINED_FUNCTION_12  lto-llvm-b2e482.o
    0x08001ad2   0x08001ad2   0x0000000a   Code   RO          585    .text.OUTLINED_FUNCTION_13  lto-llvm-b2e482.o
    0x08001adc   0x08001adc   0x00000016   Code   RO          587    .text.OUTLINED_FUNCTION_14  lto-llvm-b2e482.o
    0x08001af2   0x08001af2   0x00000014   Code   RO          589    .text.OUTLINED_FUNCTION_15  lto-llvm-b2e482.o
    0x08001b06   0x08001b06   0x00000014   Code   RO          591    .text.OUTLINED_FUNCTION_16  lto-llvm-b2e482.o
    0x08001b1a   0x08001b1a   0x0000000a   Code   RO          593    .text.OUTLINED_FUNCTION_17  lto-llvm-b2e482.o
    0x08001b24   0x08001b24   0x00000010   Code   RO          595    .text.OUTLINED_FUNCTION_18  lto-llvm-b2e482.o
    0x08001b34   0x08001b34   0x00000014   Code   RO          597    .text.OUTLINED_FUNCTION_19  lto-llvm-b2e482.o
    0x08001b48   0x08001b48   0x00000010   Code   RO          563    .text.OUTLINED_FUNCTION_2  lto-llvm-b2e482.o
    0x08001b58   0x08001b58   0x0000000a   Code   RO          599    .text.OUTLINED_FUNCTION_20  lto-llvm-b2e482.o
    0x08001b62   0x08001b62   0x0000000a   Code   RO          601    .text.OUTLINED_FUNCTION_21  lto-llvm-b2e482.o
    0x08001b6c   0x08001b6c   0x00000006   Code   RO          603    .text.OUTLINED_FUNCTION_22  lto-llvm-b2e482.o
    0x08001b72   0x08001b72   0x00000012   Code   RO          605    .text.OUTLINED_FUNCTION_23  lto-llvm-b2e482.o
    0x08001b84   0x08001b84   0x0000000c   Code   RO          607    .text.OUTLINED_FUNCTION_24  lto-llvm-b2e482.o
    0x08001b90   0x08001b90   0x00000008   Code   RO          609    .text.OUTLINED_FUNCTION_25  lto-llvm-b2e482.o
    0x08001b98   0x08001b98   0x00000010   Code   RO          611    .text.OUTLINED_FUNCTION_26  lto-llvm-b2e482.o
    0x08001ba8   0x08001ba8   0x00000008   Code   RO          613    .text.OUTLINED_FUNCTION_27  lto-llvm-b2e482.o
    0x08001bb0   0x08001bb0   0x00000008   Code   RO          615    .text.OUTLINED_FUNCTION_28  lto-llvm-b2e482.o
    0x08001bb8   0x08001bb8   0x0000000a   Code   RO          617    .text.OUTLINED_FUNCTION_29  lto-llvm-b2e482.o
    0x08001bc2   0x08001bc2   0x0000002e   Code   RO          565    .text.OUTLINED_FUNCTION_3  lto-llvm-b2e482.o
    0x08001bf0   0x08001bf0   0x0000000a   Code   RO          619    .text.OUTLINED_FUNCTION_30  lto-llvm-b2e482.o
    0x08001bfa   0x08001bfa   0x0000000a   Code   RO          621    .text.OUTLINED_FUNCTION_31  lto-llvm-b2e482.o
    0x08001c04   0x08001c04   0x0000000a   Code   RO          623    .text.OUTLINED_FUNCTION_32  lto-llvm-b2e482.o
    0x08001c0e   0x08001c0e   0x0000000a   Code   RO          625    .text.OUTLINED_FUNCTION_33  lto-llvm-b2e482.o
    0x08001c18   0x08001c18   0x0000000a   Code   RO          567    .text.OUTLINED_FUNCTION_4  lto-llvm-b2e482.o
    0x08001c22   0x08001c22   0x0000000a   Code   RO          569    .text.OUTLINED_FUNCTION_5  lto-llvm-b2e482.o
    0x08001c2c   0x08001c2c   0x0000000a   Code   RO          571    .text.OUTLINED_FUNCTION_6  lto-llvm-b2e482.o
    0x08001c36   0x08001c36   0x0000000a   Code   RO          573    .text.OUTLINED_FUNCTION_7  lto-llvm-b2e482.o
    0x08001c40   0x08001c40   0x0000001e   Code   RO          575    .text.OUTLINED_FUNCTION_8  lto-llvm-b2e482.o
    0x08001c5e   0x08001c5e   0x0000001e   Code   RO          577    .text.OUTLINED_FUNCTION_9  lto-llvm-b2e482.o
    0x08001c7c   0x08001c7c   0x00000002   Code   RO          505    .text.PendSV_Handler  lto-llvm-b2e482.o
    0x08001c7e   0x08001c7e   0x00000002   PAD
    0x08001c80   0x08001c80   0x000000d4   Code   RO          523    .text.RCCEx_PLL2_Config  lto-llvm-b2e482.o
    0x08001d54   0x08001d54   0x000000d4   Code   RO          525    .text.RCCEx_PLL3_Config  lto-llvm-b2e482.o
    0x08001e28   0x08001e28   0x00000002   Code   RO          501    .text.SVC_Handler   lto-llvm-b2e482.o
    0x08001e2a   0x08001e2a   0x00000002   PAD
    0x08001e2c   0x08001e2c   0x0000000c   Code   RO          507    .text.SysTick_Handler  lto-llvm-b2e482.o
    0x08001e38   0x08001e38   0x000000b0   Code   RO          555    .text.SystemInit    lto-llvm-b2e482.o
    0x08001ee8   0x08001ee8   0x000000b0   Code   RO          509    .text.TIM2_IRQHandler  lto-llvm-b2e482.o
    0x08001f98   0x08001f98   0x00000048   Code   RO          553    .text.UARTEx_SetNbDataToProcess  lto-llvm-b2e482.o
    0x08001fe0   0x08001fe0   0x000000b8   Code   RO          549    .text.UART_WaitOnFlagUntilTimeout  lto-llvm-b2e482.o
    0x08002098   0x08002098   0x00000002   Code   RO          499    .text.UsageFault_Handler  lto-llvm-b2e482.o
    0x0800209a   0x0800209a   0x00000002   PAD
    0x0800209c   0x0800209c   0x000012b8   Code   RO          487    .text.main          lto-llvm-b2e482.o
    0x08003354   0x08003354   0x00000028   Code   RO          364    i.__0sprintf        mc_w.l(printfa.o)
    0x0800337c   0x0800337c   0x00000066   Code   RO          106    i.__hardfp_sqrt     m_wv.l(sqrt.o)
    0x080033e2   0x080033e2   0x0000000e   Code   RO          645    i.__scatterload_copy  mc_w.l(handlers.o)
    0x080033f0   0x080033f0   0x00000002   Code   RO          646    i.__scatterload_null  mc_w.l(handlers.o)
    0x080033f2   0x080033f2   0x0000000e   Code   RO          647    i.__scatterload_zeroinit  mc_w.l(handlers.o)
    0x08003400   0x08003400   0x0000000c   Code   RO          454    i.__set_errno       mc_w.l(errno.o)
    0x0800340c   0x0800340c   0x00000184   Code   RO          369    i._fp_digits        mc_w.l(printfa.o)
    0x08003590   0x08003590   0x000006dc   Code   RO          370    i._printf_core      mc_w.l(printfa.o)
    0x08003c6c   0x08003c6c   0x00000024   Code   RO          371    i._printf_post_padding  mc_w.l(printfa.o)
    0x08003c90   0x08003c90   0x0000002e   Code   RO          372    i._printf_pre_padding  mc_w.l(printfa.o)
    0x08003cbe   0x08003cbe   0x0000000a   Code   RO          374    i._sputc            mc_w.l(printfa.o)
    0x08003cc8   0x08003cc8   0x00000024   Data   RO          630    .rodata             lto-llvm-b2e482.o
    0x08003cec   0x08003cec   0x00000010   Data   RO          633    .rodata.cst16       lto-llvm-b2e482.o
    0x08003cfc   0x08003cfc   0x00000010   Data   RO          631    .rodata.cst8        lto-llvm-b2e482.o
    0x08003d0c   0x08003d0c   0x0000023c   Data   RO          627    .rodata.str1.1      lto-llvm-b2e482.o
    0x08003f48   0x08003f48   0x00000020   Data   RO          644    Region$$Table       anon$$obj.o


    Execution Region RW_IRAM1 (Exec base: 0x20000000, Load base: 0x08003f68, Size: 0x00000000, Max: 0x00020000, ABSOLUTE)

    **** No section assigned to this execution region ****


    Execution Region RW_IRAM2 (Exec base: 0x24000000, Load base: 0x08003f68, Size: 0x00000648, Max: 0x00080000, ABSOLUTE)

    Exec Addr    Load Addr    Size         Type   Attr      Idx    E Section Name        Object

    0x24000000   0x08003f68   0x00000004   Data   RW          455    .data               mc_w.l(errno.o)
    0x24000004   0x08003f6c   0x00000004   Data   RW          632    .data               lto-llvm-b2e482.o
    0x24000008        -       0x0000023c   Zero   RW          628    .bss                lto-llvm-b2e482.o
    0x24000244   0x08003f70   0x00000004   PAD
    0x24000248        -       0x00000400   Zero   RW            1    STACK               startup_stm32h743xx.o


==============================================================================

Image component sizes


      Code (inc. data)   RO Data    RW Data    ZI Data      Debug   Object Name

     11020        854        640          4        572     119700   lto-llvm-b2e482.o
        36          8        664          0       1024        828   startup_stm32h743xx.o

    ----------------------------------------------------------------------
     11064        862       1336          4       1600     120528   Object Totals
         0          0         32          0          0          0   (incl. Generated)
         8          0          0          0          4          0   (incl. Padding)

    ----------------------------------------------------------------------

      Code (inc. data)   RO Data    RW Data    ZI Data      Debug   Library Member Name

       102          0          0          0          0        140   sqrt.o
         0          0          0          0          0          0   entry.o
         0          0          0          0          0          0   entry10a.o
         0          0          0          0          0          0   entry11a.o
         8          4          0          0          0          0   entry2.o
         4          0          0          0          0          0   entry5.o
         0          0          0          0          0          0   entry7b.o
         0          0          0          0          0          0   entry8b.o
         8          4          0          0          0          0   entry9a.o
        12          6          0          4          0         68   errno.o
        30          0          0          0          0          0   handlers.o
        36          8          0          0          0         68   init.o
         0          0          0          0          0          0   iusefp.o
        30          0          0          0          0         68   llshl.o
        36          0          0          0          0         68   llsshr.o
        32          0          0          0          0         68   llushr.o
        36          0          0          0          0        108   memseta.o
      2276         86          0          0          0        520   printfa.o
        14          0          0          0          0         68   strlen.o
        44          0          0          0          0         80   uidiv.o
        98          0          0          0          0         92   uldiv.o
        48          0          0          0          0         68   cdrcmple.o
       334          0          0          0          0        148   dadd.o
       222          0          0          0          0        100   ddiv.o
       186          0          0          0          0        176   depilogue.o
        48          0          0          0          0         68   dfixul.o
       228          0          0          0          0         96   dmul.o

    ----------------------------------------------------------------------
      3832        108          0          4          0       2004   Library Totals
         0          0          0          0          0          0   (incl. Padding)

    ----------------------------------------------------------------------

      Code (inc. data)   RO Data    RW Data    ZI Data      Debug   Library Name

       102          0          0          0          0        140   m_wv.l
      2664        108          0          4          0       1208   mc_w.l
      1066          0          0          0          0        656   mf_w.l

    ----------------------------------------------------------------------
      3832        108          0          4          0       2004   Library Totals

    ----------------------------------------------------------------------

==============================================================================


      Code (inc. data)   RO Data    RW Data    ZI Data      Debug   

     14896        970       1336          8       1600     121852   Grand Totals
     14896        970       1336          8       1600     121852   ELF Image Totals
     14896        970       1336          8          0          0   ROM Totals

==============================================================================

    Total RO  Size (Code + RO Data)                16232 (  15.85kB)
    Total RW  Size (RW Data + ZI Data)              1608 (   1.57kB)
    Total ROM Size (Code + RO Data + RW Data)      16240 (  15.86kB)

==============================================================================

